 fontmanager

 Timestamp is 4ecc62d5 (Tue Nov 22 22:04:53 2011)

 Preferred load address is 10000000

 Start         Length     Name                   Class
 0001:00000000 0004ffb4H .text                   CODE
 0002:00000000 0000014cH .idata$5                DATA
 0002:00000150 00027cb8H .rdata                  DATA
 0002:00027e08 00000064H .rdata$debug            DATA
 0002:00027e70 00000004H .rdata$sxdata           DATA
 0002:00027e74 00000004H .rtc$IAA                DATA
 0002:00027e78 00000004H .rtc$IZZ                DATA
 0002:00027e7c 00000004H .rtc$TAA                DATA
 0002:00027e80 00000004H .rtc$TZZ                DATA
 0002:00027e84 0000008cH .idata$2                DATA
 0002:00027f10 00000014H .idata$3                DATA
 0002:00027f24 0000014cH .idata$4                DATA
 0002:00028070 00000532H .idata$6                DATA
 0002:000285b0 00000a98H .edata                  DATA
 0003:00000000 00000004H .CRT$XCA                DATA
 0003:00000004 00000004H .CRT$XCZ                DATA
 0003:00000008 00000004H .CRT$XIA                DATA
 0003:0000000c 00000004H .CRT$XIZ                DATA
 0003:00000010 00001204H .data                   DATA
 0003:00001220 000005acH .bss                    DATA
 0004:00000000 00000058H .rsrc$01                DATA
 0004:00000060 00000328H .rsrc$02                DATA

  Address         Publics by Value              Rva+Base     Lib:Object

 0000:00000000       __except_list              00000000     <absolute>
 0000:00000001       ___safe_se_handler_count   00000001     <absolute>
 0000:00009876       __ldused                   00009876     <absolute>
 0000:00009876       __fltused                  00009876     <absolute>
 0001:00000060       _Java_java_text_Bidi_nativeGetDirectionCode@12 10001060 f   jbidi.obj
 0001:00000070       _Java_java_text_Bidi_nativeBidiChars@36 10001070 f   jbidi.obj
 0001:00000320       _ubidi_getMemory           10001320 f   ubidi.obj
 0001:000003a0       _ubidi_close               100013a0 f   ubidi.obj
 0001:00000a40       _ubidi_getDirection        10001a40 f   ubidi.obj
 0001:00000a50       _ubidi_getParaLevel        10001a50 f   ubidi.obj
 0001:00000a60       _ubidi_openSized           10001a60 f   ubidi.obj
 0001:00000fd0       _ubidi_setPara             10001fd0 f   ubidi.obj
 0001:00001280       _ubidi_getLogicalRun       10002280 f   ubidiln.obj
 0001:00001400       _ubidi_getRuns             10002400 f   ubidiln.obj
 0001:00001610       _ubidi_countRuns           10002610 f   ubidiln.obj
 0001:000016d0       _u_getDirection            100026d0 f   uchardir.obj
 0001:00001720       _u_charDirection           10002720 f   uchardir.obj
 0001:00001770       _u_surrogatePairDirection  10002770 f   uchardir.obj
 0001:000017d0       _setupBlitVector           100027d0 f   DrawGlyphList.obj
 0001:00001b50       _RefineBounds              10002b50 f   DrawGlyphList.obj
 0001:00001d70       _Java_sun_java2d_loops_DrawGlyphList_DrawGlyphList@20 10002d70 f   DrawGlyphList.obj
 0001:00001d70       _Java_sun_java2d_loops_DrawGlyphListAA_DrawGlyphListAA@20 10002d70 f   DrawGlyphList.obj
 0001:00001de0       _setupLCDBlitVector        10002de0 f   DrawGlyphList.obj
 0001:000022e0       _initLUT                   100032e0 f   DrawGlyphList.obj
 0001:00002480       _initLCDGammaTables        10003480 f   DrawGlyphList.obj
 0001:00002660       _Java_sun_java2d_loops_DrawGlyphListLCD_DrawGlyphListLCD@20 10003660 f   DrawGlyphList.obj
 0001:00002704       _Java_sun_font_NullFontScaler_getNullScalerContext@8 10003704 f   sunFont.obj
 0001:0000271f       _isNullScalerContext       1000371f f   sunFont.obj
 0001:0000272f       _Java_sun_font_NullFontScaler_getGlyphImage@20 1000372f f   sunFont.obj
 0001:0000273f       _Java_sun_font_FontManager_getPlatformFontVar@8 1000373f f   sunFont.obj
 0001:00002753       _Java_sun_font_FontManager_initIDs@8 10003753 f   sunFont.obj
 0001:00002b74       _getSunFontIDs             10003b74 f   sunFont.obj
 0001:00002b89       _Java_sun_font_FontManager_getFont2D@12 10003b89 f   sunFont.obj
 0001:00002ba6       _Java_sun_font_FontManager_setFont2D@16 10003ba6 f   sunFont.obj
 0001:00002bc4       _Java_sun_font_FontManager_setCreatedFont@12 10003bc4 f   sunFont.obj
 0001:00002be0       _Java_sun_font_FontManager_isCreatedFont@12 10003be0 f   sunFont.obj
 0001:00002bfa       _Java_sun_font_StrikeCache_freeIntPointer@12 10003bfa f   sunFont.obj
 0001:00002c0f       _Java_sun_font_StrikeCache_freeLongPointer@16 10003c0f f   sunFont.obj
 0001:00002c27       _Java_sun_font_StrikeCache_freeIntMemory@20 10003c27 f   sunFont.obj
 0001:00002ca2       _Java_sun_font_StrikeCache_freeLongMemory@20 10003ca2 f   sunFont.obj
 0001:00002d22       _Java_sun_font_StrikeCache_getGlyphCacheDescription@12 10003d22 f   sunFont.obj
 0001:00002dda       _newLayoutTableCache       10003dda f   sunFont.obj
 0001:00002dfd       _freeLayoutTableCache      10003dfd f   sunFont.obj
 0001:00002e55       _Java_sun_font_FreetypeFontScaler_initIDs@12 10003e55 f   freetypeScaler.obj
 0001:0000303b       _Java_sun_font_FreetypeFontScaler_initNativeScaler@28 1000403b f   freetypeScaler.obj
 0001:00003267       _Java_sun_font_FreetypeFontScaler_createScalerContextNative@40 10004267 f   freetypeScaler.obj
 0001:000033c2       _Java_sun_font_FreetypeFontScaler_getFontMetricsNative@28 100043c2 f   freetypeScaler.obj
 0001:00003727       _Java_sun_font_FreetypeFontScaler_getGlyphImageNative@32 10004727 f   freetypeScaler.obj
 0001:00003a09       _Java_sun_font_FreetypeFontScaler_getLayoutTableCacheNative@16 10004a09 f   freetypeScaler.obj
 0001:00003a3e       _Java_sun_font_FreetypeFontScaler_disposeNativeScaler@16 10004a3e f   freetypeScaler.obj
 0001:00003a59       _Java_sun_font_FreetypeFontScaler_getNumGlyphsNative@16 10004a59 f   freetypeScaler.obj
 0001:00003a85       _Java_sun_font_FreetypeFontScaler_getMissingGlyphCodeNative@16 10004a85 f   freetypeScaler.obj
 0001:00003a8a       _Java_sun_font_FreetypeFontScaler_getGlyphCodeNative@20 10004a8a f   freetypeScaler.obj
 0001:00003eff       _Java_sun_font_FreetypeFontScaler_getGlyphOutlineNative@40 10004eff f   freetypeScaler.obj
 0001:00003f47       _Java_sun_font_FreetypeFontScaler_getGlyphOutlineBoundsNative@32 10004f47 f   freetypeScaler.obj
 0001:00004016       _Java_sun_font_FreetypeFontScaler_getGlyphVectorOutlineNative@44 10005016 f   freetypeScaler.obj
 0001:0000418f       _Java_sun_font_FreetypeFontScaler_getUnitsPerEMNative@16 1000518f f   freetypeScaler.obj
 0001:000041ab       _Java_sun_font_FreetypeFontScaler_getGlyphPointNative@36 100051ab f   freetypeScaler.obj
 0001:00004238       _Java_sun_font_FreetypeFontScaler_getGlyphAdvanceNative@32 10005238 f   freetypeScaler.obj
 0001:0000426c       _Java_sun_font_FreetypeFontScaler_getGlyphMetricsNative@36 1000526c f   freetypeScaler.obj
 0001:000042d0       _Java_sun_font_FontManager_getFontPath@12 100052d0 f   fontpath.obj
 0001:000043e3       _Java_sun_font_FontManager_setNativeFontPath@12 100053e3 f   fontpath.obj
 0001:000049fe       _Java_sun_font_FontManager_populateFontFileNameMap@24 100059fe f   fontpath.obj
 0001:00004dd0       ?process@CursiveAttachmentSubtable@@QBEKPAVGlyphIterator@@PBVLEFontInstance@@@Z 10005dd0 f   CursiveAttachmentSubtables.obj
 0001:00004e7b       ?process@ExtensionSubtable@@QBEKPBVLookupProcessor@@GPAVGlyphIterator@@PBVLEFontInstance@@@Z 10005e7b f   ExtensionSubtables.obj
 0001:00004ec8       ??0MPreFixups@@QAE@J@Z     10005ec8 f   MPreFixups.obj
 0001:00004ee9       ??1MPreFixups@@QAE@XZ      10005ee9 f   MPreFixups.obj
 0001:00004efa       ?add@MPreFixups@@QAEXJJ@Z  10005efa f   MPreFixups.obj
 0001:00004f26       ?apply@MPreFixups@@QAEXAAVLEGlyphStorage@@@Z 10005f26 f   MPreFixups.obj
 0001:000050fe       ??0HanOpenTypeLayoutEngine@@QAE@PBVLEFontInstance@@JJJPBUGlyphSubstitutionTableHeader@@@Z 100060fe f   HanLayoutEngine.obj
 0001:00005133       ?characterProcessing@HanOpenTypeLayoutEngine@@MAEJQBGJJJDAAPAGAAVLEGlyphStorage@@AAW4LEErrorCode@@@Z 10006133 f   HanLayoutEngine.obj
 0001:000051ad       ??_GHanOpenTypeLayoutEngine@@UAEPAXI@Z 100061ad f i HanLayoutEngine.obj
 0001:000051ad       ??_EHanOpenTypeLayoutEngine@@UAEPAXI@Z 100061ad f i HanLayoutEngine.obj
 0001:000051cf       ?getSubFont@LEFontInstance@@UBEPBV1@QBGPAJJJAAW4LEErrorCode@@@Z 100061cf f   LEFontInstance.obj
 0001:0000521b       ?mapCharsToGlyphs@LEFontInstance@@UBEXQBGJJDPBVLECharMapper@@AAVLEGlyphStorage@@@Z 1000621b f   LEFontInstance.obj
 0001:000052eb       ?mapCharToGlyph@LEFontInstance@@UBEKKPBVLECharMapper@@@Z 100062eb f   LEFontInstance.obj
 0001:00005329       ??0ContextualGlyphSubstitutionProcessor@@QAE@PBUMorphSubtableHeader@@@Z 10006329 f   ContextualGlyphSubstProc.obj
 0001:00005363       ?beginStateTable@ContextualGlyphSubstitutionProcessor@@UAEXXZ 10006363 f   ContextualGlyphSubstProc.obj
 0001:00005368       ?processStateEntry@ContextualGlyphSubstitutionProcessor@@UAEFAAVLEGlyphStorage@@AAJE@Z 10006368 f   ContextualGlyphSubstProc.obj
 0001:0000543c       ??_GContextualGlyphSubstitutionProcessor@@UAEPAXI@Z 1000643c f i ContextualGlyphSubstProc.obj
 0001:0000543c       ??_EContextualGlyphSubstitutionProcessor@@UAEPAXI@Z 1000643c f i ContextualGlyphSubstProc.obj
 0001:0000545e       ??0IndicRearrangementProcessor@@QAE@PBUMorphSubtableHeader@@@Z 1000645e f   IndicRearrangementProcessor.obj
 0001:0000548a       ?beginStateTable@IndicRearrangementProcessor@@UAEXXZ 1000648a f   IndicRearrangementProcessor.obj
 0001:00005493       ??1Adjustment@GlyphPositionAdjustments@@QAE@XZ 10006493 f   GlyphPositionAdjustments.obj
 0001:00005493       ??1EntryExitPoint@GlyphPositionAdjustments@@QAE@XZ 10006493 f   GlyphPositionAdjustments.obj
 0001:00005493       ?endStateTable@LigatureSubstitutionProcessor@@UAEXXZ 10006493 f   LigatureSubstProc.obj
 0001:00005493       ?endStateTable@IndicRearrangementProcessor@@UAEXXZ 10006493 f   IndicRearrangementProcessor.obj
 0001:00005493       ?endStateTable@ContextualGlyphSubstitutionProcessor@@UAEXXZ 10006493 f   ContextualGlyphSubstProc.obj
 0001:00005494       ?doRearrangementAction@IndicRearrangementProcessor@@QBEXAAVLEGlyphStorage@@W4IndicRearrangementVerb@@@Z 10006494 f   IndicRearrangementProcessor.obj
 0001:00005eaf       ??_GIndicRearrangementProcessor@@UAEPAXI@Z 10006eaf f i IndicRearrangementProcessor.obj
 0001:00005eaf       ??_EIndicRearrangementProcessor@@UAEPAXI@Z 10006eaf f i IndicRearrangementProcessor.obj
 0001:00005ed1       ?processStateEntry@IndicRearrangementProcessor@@UAEFAAVLEGlyphStorage@@AAJE@Z 10006ed1 f   IndicRearrangementProcessor.obj
 0001:00005f3c       ??0LigatureSubstitutionProcessor@@QAE@PBUMorphSubtableHeader@@@Z 10006f3c f   LigatureSubstProc.obj
 0001:00005f92       ?beginStateTable@LigatureSubstitutionProcessor@@UAEXXZ 10006f92 f   LigatureSubstProc.obj
 0001:00005f98       ?processStateEntry@LigatureSubstitutionProcessor@@UAEFAAVLEGlyphStorage@@AAJE@Z 10006f98 f   LigatureSubstProc.obj
 0001:00006120       ??_ELigatureSubstitutionProcessor@@UAEPAXI@Z 10007120 f i LigatureSubstProc.obj
 0001:00006120       ??_GLigatureSubstitutionProcessor@@UAEPAXI@Z 10007120 f i LigatureSubstProc.obj
 0001:00006142       ?lookupSegment@BinarySearchLookupTable@@QBEPBULookupSegment@@PBU2@K@Z 10007142 f   LookupTables.obj
 0001:000061c7       ?lookupSingle@BinarySearchLookupTable@@QBEPBULookupSingle@@PBU2@K@Z 100071c7 f   LookupTables.obj
 0001:0000624e       ?process@MorphSubtableHeader@@QBEXAAVLEGlyphStorage@@@Z 1000724e f   MorphTables.obj
 0001:000062d2       ?process@MorphTableHeader@@QBEXAAVLEGlyphStorage@@@Z 100072d2 f   MorphTables.obj
 0001:000063db       ??0NonContextualGlyphSubstitutionProcessor@@IAE@PBUMorphSubtableHeader@@@Z 100073db f   NonContextualGlyphSubstProc.obj
 0001:000063f3       ??1NonContextualGlyphSubstitutionProcessor@@MAE@XZ 100073f3 f   NonContextualGlyphSubstProc.obj
 0001:000063fe       ?createInstance@NonContextualGlyphSubstitutionProcessor@@SAPAVSubtableProcessor@@PBUMorphSubtableHeader@@@Z 100073fe f   NonContextualGlyphSubstProc.obj
 0001:00006498       ??_ENonContextualGlyphSubstitutionProcessor@@MAEPAXI@Z 10007498 f i NonContextualGlyphSubstProc.obj
 0001:00006498       ??_GNonContextualGlyphSubstitutionProcessor@@MAEPAXI@Z 10007498 f i NonContextualGlyphSubstProc.obj
 0001:000064ba       ??0SegmentArrayProcessor@@QAE@PBUMorphSubtableHeader@@@Z 100074ba f   SegmentArrayProcessor.obj
 0001:000064db       ?process@SegmentArrayProcessor@@UAEXAAVLEGlyphStorage@@@Z 100074db f   SegmentArrayProcessor.obj
 0001:00006574       ??_ESegmentArrayProcessor@@UAEPAXI@Z 10007574 f i SegmentArrayProcessor.obj
 0001:00006574       ??_GSegmentArrayProcessor@@UAEPAXI@Z 10007574 f i SegmentArrayProcessor.obj
 0001:00006596       ??0SegmentSingleProcessor@@QAE@PBUMorphSubtableHeader@@@Z 10007596 f   SegmentSingleProcessor.obj
 0001:000065b7       ?process@SegmentSingleProcessor@@UAEXAAVLEGlyphStorage@@@Z 100075b7 f   SegmentSingleProcessor.obj
 0001:00006627       ??_GSegmentSingleProcessor@@UAEPAXI@Z 10007627 f i SegmentSingleProcessor.obj
 0001:00006627       ??_ESegmentSingleProcessor@@UAEPAXI@Z 10007627 f i SegmentSingleProcessor.obj
 0001:00006649       ??0SimpleArrayProcessor@@QAE@PBUMorphSubtableHeader@@@Z 10007649 f   SimpleArrayProcessor.obj
 0001:0000666a       ?process@SimpleArrayProcessor@@UAEXAAVLEGlyphStorage@@@Z 1000766a f   SimpleArrayProcessor.obj
 0001:000066c8       ??_GSimpleArrayProcessor@@UAEPAXI@Z 100076c8 f i SimpleArrayProcessor.obj
 0001:000066c8       ??_ESimpleArrayProcessor@@UAEPAXI@Z 100076c8 f i SimpleArrayProcessor.obj
 0001:000066ea       ??0SingleTableProcessor@@QAE@PBUMorphSubtableHeader@@@Z 100076ea f   SingleTableProcessor.obj
 0001:0000670b       ?process@SingleTableProcessor@@UAEXAAVLEGlyphStorage@@@Z 1000770b f   SingleTableProcessor.obj
 0001:00006765       ??_ESingleTableProcessor@@UAEPAXI@Z 10007765 f i SingleTableProcessor.obj
 0001:00006765       ??_GSingleTableProcessor@@UAEPAXI@Z 10007765 f i SingleTableProcessor.obj
 0001:00006787       ??0StateTableProcessor@@IAE@PBUMorphSubtableHeader@@@Z 10007787 f   StateTableProcessor.obj
 0001:0000680c       ??1StateTableProcessor@@MAE@XZ 1000780c f   StateTableProcessor.obj
 0001:00006817       ?process@StateTableProcessor@@UAEXAAVLEGlyphStorage@@@Z 10007817 f   StateTableProcessor.obj
 0001:000068af       ??_GStateTableProcessor@@MAEPAXI@Z 100078af f i StateTableProcessor.obj
 0001:000068af       ??_EStateTableProcessor@@MAEPAXI@Z 100078af f i StateTableProcessor.obj
 0001:000068d1       ??0SubtableProcessor@@IAE@PBUMorphSubtableHeader@@@Z 100078d1 f   SubtableProcessor.obj
 0001:00006923       ??1SubtableProcessor@@UAE@XZ 10007923 f   SubtableProcessor.obj
 0001:0000692a       ??_GSubtableProcessor@@UAEPAXI@Z 1000792a f i SubtableProcessor.obj
 0001:0000692a       ??_ESubtableProcessor@@UAEPAXI@Z 1000792a f i SubtableProcessor.obj
 0001:00006947       ??0TrimmedArrayProcessor@@QAE@PBUMorphSubtableHeader@@@Z 10007947 f   TrimmedArrayProcessor.obj
 0001:0000698a       ?process@TrimmedArrayProcessor@@UAEXAAVLEGlyphStorage@@@Z 1000798a f   TrimmedArrayProcessor.obj
 0001:000069ed       ??_ETrimmedArrayProcessor@@UAEPAXI@Z 100079ed f i TrimmedArrayProcessor.obj
 0001:000069ed       ??_GTrimmedArrayProcessor@@UAEPAXI@Z 100079ed f i TrimmedArrayProcessor.obj
 0001:00006a0f       ?process@AlternateSubstitutionSubtable@@QBEKPAVGlyphIterator@@PBVLEGlyphFilter@@@Z 10007a0f f   AlternateSubstSubtables.obj
 0001:00006a8f       ?getAnchor@Format1AnchorTable@@QBEXPBVLEFontInstance@@AAULEPoint@@@Z 10007a8f f   AnchorTables.obj
 0001:00006ae8       ?getAnchor@Format2AnchorTable@@QBEXKPBVLEFontInstance@@AAULEPoint@@@Z 10007ae8 f   AnchorTables.obj
 0001:00006b60       ?getAnchor@Format3AnchorTable@@QBEXPBVLEFontInstance@@AAULEPoint@@@Z 10007b60 f   AnchorTables.obj
 0001:00006c38       ?getAnchor@AnchorTable@@QBEXKPBVLEFontInstance@@AAULEPoint@@@Z 10007c38 f   AnchorTables.obj
 0001:00006c70       ?sortMarks@CanonShaping@@CAXPAJPBJJJ@Z 10007c70 f   CanonShaping.obj
 0001:00006cb8       ?reorderMarks@CanonShaping@@SAXPBGJDPAGAAVLEGlyphStorage@@@Z 10007cb8 f   CanonShaping.obj
 0001:00006dac       ?getGlyphClass@ClassDefFormat1Table@@QBEJK@Z 10007dac f   ClassDefinitionTables.obj
 0001:00006def       ?hasGlyphClass@ClassDefFormat1Table@@QBEDJ@Z 10007def f   ClassDefinitionTables.obj
 0001:00006e29       ?getGlyphClass@ClassDefFormat2Table@@QBEJK@Z 10007e29 f   ClassDefinitionTables.obj
 0001:00006e61       ?hasGlyphClass@ClassDefFormat2Table@@QBEDJ@Z 10007e61 f   ClassDefinitionTables.obj
 0001:00006e9c       ?getGlyphClass@ClassDefinitionTable@@QBEJK@Z 10007e9c f   ClassDefinitionTables.obj
 0001:00006ec0       ?hasGlyphClass@ClassDefinitionTable@@QBEDJ@Z 10007ec0 f   ClassDefinitionTables.obj
 0001:00006ee4       ?applySubstitutionLookups@ContextualSubstitutionBase@@SAXPBVLookupProcessor@@PBUSubstitutionLookupRecord@@GPAVGlyphIterator@@PBVLEFontInstance@@J@Z 10007ee4 f   ContextualSubstSubtables.obj
 0001:00006f5b       ?matchGlyphIDs@ContextualSubstitutionBase@@SADPBGGPAVGlyphIterator@@D@Z 10007f5b f   ContextualSubstSubtables.obj
 0001:00006fbf       ?matchGlyphClasses@ContextualSubstitutionBase@@SADPBGGPAVGlyphIterator@@PBUClassDefinitionTable@@D@Z 10007fbf f   ContextualSubstSubtables.obj
 0001:00007039       ?matchGlyphCoverages@ContextualSubstitutionBase@@SADPBGGPAVGlyphIterator@@PBDD@Z 10008039 f   ContextualSubstSubtables.obj
 0001:000070a7       ?process@ContextualSubstitutionFormat1Subtable@@QBEKPBVLookupProcessor@@PAVGlyphIterator@@PBVLEFontInstance@@@Z 100080a7 f   ContextualSubstSubtables.obj
 0001:00007195       ?process@ContextualSubstitutionFormat2Subtable@@QBEKPBVLookupProcessor@@PAVGlyphIterator@@PBVLEFontInstance@@@Z 10008195 f   ContextualSubstSubtables.obj
 0001:000072b5       ?process@ContextualSubstitutionFormat3Subtable@@QBEKPBVLookupProcessor@@PAVGlyphIterator@@PBVLEFontInstance@@@Z 100082b5 f   ContextualSubstSubtables.obj
 0001:00007336       ?process@ChainingContextualSubstitutionFormat1Subtable@@QBEKPBVLookupProcessor@@PAVGlyphIterator@@PBVLEFontInstance@@@Z 10008336 f   ContextualSubstSubtables.obj
 0001:000074e4       ?process@ChainingContextualSubstitutionFormat2Subtable@@QBEKPBVLookupProcessor@@PAVGlyphIterator@@PBVLEFontInstance@@@Z 100084e4 f   ContextualSubstSubtables.obj
 0001:000076dd       ?process@ChainingContextualSubstitutionFormat3Subtable@@QBEKPBVLookupProcessor@@PAVGlyphIterator@@PBVLEFontInstance@@@Z 100086dd f   ContextualSubstSubtables.obj
 0001:00007812       ?process@ContextualSubstitutionSubtable@@QBEKPBVLookupProcessor@@PAVGlyphIterator@@PBVLEFontInstance@@@Z 10008812 f   ContextualSubstSubtables.obj
 0001:00007845       ?process@ChainingContextualSubstitutionSubtable@@QBEKPBVLookupProcessor@@PAVGlyphIterator@@PBVLEFontInstance@@@Z 10008845 f   ContextualSubstSubtables.obj
 0001:00007878       ?getGlyphCoverage@CoverageFormat1Table@@QBEJK@Z 10008878 f   CoverageTables.obj
 0001:00007909       ?getGlyphCoverage@CoverageFormat2Table@@QBEJK@Z 10008909 f   CoverageTables.obj
 0001:00007954       ?getGlyphCoverage@CoverageTable@@QBEJK@Z 10008954 f   CoverageTables.obj
 0001:00007979       ?getAdjustment@DeviceTable@@QBEFG@Z 10008979 f   DeviceTables.obj
 0001:00007a17       ?getFeatureTable@FeatureListTable@@QBEPBUFeatureTable@@GPAK@Z 10008a17 f   Features.obj
 0001:00007a6d       ??_GLEGlyphFilter@@UAEPAXI@Z 10008a6d f i GDEFMarkFilter.obj
 0001:00007a6d       ??_ELEGlyphFilter@@UAEPAXI@Z 10008a6d f i GDEFMarkFilter.obj
 0001:00007a89       ??1GDEFMarkFilter@@UAE@XZ  10008a89 f   GDEFMarkFilter.obj
 0001:00007a94       ?accept@GDEFMarkFilter@@UBEDK@Z 10008a94 f   GDEFMarkFilter.obj
 0001:00007aa9       ??0GDEFMarkFilter@@QAE@PBUGlyphDefinitionTableHeader@@@Z 10008aa9 f   GDEFMarkFilter.obj
 0001:00007ac4       ??_EGDEFMarkFilter@@UAEPAXI@Z 10008ac4 f i GDEFMarkFilter.obj
 0001:00007ac4       ??_GGDEFMarkFilter@@UAEPAXI@Z 10008ac4 f i GDEFMarkFilter.obj
 0001:00007ae6       ?getGlyphClassDefinitionTable@GlyphDefinitionTableHeader@@QBEPBUClassDefinitionTable@@XZ 10008ae6 f   GlyphDefinitionTables.obj
 0001:00007af4       ?getMarkAttachClassDefinitionTable@GlyphDefinitionTableHeader@@QBEPBUClassDefinitionTable@@XZ 10008af4 f   GlyphDefinitionTables.obj
 0001:00007b02       ??0GlyphIterator@@QAE@AAVLEGlyphStorage@@PAVGlyphPositionAdjustments@@DGKPBUGlyphDefinitionTableHeader@@@Z 10008b02 f   GlyphIterator.obj
 0001:00007b86       ??0GlyphIterator@@QAE@AAV0@@Z 10008b86 f   GlyphIterator.obj
 0001:00007bdf       ??0GlyphIterator@@QAE@AAV0@K@Z 10008bdf f   GlyphIterator.obj
 0001:00007c39       ??0GlyphIterator@@QAE@AAV0@G@Z 10008c39 f   GlyphIterator.obj
 0001:00007c93       ??1GlyphIterator@@UAE@XZ   10008c93 f   GlyphIterator.obj
 0001:00007c9a       ?reset@GlyphIterator@@QAEXGK@Z 10008c9a f   GlyphIterator.obj
 0001:00007cb3       ?insertGlyphs@GlyphIterator@@QAEPAKJ@Z 10008cb3 f   GlyphIterator.obj
 0001:00007cc5       ?applyInsertions@GlyphIterator@@QAEJXZ 10008cc5 f   GlyphIterator.obj
 0001:00007ce0       ?getGrowAmount@LEInsertionList@@QAEJXZ 10008ce0 f   LEInsertionList.obj
 0001:00007ce0       ?getCurrStreamPosition@GlyphIterator@@QBEJXZ 10008ce0 f   GlyphIterator.obj
 0001:00007ce4       ?isRightToLeft@GlyphIterator@@QBEDXZ 10008ce4 f   GlyphIterator.obj
 0001:00007cec       ?ignoresMarks@GlyphIterator@@QBEDXZ 10008cec f   GlyphIterator.obj
 0001:00007cf5       ?getCurrGlyphID@GlyphIterator@@QBEKXZ 10008cf5 f   GlyphIterator.obj
 0001:00007d22       ?setCurrGlyphID@GlyphIterator@@QAEXG@Z 10008d22 f   GlyphIterator.obj
 0001:00007d42       ?setCurrGlyphBaseOffset@GlyphIterator@@QAEXJ@Z 10008d42 f   GlyphIterator.obj
 0001:00007d75       ?adjustCurrGlyphPositionAdjustment@GlyphIterator@@QAEXMMMM@Z 10008d75 f   GlyphIterator.obj
 0001:00007df6       ?setCurrGlyphPositionAdjustment@GlyphIterator@@QAEXMMMM@Z 10008df6 f   GlyphIterator.obj
 0001:00007e64       ?setCursiveEntryPoint@GlyphIterator@@QAEXAAULEPoint@@@Z 10008e64 f   GlyphIterator.obj
 0001:00007e9f       ?setCursiveExitPoint@GlyphIterator@@QAEXAAULEPoint@@@Z 10008e9f f   GlyphIterator.obj
 0001:00007eda       ?setCursiveGlyph@GlyphIterator@@QAEXXZ 10008eda f   GlyphIterator.obj
 0001:00007f0e       ?filterGlyph@GlyphIterator@@ABEDK@Z 10008f0e f   GlyphIterator.obj
 0001:00007f94       ?hasFeatureTag@GlyphIterator@@ABEDXZ 10008f94 f   GlyphIterator.obj
 0001:00007fc1       ?nextInternal@GlyphIterator@@AAEDK@Z 10008fc1 f   GlyphIterator.obj
 0001:00007ffc       ?next@GlyphIterator@@QAEDK@Z 10008ffc f   GlyphIterator.obj
 0001:00008021       ?prevInternal@GlyphIterator@@AAEDK@Z 10009021 f   GlyphIterator.obj
 0001:0000805c       ?prev@GlyphIterator@@QAEDK@Z 1000905c f   GlyphIterator.obj
 0001:00008081       ?getMarkComponent@GlyphIterator@@QBEJJ@Z 10009081 f   GlyphIterator.obj
 0001:000080b7       ?findMark2Glyph@GlyphIterator@@QAEDXZ 100090b7 f   GlyphIterator.obj
 0001:000080ed       ??_EGlyphIterator@@UAEPAXI@Z 100090ed f i GlyphIterator.obj
 0001:000080ed       ??_GGlyphIterator@@UAEPAXI@Z 100090ed f i GlyphIterator.obj
 0001:0000810a       ?setCurrStreamPosition@GlyphIterator@@QAEXJ@Z 1000910a f   GlyphIterator.obj
 0001:00008144       ?findFeatureTag@GlyphIterator@@QAEDXZ 10009144 f   GlyphIterator.obj
 0001:00008170       ?coversScript@GlyphLookupTableHeader@@QBEDK@Z 10009170 f   GlyphLookupTables.obj
 0001:00008196       ?coversScriptAndLanguage@GlyphLookupTableHeader@@QBEDKKD@Z 10009196 f   GlyphLookupTables.obj
 0001:000081c6       ??0Adjustment@GlyphPositionAdjustments@@QAE@XZ 100091c6 f i GlyphPositionAdjustments.obj
 0001:000081e0       ??0EntryExitPoint@GlyphPositionAdjustments@@QAE@XZ 100091e0 f i GlyphPositionAdjustments.obj
 0001:000081f5       ?setEntryPoint@EntryExitPoint@GlyphPositionAdjustments@@QAEXAAULEPoint@@D@Z 100091f5 f i GlyphPositionAdjustments.obj
 0001:00008218       ?setExitPoint@EntryExitPoint@GlyphPositionAdjustments@@QAEXAAULEPoint@@D@Z 10009218 f i GlyphPositionAdjustments.obj
 0001:0000823b       ?isCursiveGlyph@GlyphPositionAdjustments@@QBEDJ@Z 1000923b f i GlyphPositionAdjustments.obj
 0001:0000825a       ?baselineIsLogicalEnd@GlyphPositionAdjustments@@QBEDJ@Z 1000925a f i GlyphPositionAdjustments.obj
 0001:00008279       ??_H@YGXPAXIHP6EPAX0@Z@Z   10009279 f i GlyphPositionAdjustments.obj
 0001:0000829b       ??_I@YGXPAXIHP6EX0@Z@Z     1000929b f i GlyphPositionAdjustments.obj
 0001:000082c5       ??_EEntryExitPoint@GlyphPositionAdjustments@@QAEPAXI@Z 100092c5 f i GlyphPositionAdjustments.obj
 0001:000082c5       ??_EAdjustment@GlyphPositionAdjustments@@QAEPAXI@Z 100092c5 f i GlyphPositionAdjustments.obj
 0001:00008309       ?setEntryPoint@GlyphPositionAdjustments@@QAEXJAAULEPoint@@D@Z 10009309 f   GlyphPositionAdjustments.obj
 0001:00008362       ?setExitPoint@GlyphPositionAdjustments@@QAEXJAAULEPoint@@D@Z 10009362 f   GlyphPositionAdjustments.obj
 0001:000083bb       ?setCursiveGlyph@GlyphPositionAdjustments@@QAEXJD@Z 100093bb f   GlyphPositionAdjustments.obj
 0001:00008418       ?getEntryPoint@EntryExitPoint@GlyphPositionAdjustments@@QBEPAULEPoint@@AAU3@@Z 10009418 f   GlyphPositionAdjustments.obj
 0001:00008434       ?getExitPoint@EntryExitPoint@GlyphPositionAdjustments@@QBEPAULEPoint@@AAU3@@Z 10009434 f   GlyphPositionAdjustments.obj
 0001:00008450       ??0GlyphPositionAdjustments@@QAE@J@Z 10009450 f   GlyphPositionAdjustments.obj
 0001:00008496       ??1GlyphPositionAdjustments@@QAE@XZ 10009496 f   GlyphPositionAdjustments.obj
 0001:000084b7       ?getEntryPoint@GlyphPositionAdjustments@@QBEPBULEPoint@@JAAU2@@Z 100094b7 f   GlyphPositionAdjustments.obj
 0001:000084d8       ?getExitPoint@GlyphPositionAdjustments@@QBEPBULEPoint@@JAAU2@@Z 100094d8 f   GlyphPositionAdjustments.obj
 0001:000084f9       ?applyCursiveAdjustments@GlyphPositionAdjustments@@QAEXAAVLEGlyphStorage@@DPBVLEFontInstance@@@Z 100094f9 f   GlyphPositionAdjustments.obj
 0001:000086d0       ??0GlyphPositioningLookupProcessor@@QAE@PBUGlyphPositioningTableHeader@@KKPBUFeatureMap@@JD@Z 100096d0 f   GlyphPosnLookupProc.obj
 0001:00008728       ?applySubtable@GlyphPositioningLookupProcessor@@UBEKPBULookupSubtable@@GPAVGlyphIterator@@PBVLEFontInstance@@@Z 10009728 f   GlyphPosnLookupProc.obj
 0001:00008801       ??1GlyphPositioningLookupProcessor@@UAE@XZ 10009801 f   GlyphPosnLookupProc.obj
 0001:0000880c       ??_EGlyphPositioningLookupProcessor@@UAEPAXI@Z 1000980c f i GlyphPosnLookupProc.obj
 0001:0000880c       ??_GGlyphPositioningLookupProcessor@@UAEPAXI@Z 1000980c f i GlyphPosnLookupProc.obj
 0001:0000882e       ?process@GlyphPositioningTableHeader@@QBEXAAVLEGlyphStorage@@PAVGlyphPositionAdjustments@@DKKPBUGlyphDefinitionTableHeader@@PBVLEFontInstance@@PBUFeatureMap@@JD@Z 1000982e f   GlyphPositioningTables.obj
 0001:00008880       ??0GlyphSubstitutionLookupProcessor@@QAE@PBUGlyphSubstitutionTableHeader@@KKPBVLEGlyphFilter@@PBUFeatureMap@@JD@Z 10009880 f   GlyphSubstLookupProc.obj
 0001:000088de       ?applySubtable@GlyphSubstitutionLookupProcessor@@UBEKPBULookupSubtable@@GPAVGlyphIterator@@PBVLEFontInstance@@@Z 100098de f   GlyphSubstLookupProc.obj
 0001:00008974       ??1GlyphSubstitutionLookupProcessor@@UAE@XZ 10009974 f   GlyphSubstLookupProc.obj
 0001:0000897f       ??_EGlyphSubstitutionLookupProcessor@@UAEPAXI@Z 1000997f f i GlyphSubstLookupProc.obj
 0001:0000897f       ??_GGlyphSubstitutionLookupProcessor@@UAEPAXI@Z 1000997f f i GlyphSubstLookupProc.obj
 0001:000089a1       ?process@GlyphSubstitutionTableHeader@@QBEJAAVLEGlyphStorage@@DKKPBUGlyphDefinitionTableHeader@@PBVLEGlyphFilter@@PBUFeatureMap@@JD@Z 100099a1 f   GlyphSubstitutionTables.obj
 0001:000089e9       ?getCharClass@IndicClassTable@@QBEKG@Z 100099e9 f   IndicClassTables.obj
 0001:00008a29       ?getScriptClassTable@IndicClassTable@@SAPBU1@J@Z 10009a29 f   IndicClassTables.obj
 0001:00008a41       ?getWorstCaseExpansion@IndicReordering@@SAJJ@Z 10009a41 f   IndicClassTables.obj
 0001:00008a57       ?isMatra@IndicClassTable@@SADK@Z 10009a57 f i IndicReordering.obj
 0001:00008a70       ?isVowelModifier@IndicClassTable@@QBEDG@Z 10009a70 f i IndicReordering.obj
 0001:00008a88       ?isStressMark@IndicClassTable@@QBEDG@Z 10009a88 f i IndicReordering.obj
 0001:00008a9f       ?isVirama@IndicClassTable@@QBEDG@Z 10009a9f f i IndicReordering.obj
 0001:00008ab6       ?isNukta@IndicClassTable@@QBEDG@Z 10009ab6 f i IndicReordering.obj
 0001:00008acd       ?saveMatra@ReorderingOutput@@AAEXGJK@Z 10009acd f i IndicReordering.obj
 0001:00008b67       ??0ReorderingOutput@@QAE@PAGAAVLEGlyphStorage@@PAVMPreFixups@@@Z 10009b67 f i IndicReordering.obj
 0001:00008bd2       ?reset@ReorderingOutput@@QAEXXZ 10009bd2 f i IndicReordering.obj
 0001:00008c01       ?writeChar@ReorderingOutput@@QAEXGKK@Z 10009c01 f i IndicReordering.obj
 0001:00008c42       ?noteMatra@ReorderingOutput@@QAEDPBUIndicClassTable@@GKKD@Z 10009c42 f i IndicReordering.obj
 0001:00008cdb       ?noteVowelModifier@ReorderingOutput@@QAEXPBUIndicClassTable@@GKK@Z 10009cdb f i IndicReordering.obj
 0001:00008d25       ?noteStressMark@ReorderingOutput@@QAEXPBUIndicClassTable@@GKK@Z 10009d25 f i IndicReordering.obj
 0001:00008d74       ?noteBaseConsonant@ReorderingOutput@@QAEXXZ 10009d74 f i IndicReordering.obj
 0001:00008d8d       ?writeVirama@ReorderingOutput@@QAEXXZ 10009d8d f i IndicReordering.obj
 0001:00008da5       ?writeMpre@ReorderingOutput@@QAEXXZ 10009da5 f i IndicReordering.obj
 0001:00008dc2       ?writeMbelow@ReorderingOutput@@QAEXXZ 10009dc2 f i IndicReordering.obj
 0001:00008dda       ?writeMabove@ReorderingOutput@@QAEXXZ 10009dda f i IndicReordering.obj
 0001:00008df2       ?writeMpost@ReorderingOutput@@QAEXXZ 10009df2 f i IndicReordering.obj
 0001:00008e0a       ?writeLengthMark@ReorderingOutput@@QAEXXZ 10009e0a f i IndicReordering.obj
 0001:00008e22       ?writeVMabove@ReorderingOutput@@QAEXXZ 10009e22 f i IndicReordering.obj
 0001:00008e3a       ?writeVMpost@ReorderingOutput@@QAEXXZ 10009e3a f i IndicReordering.obj
 0001:00008e52       ?writeSMabove@ReorderingOutput@@QAEXXZ 10009e52 f i IndicReordering.obj
 0001:00008e6a       ?writeSMbelow@ReorderingOutput@@QAEXXZ 10009e6a f i IndicReordering.obj
 0001:00008e82       ?getFeatureMap@IndicReordering@@SAPBUFeatureMap@@AAJ@Z 10009e82 f   IndicReordering.obj
 0001:00008e92       ?findSyllable@IndicReordering@@CAJPBUIndicClassTable@@PBGJJ@Z 10009e92 f   IndicReordering.obj
 0001:00008ed0       ?reorder@IndicReordering@@SAJPBGJJPAGAAVLEGlyphStorage@@PAPAVMPreFixups@@@Z 10009ed0 f   IndicReordering.obj
 0001:000095d1       ?adjustMPres@IndicReordering@@SAXPAVMPreFixups@@AAVLEGlyphStorage@@@Z 1000a5d1 f   IndicReordering.obj
 0001:000095f5       ??0KernTable@@QAE@PBVLEFontInstance@@PBX@Z 1000a5f5 f   KernTable.obj
 0001:0000971e       ?process@KernTable@@QAEXAAVLEGlyphStorage@@@Z 1000a71e f   KernTable.obj
 0001:0000982d       ??0KhmerOpenTypeLayoutEngine@@QAE@PBVLEFontInstance@@JJJPBUGlyphSubstitutionTableHeader@@@Z 1000a82d f   KhmerLayoutEngine.obj
 0001:00009865       ?characterProcessing@KhmerOpenTypeLayoutEngine@@MAEJQBGJJJDAAPAGAAVLEGlyphStorage@@AAW4LEErrorCode@@@Z 1000a865 f   KhmerLayoutEngine.obj
 0001:00009940       ??_EKhmerOpenTypeLayoutEngine@@UAEPAXI@Z 1000a940 f i KhmerLayoutEngine.obj
 0001:00009940       ??_GKhmerOpenTypeLayoutEngine@@UAEPAXI@Z 1000a940 f i KhmerLayoutEngine.obj
 0001:00009962       ?getCharClass@KhmerClassTable@@QBEKG@Z 1000a962 f   KhmerReordering.obj
 0001:0000999f       ?getFeatureMap@KhmerReordering@@SAPBUFeatureMap@@AAJ@Z 1000a99f f   KhmerReordering.obj
 0001:000099af       ?findSyllable@KhmerReordering@@CAJPBUKhmerClassTable@@PBGJJ@Z 1000a9af f   KhmerReordering.obj
 0001:000099f0       ?reorder@KhmerReordering@@SAJPBGJJPAGAAVLEGlyphStorage@@@Z 1000a9f0 f   KhmerReordering.obj
 0001:00009d6b       ?allocateGlyphArray@LEGlyphStorage@@QAEXJDAAW4LEErrorCode@@@Z 1000ad6b f   LEGlyphStorage.obj
 0001:00009e35       ?allocatePositions@LEGlyphStorage@@QAEJAAW4LEErrorCode@@@Z 1000ae35 f   LEGlyphStorage.obj
 0001:00009e6e       ?allocateAuxData@LEGlyphStorage@@QAEJAAW4LEErrorCode@@@Z 1000ae6e f   LEGlyphStorage.obj
 0001:00009ea3       ?getCharIndices@LEGlyphStorage@@QBEXQAJJAAW4LEErrorCode@@@Z 1000aea3 f   LEGlyphStorage.obj
 0001:00009ee7       ?getGlyphs@LEGlyphStorage@@QBEXQAKKAAW4LEErrorCode@@@Z 1000aee7 f   LEGlyphStorage.obj
 0001:00009f2b       ?getCharIndex@LEGlyphStorage@@QBEJJAAW4LEErrorCode@@@Z 1000af2b f   LEGlyphStorage.obj
 0001:00009f63       ?setCharIndex@LEGlyphStorage@@QAEXJJAAW4LEErrorCode@@@Z 1000af63 f   LEGlyphStorage.obj
 0001:00009f9c       ?getAuxData@LEGlyphStorage@@QBEKJAAW4LEErrorCode@@@Z 1000af9c f   LEGlyphStorage.obj
 0001:00009fd3       ?setAuxData@LEGlyphStorage@@QAEXJKAAW4LEErrorCode@@@Z 1000afd3 f   LEGlyphStorage.obj
 0001:0000a00c       ?getGlyphPositions@LEGlyphStorage@@QBEXQAMAAW4LEErrorCode@@@Z 1000b00c f   LEGlyphStorage.obj
 0001:0000a04e       ?getGlyphPosition@LEGlyphStorage@@QBEXJAAM0AAW4LEErrorCode@@@Z 1000b04e f   LEGlyphStorage.obj
 0001:0000a099       ?setPosition@LEGlyphStorage@@QAEXJMMAAW4LEErrorCode@@@Z 1000b099 f   LEGlyphStorage.obj
 0001:0000a0d2       ?adjustPosition@LEGlyphStorage@@QAEXJMMAAW4LEErrorCode@@@Z 1000b0d2 f   LEGlyphStorage.obj
 0001:0000a112       ?adoptGlyphArray@LEGlyphStorage@@QAEXAAV1@@Z 1000b112 f   LEGlyphStorage.obj
 0001:0000a159       ?adoptCharIndicesArray@LEGlyphStorage@@QAEXAAV1@@Z 1000b159 f   LEGlyphStorage.obj
 0001:0000a17d       ?adoptAuxDataArray@LEGlyphStorage@@QAEXAAV1@@Z 1000b17d f   LEGlyphStorage.obj
 0001:0000a1a1       ?adoptGlyphCount@LEGlyphStorage@@QAEXAAV1@@Z 1000b1a1 f   LEGlyphStorage.obj
 0001:0000a1ae       ?adoptGlyphCount@LEGlyphStorage@@QAEXJ@Z 1000b1ae f   LEGlyphStorage.obj
 0001:0000a1b8       ?insertGlyphs@LEGlyphStorage@@QAEPAKJJ@Z 1000b1b8 f   LEGlyphStorage.obj
 0001:0000a1c0       ?applyInsertions@LEGlyphStorage@@QAEJXZ 1000b1c0 f   LEGlyphStorage.obj
 0001:0000a234       ?applyInsertion@LEGlyphStorage@@MAEDJJQAK@Z 1000b234 f   LEGlyphStorage.obj
 0001:0000a2d8       ??0LEGlyphStorage@@QAE@XZ  1000b2d8 f   LEGlyphStorage.obj
 0001:0000a2fb       ?reset@LEGlyphStorage@@QAEXXZ 1000b2fb f   LEGlyphStorage.obj
 0001:0000a361       ??1LEGlyphStorage@@QAE@XZ  1000b361 f   LEGlyphStorage.obj
 0001:0000a36c       ??0LEInsertionList@@QAE@D@Z 1000b36c f   LEInsertionList.obj
 0001:0000a382       ?reset@LEInsertionList@@QAEXXZ 1000b382 f   LEInsertionList.obj
 0001:0000a3a3       ?insert@LEInsertionList@@QAEPAKJJ@Z 1000b3a3 f   LEInsertionList.obj
 0001:0000a3e9       ?applyInsertions@LEInsertionList@@QAEDPAVLEInsertionCallback@@@Z 1000b3e9 f   LEInsertionList.obj
 0001:0000a41a       ??1LEInsertionList@@QAE@XZ 1000b41a f   LEInsertionList.obj
 0001:0000a41f       ?process@LigatureSubstitutionSubtable@@QBEKPAVGlyphIterator@@PBVLEGlyphFilter@@@Z 1000b41f f   LigatureSubstSubtables.obj
 0001:0000a593       ?applyLookupTable@LookupProcessor@@QBEKPBULookupTable@@PAVGlyphIterator@@PBVLEFontInstance@@@Z 1000b593 f   LookupProcessor.obj
 0001:0000a604       ?process@LookupProcessor@@QBEJAAVLEGlyphStorage@@PAVGlyphPositionAdjustments@@DPBUGlyphDefinitionTableHeader@@PBVLEFontInstance@@@Z 1000b604 f   LookupProcessor.obj
 0001:0000a6cb       ?applySingleLookup@LookupProcessor@@QBEKGPAVGlyphIterator@@PBVLEFontInstance@@@Z 1000b6cb f   LookupProcessor.obj
 0001:0000a719       ?selectLookups@LookupProcessor@@IAEJPBUFeatureTable@@KJ@Z 1000b719 f   LookupProcessor.obj
 0001:0000a777       ??0LookupProcessor@@IAE@PBDGGGKKPBUFeatureMap@@JD@Z 1000b777 f   LookupProcessor.obj
 0001:0000aa4b       ??1LookupProcessor@@UAE@XZ 1000ba4b f   LookupProcessor.obj
 0001:0000aa6a       ??_GLookupProcessor@@UAEPAXI@Z 1000ba6a f i LookupProcessor.obj
 0001:0000aa6a       ??_ELookupProcessor@@UAEPAXI@Z 1000ba6a f i LookupProcessor.obj
 0001:0000aa86       ?getLookupTable@LookupListTable@@QBEPBULookupTable@@G@Z 1000ba86 f   Lookups.obj
 0001:0000aab0       ?getLookupSubtable@LookupTable@@QBEPBULookupSubtable@@G@Z 1000bab0 f   Lookups.obj
 0001:0000aadb       ?getGlyphCoverage@LookupSubtable@@QBEJGK@Z 1000badb f   Lookups.obj
 0001:0000aaf2       ?getMarkClass@MarkArray@@QBEJKJPBVLEFontInstance@@AAULEPoint@@@Z 1000baf2 f   MarkArrays.obj
 0001:0000ab3c       ?findBaseGlyph@MarkToBasePositioningSubtable@@QBEKPAVGlyphIterator@@@Z 1000bb3c f   MarkToBasePosnSubtables.obj
 0001:0000ab3c       ?findLigatureGlyph@MarkToLigaturePositioningSubtable@@QBEKPAVGlyphIterator@@@Z 1000bb3c f   MarkToLigaturePosnSubtables.obj
 0001:0000ab5e       ?process@MarkToBasePositioningSubtable@@QBEJPAVGlyphIterator@@PBVLEFontInstance@@@Z 1000bb5e f   MarkToBasePosnSubtables.obj
 0001:0000ad2a       ?process@MarkToLigaturePositioningSubtable@@QBEJPAVGlyphIterator@@PBVLEFontInstance@@@Z 1000bd2a f   MarkToLigaturePosnSubtables.obj
 0001:0000af1a       ?findMark2Glyph@MarkToMarkPositioningSubtable@@QBEKPAVGlyphIterator@@@Z 1000bf1a f   MarkToMarkPosnSubtables.obj
 0001:0000af3a       ?process@MarkToMarkPositioningSubtable@@QBEJPAVGlyphIterator@@PBVLEFontInstance@@@Z 1000bf3a f   MarkToMarkPosnSubtables.obj
 0001:0000b0fc       ?process@MultipleSubstitutionSubtable@@QBEKPAVGlyphIterator@@PBVLEGlyphFilter@@@Z 1000c0fc f   MultipleSubstSubtables.obj
 0001:0000b258       ?highBit@OpenTypeUtilities@@SACJ@Z 1000c258 f   OpenTypeUtilities.obj
 0001:0000b29b       ?getTagOffset@OpenTypeUtilities@@SAGKPBUTagAndOffsetRecord@@J@Z 1000c29b f   OpenTypeUtilities.obj
 0001:0000b36c       ?getGlyphRangeIndex@OpenTypeUtilities@@SAJGPBUGlyphRangeRecord@@J@Z 1000c36c f   OpenTypeUtilities.obj
 0001:0000b3fb       ?search@OpenTypeUtilities@@SAJKQBKJ@Z 1000c3fb f   OpenTypeUtilities.obj
 0001:0000b43a       ?sort@OpenTypeUtilities@@SAXPAGJ@Z 1000c43a f   OpenTypeUtilities.obj
 0001:0000b487       ?process@PairPositioningFormat2Subtable@@QBEKPAVGlyphIterator@@PBVLEFontInstance@@@Z 1000c487 f   PairPositioningSubtables.obj
 0001:0000b5a5       ?findPairValueRecord@PairPositioningFormat1Subtable@@ABEPBUPairValueRecord@@GPBU2@GG@Z 1000c5a5 f   PairPositioningSubtables.obj
 0001:0000b62b       ?process@PairPositioningFormat1Subtable@@QBEKPAVGlyphIterator@@PBVLEFontInstance@@@Z 1000c62b f   PairPositioningSubtables.obj
 0001:0000b73a       ?process@PairPositioningSubtable@@QBEKPAVGlyphIterator@@PBVLEFontInstance@@@Z 1000c73a f   PairPositioningSubtables.obj
 0001:0000b75e       ?findLanguage@ScriptTable@@QBEPBULangSysTable@@KD@Z 1000c75e f   ScriptAndLanguage.obj
 0001:0000b7b5       ?findScript@ScriptListTable@@QBEPBUScriptTable@@K@Z 1000c7b5 f   ScriptAndLanguage.obj
 0001:0000b7e3       ?findLanguage@ScriptListTable@@QBEPBULangSysTable@@KKD@Z 1000c7e3 f   ScriptAndLanguage.obj
 0001:0000b802       ?process@SinglePositioningFormat1Subtable@@QBEKPAVGlyphIterator@@PBVLEFontInstance@@@Z 1000c802 f   SinglePositioningSubtables.obj
 0001:0000b848       ?process@SinglePositioningFormat2Subtable@@QBEKPAVGlyphIterator@@PBVLEFontInstance@@@Z 1000c848 f   SinglePositioningSubtables.obj
 0001:0000b890       ?process@SinglePositioningSubtable@@QBEKPAVGlyphIterator@@PBVLEFontInstance@@@Z 1000c890 f   SinglePositioningSubtables.obj
 0001:0000b8b4       ?process@SingleSubstitutionFormat1Subtable@@QBEKPAVGlyphIterator@@PBVLEGlyphFilter@@@Z 1000c8b4 f   SingleSubstitutionSubtables.obj
 0001:0000b917       ?process@SingleSubstitutionFormat2Subtable@@QBEKPAVGlyphIterator@@PBVLEGlyphFilter@@@Z 1000c917 f   SingleSubstitutionSubtables.obj
 0001:0000b979       ?process@SingleSubstitutionSubtable@@QBEKPAVGlyphIterator@@PBVLEGlyphFilter@@@Z 1000c979 f   SingleSubstitutionSubtables.obj
 0001:0000b99d       ?getCharClass@ThaiShaping@@CAEG@Z 1000c99d f   ThaiShaping.obj
 0001:0000b9bc       ?leftAboveVowel@ThaiShaping@@CAGGE@Z 1000c9bc f   ThaiShaping.obj
 0001:0000b9fb       ?lowerRightTone@ThaiShaping@@CAGGE@Z 1000c9fb f   ThaiShaping.obj
 0001:0000ba22       ?lowerLeftTone@ThaiShaping@@CAGGE@Z 1000ca22 f   ThaiShaping.obj
 0001:0000ba49       ?upperLeftTone@ThaiShaping@@CAGGE@Z 1000ca49 f   ThaiShaping.obj
 0001:0000ba70       ?lowerBelowVowel@ThaiShaping@@CAGGE@Z 1000ca70 f   ThaiShaping.obj
 0001:0000ba97       ?noDescenderCOD@ThaiShaping@@CAGGE@Z 1000ca97 f   ThaiShaping.obj
 0001:0000babc       ?doTransition@ThaiShaping@@CAEUStateTransition@1@GJEGPAGAAVLEGlyphStorage@@AAJ@Z 1000cabc f   ThaiShaping.obj
 0001:0000bcac       ?getNextState@ThaiShaping@@CAEGEJEGAAEPAGAAVLEGlyphStorage@@AAJ@Z 1000ccac f   ThaiShaping.obj
 0001:0000bcf2       ?isLegalHere@ThaiShaping@@CADGE@Z 1000ccf2 f   ThaiShaping.obj
 0001:0000bd1c       ?compose@ThaiShaping@@SAJPBGJJEGPAGAAVLEGlyphStorage@@@Z 1000cd1c f   ThaiShaping.obj
 0001:0000be37       ?getFieldCount@ValueRecord@@CAFG@Z 1000ce37 f   ValueRecords.obj
 0001:0000be83       ?getFieldIndex@ValueRecord@@CAFGF@Z 1000ce83 f   ValueRecords.obj
 0001:0000be9c       ?getFieldValue@ValueRecord@@QBEFGF@Z 1000ce9c f   ValueRecords.obj
 0001:0000bec4       ?getFieldValue@ValueRecord@@QBEFFGF@Z 1000cec4 f   ValueRecords.obj
 0001:0000bf02       ?adjustPosition@ValueRecord@@QBEXGPBDAAVGlyphIterator@@PBVLEFontInstance@@@Z 1000cf02 f   ValueRecords.obj
 0001:0000c1b9       ?adjustPosition@ValueRecord@@QBEXFGPBDAAVGlyphIterator@@PBVLEFontInstance@@@Z 1000d1b9 f   ValueRecords.obj
 0001:0000c488       ?getSize@ValueRecord@@SAFG@Z 1000d488 f   ValueRecords.obj
 0001:0000c495       ?accept@CharSubstitutionFilter@@UBEDK@Z 1000d495 f   ArabicLayoutEngine.obj
 0001:0000c4a6       ??0ArabicOpenTypeLayoutEngine@@QAE@PBVLEFontInstance@@JJJPBUGlyphSubstitutionTableHeader@@@Z 1000d4a6 f   ArabicLayoutEngine.obj
 0001:0000c4de       ??0ArabicOpenTypeLayoutEngine@@QAE@PBVLEFontInstance@@JJJ@Z 1000d4de f   ArabicLayoutEngine.obj
 0001:0000c50f       ?characterProcessing@ArabicOpenTypeLayoutEngine@@MAEJQBGJJJDAAPAGAAVLEGlyphStorage@@AAW4LEErrorCode@@@Z 1000d50f f   ArabicLayoutEngine.obj
 0001:0000c5e6       ?adjustGlyphPositions@ArabicOpenTypeLayoutEngine@@MAEXQBGJJDAAVLEGlyphStorage@@AAW4LEErrorCode@@@Z 1000d5e6 f   ArabicLayoutEngine.obj
 0001:0000c686       ??0UnicodeArabicOpenTypeLayoutEngine@@QAE@PBVLEFontInstance@@JJJ@Z 1000d686 f   ArabicLayoutEngine.obj
 0001:0000c6d5       ??1UnicodeArabicOpenTypeLayoutEngine@@UAE@XZ 1000d6d5 f   ArabicLayoutEngine.obj
 0001:0000c6f9       ?glyphPostProcessing@UnicodeArabicOpenTypeLayoutEngine@@MAEJAAVLEGlyphStorage@@0AAW4LEErrorCode@@@Z 1000d6f9 f   ArabicLayoutEngine.obj
 0001:0000c779       ?mapCharsToGlyphs@UnicodeArabicOpenTypeLayoutEngine@@MAEXQBGJJDDAAVLEGlyphStorage@@AAW4LEErrorCode@@@Z 1000d779 f   ArabicLayoutEngine.obj
 0001:0000c7ee       ?adjustGlyphPositions@UnicodeArabicOpenTypeLayoutEngine@@MAEXQBGJJDAAVLEGlyphStorage@@AAW4LEErrorCode@@@Z 1000d7ee f   ArabicLayoutEngine.obj
 0001:0000c84e       ??_EArabicOpenTypeLayoutEngine@@UAEPAXI@Z 1000d84e f i ArabicLayoutEngine.obj
 0001:0000c84e       ??_GArabicOpenTypeLayoutEngine@@UAEPAXI@Z 1000d84e f i ArabicLayoutEngine.obj
 0001:0000c870       ??_GUnicodeArabicOpenTypeLayoutEngine@@UAEPAXI@Z 1000d870 f i ArabicLayoutEngine.obj
 0001:0000c870       ??_EUnicodeArabicOpenTypeLayoutEngine@@UAEPAXI@Z 1000d870 f i ArabicLayoutEngine.obj
 0001:0000c88c       ?getShapeType@ArabicShaping@@CAJG@Z 1000d88c f   ArabicShaping.obj
 0001:0000c8b1       ?getFeatureMap@ArabicShaping@@SAPBUFeatureMap@@AAJ@Z 1000d8b1 f   ArabicShaping.obj
 0001:0000c8c1       ?adjustTags@ArabicShaping@@CAXJJAAVLEGlyphStorage@@@Z 1000d8c1 f   ArabicShaping.obj
 0001:0000c8fe       ?shape@ArabicShaping@@SAXPBGJJJDAAVLEGlyphStorage@@@Z 1000d8fe f   ArabicShaping.obj
 0001:0000ca40       ??0GXLayoutEngine@@QAE@PBVLEFontInstance@@JJPBUMorphTableHeader@@@Z 1000da40 f   GXLayoutEngine.obj
 0001:0000ca69       ??1GXLayoutEngine@@UAE@XZ  1000da69 f   GXLayoutEngine.obj
 0001:0000ca7f       ?computeGlyphs@GXLayoutEngine@@MAEJQBGJJJDAAVLEGlyphStorage@@AAW4LEErrorCode@@@Z 1000da7f f   GXLayoutEngine.obj
 0001:0000caf1       ?adjustGlyphPositions@GXLayoutEngine@@MAEXQBGJJDAAVLEGlyphStorage@@AAW4LEErrorCode@@@Z 1000daf1 f   GXLayoutEngine.obj
 0001:0000cb16       ??_GGXLayoutEngine@@UAEPAXI@Z 1000db16 f i GXLayoutEngine.obj
 0001:0000cb16       ??_EGXLayoutEngine@@UAEPAXI@Z 1000db16 f i GXLayoutEngine.obj
 0001:0000cb32       ??0IndicOpenTypeLayoutEngine@@QAE@PBVLEFontInstance@@JJJPBUGlyphSubstitutionTableHeader@@@Z 1000db32 f   IndicLayoutEngine.obj
 0001:0000cb6e       ??0IndicOpenTypeLayoutEngine@@QAE@PBVLEFontInstance@@JJJ@Z 1000db6e f   IndicLayoutEngine.obj
 0001:0000cba7       ?glyphProcessing@IndicOpenTypeLayoutEngine@@MAEJQBGJJJDAAVLEGlyphStorage@@AAW4LEErrorCode@@@Z 1000dba7 f   IndicLayoutEngine.obj
 0001:0000cc1c       ?characterProcessing@IndicOpenTypeLayoutEngine@@MAEJQBGJJJDAAPAGAAVLEGlyphStorage@@AAW4LEErrorCode@@@Z 1000dc1c f   IndicLayoutEngine.obj
 0001:0000cd07       ??_GIndicOpenTypeLayoutEngine@@UAEPAXI@Z 1000dd07 f i IndicLayoutEngine.obj
 0001:0000cd07       ??_EIndicOpenTypeLayoutEngine@@UAEPAXI@Z 1000dd07 f i IndicLayoutEngine.obj
 0001:0000cd29       ?mapChar@DefaultCharMapper@@UBEKK@Z 1000dd29 f   LayoutEngine.obj
 0001:0000cddd       ??1LEGlyphFilter@@UAE@XZ   1000dddd f   LayoutEngine.obj
 0001:0000cde4       ??0LayoutEngine@@IAE@PBVLEFontInstance@@JJJ@Z 1000dde4 f   LayoutEngine.obj
 0001:0000ce2d       ?getCharIndices@LayoutEngine@@QBEXQAJJAAW4LEErrorCode@@@Z 1000de2d f   LayoutEngine.obj
 0001:0000ce35       ?getGlyphs@LayoutEngine@@UBEXQAKKAAW4LEErrorCode@@@Z 1000de35 f   LayoutEngine.obj
 0001:0000ce3d       ??0CanonMarkFilter@@QAE@PBUGlyphDefinitionTableHeader@@@Z 1000de3d f   LayoutEngine.obj
 0001:0000ce58       ?accept@CanonMarkFilter@@UBEDK@Z 1000de58 f   LayoutEngine.obj
 0001:0000ce6c       ?getGlyphPositions@LayoutEngine@@QBEXQAMAAW4LEErrorCode@@@Z 1000de6c f   LayoutEngine.obj
 0001:0000ce74       ?getGlyphPosition@LayoutEngine@@QBEXJAAM0AAW4LEErrorCode@@@Z 1000de74 f   LayoutEngine.obj
 0001:0000ce7c       ?computeGlyphs@LayoutEngine@@MAEJQBGJJJDAAVLEGlyphStorage@@AAW4LEErrorCode@@@Z 1000de7c f   LayoutEngine.obj
 0001:0000cf23       ?positionGlyphs@LayoutEngine@@MAEXAAVLEGlyphStorage@@MMAAW4LEErrorCode@@@Z 1000df23 f   LayoutEngine.obj
 0001:0000cfb7       ?adjustMarkGlyphs@LayoutEngine@@KAXAAVLEGlyphStorage@@PAVLEGlyphFilter@@AAW4LEErrorCode@@@Z 1000dfb7 f   LayoutEngine.obj
 0001:0000d07f       ?adjustMarkGlyphs@LayoutEngine@@KAXQBGJDAAVLEGlyphStorage@@PAVLEGlyphFilter@@AAW4LEErrorCode@@@Z 1000e07f f   LayoutEngine.obj
 0001:0000d170       ?getFontTable@LayoutEngine@@MBEPBXK@Z 1000e170 f   LayoutEngine.obj
 0001:0000d178       ?layoutChars@LayoutEngine@@QAEJQBGJJJDMMAAW4LEErrorCode@@@Z 1000e178 f   LayoutEngine.obj
 0001:0000d20e       ?reset@LayoutEngine@@UAEXXZ 1000e20e f   LayoutEngine.obj
 0001:0000d216       ?layoutEngineFactory@LayoutEngine@@SAPAV1@PBVLEFontInstance@@JJJAAW4LEErrorCode@@@Z 1000e216 f   LayoutEngine.obj
 0001:0000d4a1       ??_EDefaultCharMapper@@UAEPAXI@Z 1000e4a1 f i LayoutEngine.obj
 0001:0000d4a1       ??_GDefaultCharMapper@@UAEPAXI@Z 1000e4a1 f i LayoutEngine.obj
 0001:0000d4a1       ??_GLECharMapper@@UAEPAXI@Z 1000e4a1 f i LayoutEngine.obj
 0001:0000d4a1       ??_ELECharMapper@@UAEPAXI@Z 1000e4a1 f i LayoutEngine.obj
 0001:0000d4be       ??0CharSubstitutionFilter@@QAE@PBVLEFontInstance@@@Z 1000e4be f   LayoutEngine.obj
 0001:0000d4d0       ??_GCharSubstitutionFilter@@UAEPAXI@Z 1000e4d0 f i LayoutEngine.obj
 0001:0000d4d0       ??_GCanonMarkFilter@@UAEPAXI@Z 1000e4d0 f i LayoutEngine.obj
 0001:0000d4d0       ??_ECanonMarkFilter@@UAEPAXI@Z 1000e4d0 f i LayoutEngine.obj
 0001:0000d4d0       ??_ECharSubstitutionFilter@@UAEPAXI@Z 1000e4d0 f i LayoutEngine.obj
 0001:0000d4ed       ?characterProcessing@LayoutEngine@@MAEJQBGJJJDAAPAGAAVLEGlyphStorage@@AAW4LEErrorCode@@@Z 1000e4ed f   LayoutEngine.obj
 0001:0000d6fa       ?adjustGlyphPositions@LayoutEngine@@MAEXQBGJJDAAVLEGlyphStorage@@AAW4LEErrorCode@@@Z 1000e6fa f   LayoutEngine.obj
 0001:0000d782       ?mapCharsToGlyphs@LayoutEngine@@MAEXQBGJJDDAAVLEGlyphStorage@@AAW4LEErrorCode@@@Z 1000e782 f   LayoutEngine.obj
 0001:0000d7d6       ??1LayoutEngine@@UAE@XZ    1000e7d6 f   LayoutEngine.obj
 0001:0000d7f4       ??_ELayoutEngine@@UAEPAXI@Z 1000e7f4 f i LayoutEngine.obj
 0001:0000d7f4       ??_GLayoutEngine@@UAEPAXI@Z 1000e7f4 f i LayoutEngine.obj
 0001:0000d810       ?SetFloatField@JNIEnv_@@QAEXPAV_jobject@@PAU_jfieldID@@M@Z 1000e810 f i SunLayoutEngine.obj
 0001:0000d82c       ?GetCharArrayRegion@JNIEnv_@@QAEXPAV_jcharArray@@JJPAG@Z 1000e82c f i SunLayoutEngine.obj
 0001:0000d848       ?canDisplay@LEFontInstance@@UBEDK@Z 1000e848 f i SunLayoutEngine.obj
 0001:0000d85b       ?xUnitsToPoints@LEFontInstance@@UBEMM@Z 1000e85b f i SunLayoutEngine.obj
 0001:0000d882       ?yUnitsToPoints@LEFontInstance@@UBEMM@Z 1000e882 f i SunLayoutEngine.obj
 0001:0000d8a9       ?xPixelsToUnits@LEFontInstance@@UBEMM@Z 1000e8a9 f i SunLayoutEngine.obj
 0001:0000d8d0       ?yPixelsToUnits@LEFontInstance@@UBEMM@Z 1000e8d0 f i SunLayoutEngine.obj
 0001:0000d8f7       ?pixelsToUnits@FontInstanceAdapter@@UBEXAAULEPoint@@0@Z 1000e8f7 f i FontInstanceAdapter.obj
 0001:0000d8f7       ?pixelsToUnits@LEFontInstance@@UBEXAAULEPoint@@0@Z 1000e8f7 f i SunLayoutEngine.obj
 0001:0000d928       ?transformFunits@LEFontInstance@@UBEXMMAAULEPoint@@@Z 1000e928 f i SunLayoutEngine.obj
 0001:0000d971       ?getLineHeight@LEFontInstance@@UBEJXZ 1000e971 f i SunLayoutEngine.obj
 0001:0000d991       ?getFloat@@YAXPAUJNIEnv_@@PAV_jobject@@AAM2@Z 1000e991 f   SunLayoutEngine.obj
 0001:0000d9c9       ?putFloat@@YAXPAUJNIEnv_@@PAV_jobject@@MM@Z 1000e9c9 f   SunLayoutEngine.obj
 0001:0000d9fe       _Java_sun_font_SunLayoutEngine_initGVIDs@8 1000e9fe f   SunLayoutEngine.obj
 0001:0000db09       ?putGV@@YAHPAUJNIEnv_@@JJPAV_jobject@@PBVLayoutEngine@@H@Z 1000eb09 f   SunLayoutEngine.obj
 0001:0000dc8d       _Java_sun_font_SunLayoutEngine_nativeLayout@84 1000ec8d f   SunLayoutEngine.obj
 0001:0000de02       ?reset@OpenTypeLayoutEngine@@MAEXXZ 1000ee02 f   OpenTypeLayoutEngine.obj
 0001:0000de07       ??1OpenTypeLayoutEngine@@UAE@XZ 1000ee07 f   OpenTypeLayoutEngine.obj
 0001:0000de1d       ?getScriptTag@OpenTypeLayoutEngine@@SAKJ@Z 1000ee1d f   OpenTypeLayoutEngine.obj
 0001:0000de36       ?getLangSysTag@OpenTypeLayoutEngine@@SAKJ@Z 1000ee36 f   OpenTypeLayoutEngine.obj
 0001:0000de4f       ?setScriptAndLanguageTags@OpenTypeLayoutEngine@@AAEXXZ 1000ee4f f   OpenTypeLayoutEngine.obj
 0001:0000de69       ?characterProcessing@OpenTypeLayoutEngine@@MAEJQBGJJJDAAPAGAAVLEGlyphStorage@@AAW4LEErrorCode@@@Z 1000ee69 f   OpenTypeLayoutEngine.obj
 0001:0000df0a       ?glyphProcessing@OpenTypeLayoutEngine@@MAEJQBGJJJDAAVLEGlyphStorage@@AAW4LEErrorCode@@@Z 1000ef0a f   OpenTypeLayoutEngine.obj
 0001:0000df9e       ?glyphPostProcessing@OpenTypeLayoutEngine@@MAEJAAVLEGlyphStorage@@0AAW4LEErrorCode@@@Z 1000ef9e f   OpenTypeLayoutEngine.obj
 0001:0000dfdd       ?computeGlyphs@OpenTypeLayoutEngine@@MAEJQBGJJJDAAVLEGlyphStorage@@AAW4LEErrorCode@@@Z 1000efdd f   OpenTypeLayoutEngine.obj
 0001:0000e0a7       ??0OpenTypeLayoutEngine@@QAE@PBVLEFontInstance@@JJJPBUGlyphSubstitutionTableHeader@@@Z 1000f0a7 f   OpenTypeLayoutEngine.obj
 0001:0000e158       ??_EOpenTypeLayoutEngine@@UAEPAXI@Z 1000f158 f i OpenTypeLayoutEngine.obj
 0001:0000e158       ??_GOpenTypeLayoutEngine@@UAEPAXI@Z 1000f158 f i OpenTypeLayoutEngine.obj
 0001:0000e174       ??0OpenTypeLayoutEngine@@QAE@PBVLEFontInstance@@JJJ@Z 1000f174 f   OpenTypeLayoutEngine.obj
 0001:0000e1b0       ?adjustGlyphPositions@OpenTypeLayoutEngine@@MAEXQBGJJDAAVLEGlyphStorage@@AAW4LEErrorCode@@@Z 1000f1b0 f   OpenTypeLayoutEngine.obj
 0001:0000e35e       ??0ThaiLayoutEngine@@QAE@PBVLEFontInstance@@JJJ@Z 1000f35e f   ThaiLayoutEngine.obj
 0001:0000e3e3       ?computeGlyphs@ThaiLayoutEngine@@MAEJQBGJJJDAAVLEGlyphStorage@@AAW4LEErrorCode@@@Z 1000f3e3 f   ThaiLayoutEngine.obj
 0001:0000e4d5       ??_GThaiLayoutEngine@@UAEPAXI@Z 1000f4d5 f i ThaiLayoutEngine.obj
 0001:0000e4d5       ??_EThaiLayoutEngine@@UAEPAXI@Z 1000f4d5 f i ThaiLayoutEngine.obj
 0001:0000e4f7       ?NewObject@JNIEnv_@@QAAPAV_jobject@@PAV_jclass@@PAU_jmethodID@@ZZ 1000f4f7 f i FontInstanceAdapter.obj
 0001:0000e50f       ?CallObjectMethod@JNIEnv_@@QAAPAV_jobject@@PAV2@PAU_jmethodID@@ZZ 1000f50f f i FontInstanceAdapter.obj
 0001:0000e52a       ?CallIntMethod@JNIEnv_@@QAAJPAV_jobject@@PAU_jmethodID@@ZZ 1000f52a f i FontInstanceAdapter.obj
 0001:0000e545       ?getFontTable@FontInstanceAdapter@@UBEPBXK@Z 1000f545 f   FontInstanceAdapter.obj
 0001:0000e685       ?mapCharToGlyph@FontInstanceAdapter@@UBEKKPBVLECharMapper@@@Z 1000f685 f   FontInstanceAdapter.obj
 0001:0000e6d6       ?mapCharToGlyph@FontInstanceAdapter@@UBEKK@Z 1000f6d6 f   FontInstanceAdapter.obj
 0001:0000e6f1       ?mapCharsToWideGlyphs@FontInstanceAdapter@@UBEXQBGJJDPBVLECharMapper@@QAK@Z 1000f6f1 f   FontInstanceAdapter.obj
 0001:0000e799       ?mapCharToWideGlyph@FontInstanceAdapter@@UBEKKPBVLECharMapper@@@Z 1000f799 f   FontInstanceAdapter.obj
 0001:0000e7e2       ?getGlyphAdvance@FontInstanceAdapter@@UBEXKAAULEPoint@@@Z 1000f7e2 f   FontInstanceAdapter.obj
 0001:0000e7e7       ?getKerningAdjustment@FontInstanceAdapter@@UBEXAAULEPoint@@@Z 1000f7e7 f   FontInstanceAdapter.obj
 0001:0000e8d6       ?getWideGlyphAdvance@FontInstanceAdapter@@UBEXKAAULEPoint@@@Z 1000f8d6 f   FontInstanceAdapter.obj
 0001:0000e94c       ?getGlyphPoint@FontInstanceAdapter@@UBEDKJAAULEPoint@@@Z 1000f94c f   FontInstanceAdapter.obj
 0001:0000e9b0       ?transformFunits@FontInstanceAdapter@@UBEXMMAAULEPoint@@@Z 1000f9b0 f   FontInstanceAdapter.obj
 0001:0000ea50       ?euclidianDistance@FontInstanceAdapter@@AAEMMM@Z 1000fa50 f   FontInstanceAdapter.obj
 0001:0000eb3d       ??0FontInstanceAdapter@@QAE@PAUJNIEnv_@@PAV_jobject@@1PAMJJJPAUTTLayoutTableCache@@@Z 1000fb3d f   FontInstanceAdapter.obj
 0001:0000ec20       ?getSubFont@FontInstanceAdapter@@UBEPBVLEFontInstance@@QBGPAJJJAAW4LEErrorCode@@@Z 1000fc20 f i FontInstanceAdapter.obj
 0001:0000ec25       ?getKernPairs@FontInstanceAdapter@@UBEPAXXZ 1000fc25 f i FontInstanceAdapter.obj
 0001:0000ec2c       ?setKernPairs@FontInstanceAdapter@@UBEXPAX@Z 1000fc2c f i FontInstanceAdapter.obj
 0001:0000ec39       ?canDisplay@FontInstanceAdapter@@UBEDK@Z 1000fc39 f i FontInstanceAdapter.obj
 0001:0000ec54       ?CallBooleanMethod@JNIEnv_@@QAAEPAV_jobject@@PAU_jmethodID@@ZZ 1000fc54 f i FontInstanceAdapter.obj
 0001:0000ec6f       ?getUnitsPerEM@FontInstanceAdapter@@UBEJXZ 1000fc6f f i FontInstanceAdapter.obj
 0001:0000ec73       ?getXPixelsPerEm@FontInstanceAdapter@@UBEMXZ 1000fc73 f i FontInstanceAdapter.obj
 0001:0000ec77       ?getYPixelsPerEm@FontInstanceAdapter@@UBEMXZ 1000fc77 f i FontInstanceAdapter.obj
 0001:0000ec7b       ?xUnitsToPoints@FontInstanceAdapter@@UBEMM@Z 1000fc7b f i FontInstanceAdapter.obj
 0001:0000ec85       ?yUnitsToPoints@FontInstanceAdapter@@UBEMM@Z 1000fc85 f i FontInstanceAdapter.obj
 0001:0000ec8f       ?unitsToPoints@FontInstanceAdapter@@UBEXAAULEPoint@@0@Z 1000fc8f f i FontInstanceAdapter.obj
 0001:0000ec8f       ?unitsToPoints@LEFontInstance@@UBEXAAULEPoint@@0@Z 1000fc8f f i SunLayoutEngine.obj
 0001:0000ecc0       ?xPixelsToUnits@FontInstanceAdapter@@UBEMM@Z 1000fcc0 f i FontInstanceAdapter.obj
 0001:0000ecca       ?yPixelsToUnits@FontInstanceAdapter@@UBEMM@Z 1000fcca f i FontInstanceAdapter.obj
 0001:0000ecd4       ?getScaleFactorX@FontInstanceAdapter@@UBEMXZ 1000fcd4 f i FontInstanceAdapter.obj
 0001:0000ecd8       ?getScaleFactorY@FontInstanceAdapter@@UBEMXZ 1000fcd8 f i FontInstanceAdapter.obj
 0001:0000ecdc       ?getLeading@FontInstanceAdapter@@UBEJXZ 1000fcdc f i FontInstanceAdapter.obj
 0001:0000ecdc       ?getAscent@FontInstanceAdapter@@UBEJXZ 1000fcdc f i FontInstanceAdapter.obj
 0001:0000ecdc       ?getDescent@FontInstanceAdapter@@UBEJXZ 1000fcdc f i FontInstanceAdapter.obj
 0001:0000ecdf       ??_GLEFontInstance@@UAEPAXI@Z 1000fcdf f i SunLayoutEngine.obj
 0001:0000ecdf       ??_GFontInstanceAdapter@@UAEPAXI@Z 1000fcdf f i FontInstanceAdapter.obj
 0001:0000ecdf       ??_EFontInstanceAdapter@@UAEPAXI@Z 1000fcdf f i FontInstanceAdapter.obj
 0001:0000ecdf       ??_ELEFontInstance@@UAEPAXI@Z 1000fcdf f i SunLayoutEngine.obj
 0001:0000ecfc       _D3DRefineBounds           1000fcfc f   D3DTextRenderer.obj
 0001:0000edb6       _Java_sun_java2d_d3d_D3DTextRenderer_doDrawGlyphList@32 1000fdb6 f   D3DTextRenderer.obj
 0001:0000ee30       _JNU_ReleaseStringPlatformChars@12 1000fe30 f   java:java.dll
 0001:0000ee36       _JNU_GetStringPlatformChars@12 1000fe36 f   java:java.dll
 0001:0000ee3c       _JNU_NewStringPlatform@8   1000fe3c f   java:java.dll
 0001:0000ee42       _JNU_ThrowNoSuchFieldException@8 1000fe42 f   java:java.dll
 0001:0000ee48       _JNU_ThrowInternalError@8  1000fe48 f   java:java.dll
 0001:0000ee4e       _JNU_ThrowClassNotFoundException@8 1000fe4e f   java:java.dll
 0001:0000ee54       _JNU_ThrowArrayIndexOutOfBoundsException@8 1000fe54 f   java:java.dll
 0001:0000ee60       _FT_Add_Default_Modules    1000fe60 f   freetype:ftinit.obj
 0001:0000ee90       _FT_Init_FreeType          1000fe90 f   freetype:ftinit.obj
 0001:0000eee0       _FT_Done_FreeType          1000fee0 f   freetype:ftinit.obj
 0001:0000ef00       _FT_RoundFix               1000ff00 f   freetype:ftbase.obj
 0001:0000efd0       _FT_MulDiv                 1000ffd0 f   freetype:ftbase.obj
 0001:0000f070       _FT_MulDiv_No_Round        10010070 f   freetype:ftbase.obj
 0001:0000f0f0       _FT_MulFix                 100100f0 f   freetype:ftbase.obj
 0001:0000f170       _FT_DivFix                 10010170 f   freetype:ftbase.obj
 0001:0000f1d0       _FT_Matrix_Invert          100101d0 f   freetype:ftbase.obj
 0001:0000f260       _FT_Matrix_Multiply_Scaled 10010260 f   freetype:ftbase.obj
 0001:0000f350       _FT_Vector_Transform_Scaled 10010350 f   freetype:ftbase.obj
 0001:0000f3c0       _FT_SqrtFixed              100103c0 f   freetype:ftbase.obj
 0001:0000f400       _ft_corner_orientation     10010400 f   freetype:ftbase.obj
 0001:0000f4c0       _ft_corner_is_flat         100104c0 f   freetype:ftbase.obj
 0001:0000f530       _FT_GlyphLoader_Rewind     10010530 f   freetype:ftbase.obj
 0001:0000f5b0       _FT_GlyphLoader_Prepare    100105b0 f   freetype:ftbase.obj
 0001:0000f620       _FT_GlyphLoader_Add        10010620 f   freetype:ftbase.obj
 0001:0000f670       _ft_service_list_lookup    10010670 f   freetype:ftbase.obj
 0001:0000f6e0       _ft_validator_init         100106e0 f   freetype:ftbase.obj
 0001:0000f700       _ft_validator_error        10010700 f   freetype:ftbase.obj
 0001:0000f720       _FT_Set_Transform          10010720 f   freetype:ftbase.obj
 0001:0000f900       _FT_Match_Size             10010900 f   freetype:ftbase.obj
 0001:0000f9f0       _ft_synthesize_vertical_metrics 100109f0 f   freetype:ftbase.obj
 0001:0000fab0       _FT_Select_Metrics         10010ab0 f   freetype:ftbase.obj
 0001:0000fb50       _FT_Request_Metrics        10010b50 f   freetype:ftbase.obj
 0001:0000fd80       _FT_Select_Size            10010d80 f   freetype:ftbase.obj
 0001:0000fdd0       _FT_Request_Size           10010dd0 f   freetype:ftbase.obj
 0001:0000fe60       _FT_Set_Char_Size          10010e60 f   freetype:ftbase.obj
 0001:0000fee0       _FT_Select_Charmap         10010ee0 f   freetype:ftbase.obj
 0001:0000ff50       _FT_Get_Char_Index         10010f50 f   freetype:ftbase.obj
 0001:0000ff70       _FT_Get_Next_Char          10010f70 f   freetype:ftbase.obj
 0001:0000ffc0       _FT_Get_CMap_Format        10010fc0 f   freetype:ftbase.obj
 0001:00010010       _FT_Activate_Size          10011010 f   freetype:ftbase.obj
 0001:00010040       _FT_Lookup_Renderer        10011040 f   freetype:ftbase.obj
 0001:00010120       _FT_Get_Module             10011120 f   freetype:ftbase.obj
 0001:000101a0       _FT_Get_Module_Interface   100111a0 f   freetype:ftbase.obj
 0001:000101c0       _ft_module_get_service     100111c0 f   freetype:ftbase.obj
 0001:00010220       _ft_stub_set_char_sizes    10011220 f   freetype:ftbase.obj
 0001:000102a0       _ft_stub_set_pixel_sizes   100112a0 f   freetype:ftbase.obj
 0001:00010300       _FT_Outline_Decompose      10011300 f   freetype:ftbase.obj
 0001:000106b0       _FT_Outline_Check          100116b0 f   freetype:ftbase.obj
 0001:00010710       _FT_Outline_Get_CBox       10011710 f   freetype:ftbase.obj
 0001:000107a0       _FT_Outline_Translate      100117a0 f   freetype:ftbase.obj
 0001:000107f0       _FT_Vector_Transform       100117f0 f   freetype:ftbase.obj
 0001:00010850       _FT_Outline_Transform      10011850 f   freetype:ftbase.obj
 0001:00010890       _FT_Outline_Get_Orientation 10011890 f   freetype:ftbase.obj
 0001:00010b30       _FT_Stream_OpenMemory      10011b30 f   freetype:ftbase.obj
 0001:00010b50       _FT_Stream_Close           10011b50 f   freetype:ftbase.obj
 0001:00010b70       _FT_Stream_Seek            10011b70 f   freetype:ftbase.obj
 0001:00010bb0       _FT_Stream_Skip            10011bb0 f   freetype:ftbase.obj
 0001:00010c00       _FT_Stream_Pos             10011c00 f   freetype:ftbase.obj
 0001:00010c10       _FT_Stream_ReadAt          10011c10 f   freetype:ftbase.obj
 0001:00010ca0       _FT_Stream_TryRead         10011ca0 f   freetype:ftbase.obj
 0001:00010d10       _FT_Stream_GetChar         10011d10 f   freetype:ftbase.obj
 0001:00010d30       _FT_Stream_GetShort        10011d30 f   freetype:ftbase.obj
 0001:00010d60       _FT_Stream_GetShortLE      10011d60 f   freetype:ftbase.obj
 0001:00010d90       _FT_Stream_GetLong         10011d90 f   freetype:ftbase.obj
 0001:00010dd0       _FT_Stream_GetLongLE       10011dd0 f   freetype:ftbase.obj
 0001:00010e10       _FT_Stream_ReadChar        10011e10 f   freetype:ftbase.obj
 0001:00010e80       _FT_Stream_ReadShort       10011e80 f   freetype:ftbase.obj
 0001:00010ef0       _FT_Stream_ReadShortLE     10011ef0 f   freetype:ftbase.obj
 0001:00010f60       _FT_Stream_ReadOffset      10011f60 f   freetype:ftbase.obj
 0001:00010fe0       _FT_Stream_ReadLong        10011fe0 f   freetype:ftbase.obj
 0001:00011060       _FT_Stream_ReadLongLE      10012060 f   freetype:ftbase.obj
 0001:00011350       _FT_Vector_Rotate          10012350 f   freetype:ftbase.obj
 0001:000113f0       _FT_Vector_Length          100123f0 f   freetype:ftbase.obj
 0001:00011470       _ft_mem_qalloc             10012470 f   freetype:ftbase.obj
 0001:000114c0       _ft_mem_free               100124c0 f   freetype:ftbase.obj
 0001:000114e0       _ft_mem_dup                100124e0 f   freetype:ftbase.obj
 0001:00011550       _ft_mem_strdup             10012550 f   freetype:ftbase.obj
 0001:000115a0       _ft_mem_strcpyn            100125a0 f   freetype:ftbase.obj
 0001:000115e0       _FT_List_Find              100125e0 f   freetype:ftbase.obj
 0001:00011600       _FT_List_Add               10012600 f   freetype:ftbase.obj
 0001:00011630       _FT_List_Remove            10012630 f   freetype:ftbase.obj
 0001:00011660       _FT_List_Up                10012660 f   freetype:ftbase.obj
 0001:000116b0       _FT_List_Finalize          100126b0 f   freetype:ftbase.obj
 0001:00011700       _ft_highpow2               10012700 f   freetype:ftbase.obj
 0001:00011780       _FT_GlyphLoader_Reset      10012780 f   freetype:ftbase.obj
 0001:00011810       _FT_GlyphLoader_Done       10012810 f   freetype:ftbase.obj
 0001:00011830       _FT_Stream_Free            10012830 f   freetype:ftbase.obj
 0001:00011860       _ft_glyphslot_free_bitmap  10012860 f   freetype:ftbase.obj
 0001:000118b0       _ft_glyphslot_set_bitmap   100128b0 f   freetype:ftbase.obj
 0001:00011a80       _FT_Done_GlyphSlot         10012a80 f   freetype:ftbase.obj
 0001:00011d90       _FT_Done_Size              10012d90 f   freetype:ftbase.obj
 0001:00011e40       _FT_Set_Charmap            10012e40 f   freetype:ftbase.obj
 0001:00011f40       _FT_Set_Renderer           10012f40 f   freetype:ftbase.obj
 0001:00011fe0       _FT_Render_Glyph_Internal  10012fe0 f   freetype:ftbase.obj
 0001:000120d0       _FT_Render_Glyph           100130d0 f   freetype:ftbase.obj
 0001:00012100       _FT_Outline_Embolden       10013100 f   freetype:ftbase.obj
 0001:00012530       _FT_Stream_Read            10013530 f   freetype:ftbase.obj
 0001:00012550       _FT_Stream_ReleaseFrame    10013550 f   freetype:ftbase.obj
 0001:000125a0       _FT_Stream_EnterFrame      100135a0 f   freetype:ftbase.obj
 0001:00012660       _FT_Stream_ExitFrame       10013660 f   freetype:ftbase.obj
 0001:00012690       _FT_Stream_ReadFields      10013690 f   freetype:ftbase.obj
 0001:00012890       _ft_mem_alloc              10013890 f   freetype:ftbase.obj
 0001:00012900       _ft_mem_qrealloc           10013900 f   freetype:ftbase.obj
 0001:00012a10       _FT_GlyphLoader_New        10013a10 f   freetype:ftbase.obj
 0001:00012a50       _FT_Stream_New             10013a50 f   freetype:ftbase.obj
 0001:00012bf0       _ft_glyphslot_alloc_bitmap 10013bf0 f   freetype:ftbase.obj
 0001:00012c50       _FT_New_GlyphSlot          10013c50 f   freetype:ftbase.obj
 0001:00012cf0       _FT_Load_Glyph             10013cf0 f   freetype:ftbase.obj
 0001:000138d0       _FT_Done_Face              100148d0 f   freetype:ftbase.obj
 0001:00013940       _FT_New_Size               10014940 f   freetype:ftbase.obj
 0001:00013be0       _FT_Remove_Module          10014be0 f   freetype:ftbase.obj
 0001:00013c50       _FT_New_Library            10014c50 f   freetype:ftbase.obj
 0001:00013d00       _FT_Done_Library           10014d00 f   freetype:ftbase.obj
 0001:00013dc0       _FT_Raccess_Get_HeaderInfo 10014dc0 f   freetype:ftbase.obj
 0001:00014290       _FT_Stream_ExtractFrame    10015290 f   freetype:ftbase.obj
 0001:000142c0       _ft_mem_realloc            100152c0 f   freetype:ftbase.obj
 0001:00014340       _FT_Get_Advances           10015340 f   freetype:ftbase.obj
 0001:00014440       _FT_GlyphLoader_CreateExtra 10015440 f   freetype:ftbase.obj
 0001:00014490       _FT_GlyphLoader_CheckPoints 10015490 f   freetype:ftbase.obj
 0001:00014600       _FT_GlyphLoader_CheckSubGlyphs 10015600 f   freetype:ftbase.obj
 0001:00014660       _FT_GlyphLoader_CopyPoints 10015660 f   freetype:ftbase.obj
 0001:00014750       _FT_CMap_New               10015750 f   freetype:ftbase.obj
 0001:00014840       _FT_Add_Module             10015840 f   freetype:ftbase.obj
 0001:00014a10       _FT_Raccess_Get_DataOffsets 10015a10 f   freetype:ftbase.obj
 0001:00014e10       _FT_Get_Advance            10015e10 f   freetype:ftbase.obj
 0001:000150c0       _FT_Raccess_Guess          100160c0 f   freetype:ftbase.obj
 0001:00015360       _FT_Open_Face              10016360 f   freetype:ftbase.obj
 0001:00015720       _FT_New_Memory_Face        10016720 f   freetype:ftbase.obj
 0001:00015770       _FT_GlyphSlot_Oblique      10016770 f   freetype:ftsynth.obj
 0001:000157c0       _FT_GlyphSlot_Embolden     100167c0 f   freetype:ftsynth.obj
 0001:00015cc0       _FT_Outline_Get_BBox       10016cc0 f   freetype:ftbbox.obj
 0001:00027270       _ps_hints_apply            10028270 f   freetype:pshinter.obj
 0001:000435d0       _TT_RunIns                 100445d0 f   freetype:truetype.obj
 0001:0004bcf0       _FT_Stream_Open            1004ccf0 f   freetype:ftsystem.obj
 0001:0004bd70       _FT_New_Memory             1004cd70 f   freetype:ftsystem.obj
 0001:0004bda0       _FT_Done_Memory            1004cda0 f   freetype:ftsystem.obj
 0001:0004bdb0       _FT_Bitmap_New             1004cdb0 f   freetype:ftbitmap.obj
 0001:0004bdf0       _FT_Bitmap_Copy            1004cdf0 f   freetype:ftbitmap.obj
 0001:0004c120       _FT_Bitmap_Convert         1004d120 f   freetype:ftbitmap.obj
 0001:0004c480       _FT_GlyphSlot_Own_Bitmap   1004d480 f   freetype:ftbitmap.obj
 0001:0004c500       _FT_Bitmap_Done            1004d500 f   freetype:ftbitmap.obj
 0001:0004c570       _FT_Bitmap_Embolden        1004d570 f   freetype:ftbitmap.obj
 0001:0004ca90       _ft_lzwstate_init          1004da90 f   freetype:ftlzw.obj
 0001:0004caf0       _ft_lzwstate_done          1004daf0 f   freetype:ftlzw.obj
 0001:0004cb60       _ft_lzwstate_io            1004db60 f   freetype:ftlzw.obj
 0001:0004d140       _FT_Stream_OpenLZW         1004e140 f   freetype:ftlzw.obj
 0001:0004fa10       _FT_Stream_OpenGzip        10050a10 f   freetype:ftgzip.obj
 0001:0004fb62       _SurfaceData_IntersectBounds@8 10050b62 f   awt:awt.dll
 0001:0004fb68       _GrPrim_Sg2dGetClip@12     10050b68 f   awt:awt.dll
 0001:0004fb6e       _GrPrim_Sg2dGetCompInfo@16 10050b6e f   awt:awt.dll
 0001:0004fb74       _SurfaceData_GetOps@8      10050b74 f   awt:awt.dll
 0001:0004fb7a       _GrPrim_Sg2dGetEaRGB@8     10050b7a f   awt:awt.dll
 0001:0004fb80       _GrPrim_Sg2dGetPixel@8     10050b80 f   awt:awt.dll
 0001:0004fb86       _GetNativePrim@8           10050b86 f   awt:awt.dll
 0001:0004fb8c       _GrPrim_Sg2dGetLCDTextContrast@8 10050b8c f   awt:awt.dll
 0001:0004fb92       _D3DDrawGlyphList@36       10050b92 f   awt:awt.dll
 0001:0004fb98       _Region_GetBounds@12       10050b98 f   awt:awt.dll
 0001:0004fb9e       _free                      10050b9e f   MSVCRT:MSVCR71.dll
 0001:0004fba4       _realloc                   10050ba4 f   MSVCRT:MSVCR71.dll
 0001:0004fbaa       _malloc                    10050baa f   MSVCRT:MSVCR71.dll
 0001:0004fbb0       _memset                    10050bb0 f   MSVCRT:MSVCR71.dll
 0001:0004fbb6       _memcpy                    10050bb6 f   MSVCRT:MSVCR71.dll
 0001:0004fbc0       __ftol2                    10050bc0 f   MSVCRT:ftol2.obj
 0001:0004fc36       _pow                       10050c36 f   MSVCRT:MSVCR71.dll
 0001:0004fc3c       _sqrt                      10050c3c f   MSVCRT:MSVCR71.dll
 0001:0004fc42       _strcpy                    10050c42 f   MSVCRT:MSVCR71.dll
 0001:0004fc48       _strlen                    10050c48 f   MSVCRT:MSVCR71.dll
 0001:0004fc4e       _strcat                    10050c4e f   MSVCRT:MSVCR71.dll
 0001:0004fc54       _strrchr                   10050c54 f   MSVCRT:MSVCR71.dll
 0001:0004fc5a       _strcmp                    10050c5a f   MSVCRT:MSVCR71.dll
 0001:0004fc60       _strstr                    10050c60 f   MSVCRT:MSVCR71.dll
 0001:0004fc66       ??3@YAXPAX@Z               10050c66 f   MSVCRT:MSVCR71.dll
 0001:0004fc6c       ??2@YAPAXI@Z               10050c6c f   MSVCRT:MSVCR71.dll
 0001:0004fc72       __purecall                 10050c72 f   MSVCRT:MSVCR71.dll
 0001:0004fc78       __CRT_INIT@12              10050c78 f   MSVCRT:crtdll.obj
 0001:0004fd36       __DllMainCRTStartup@12     10050d36 f   MSVCRT:crtdll.obj
 0001:0004fe1a       _longjmp                   10050e1a f   MSVCRT:MSVCR71.dll
 0001:0004fe20       _strncpy                   10050e20 f   MSVCRT:MSVCR71.dll
 0001:0004fe26       _memmove                   10050e26 f   MSVCRT:MSVCR71.dll
 0001:0004fe2c       _qsort                     10050e2c f   MSVCRT:MSVCR71.dll
 0001:0004fe32       _sprintf                   10050e32 f   MSVCRT:MSVCR71.dll
 0001:0004fe38       __setjmp3                  10050e38 f   MSVCRT:MSVCR71.dll
 0001:0004fe3e       _memchr                    10050e3e f   MSVCRT:MSVCR71.dll
 0001:0004fe44       _strncmp                   10050e44 f   MSVCRT:MSVCR71.dll
 0001:0004fe4a       _atol                      10050e4a f   MSVCRT:MSVCR71.dll
 0001:0004fe50       _fclose                    10050e50 f   MSVCRT:MSVCR71.dll
 0001:0004fe56       _fread                     10050e56 f   MSVCRT:MSVCR71.dll
 0001:0004fe5c       _fseek                     10050e5c f   MSVCRT:MSVCR71.dll
 0001:0004fe62       _ftell                     10050e62 f   MSVCRT:MSVCR71.dll
 0001:0004fe68       _fopen                     10050e68 f   MSVCRT:MSVCR71.dll
 0001:0004fe6e       __initterm                 10050e6e f   MSVCRT:MSVCR71.dll
 0001:0004fe74       __onexit                   10050e74 f   MSVCRT:atonexit.obj
 0001:0004fe9a       _atexit                    10050e9a f   MSVCRT:atonexit.obj
 0001:0004feac       __RTC_Initialize           10050eac f   MSVCRT:initsect.obj
 0001:0004fef0       __RTC_Terminate            10050ef0 f   MSVCRT:initsect.obj
 0001:0004ff34       ___CppXcptFilter           10050f34 f   MSVCRT:MSVCR71.dll
 0001:0004ff3a       _DllMain@12                10050f3a f   MSVCRT:dllmain.obj
 0001:0004ff5c       __SEH_prolog               10050f5c f   MSVCRT:sehprolg.obj
 0001:0004ff97       __SEH_epilog               10050f97 f   MSVCRT:sehprolg.obj
 0001:0004ffa8       __except_handler3          10050fa8 f   MSVCRT:MSVCR71.dll
 0001:0004ffae       ___dllonexit               10050fae f   MSVCRT:MSVCR71.dll
 0002:00000000       __imp__RegEnumValueW@32    10051000     advapi32:ADVAPI32.dll
 0002:00000004       __imp__RegCloseKey@4       10051004     advapi32:ADVAPI32.dll
 0002:00000008       __imp__RegQueryInfoKeyA@48 10051008     advapi32:ADVAPI32.dll
 0002:0000000c       __imp__RegOpenKeyExA@20    1005100c     advapi32:ADVAPI32.dll
 0002:00000010       __imp__RegQueryInfoKeyW@48 10051010     advapi32:ADVAPI32.dll
 0002:00000014       __imp__RegEnumValueA@32    10051014     advapi32:ADVAPI32.dll
 0002:00000018       \177ADVAPI32_NULL_THUNK_DATA 10051018     advapi32:ADVAPI32.dll
 0002:0000001c       __imp__EnumFontFamiliesExA@20 1005101c     gdi32:GDI32.dll
 0002:00000020       __imp__EnumFontFamiliesExW@20 10051020     gdi32:GDI32.dll
 0002:00000024       \177GDI32_NULL_THUNK_DATA  10051024     gdi32:GDI32.dll
 0002:00000028       __imp__GetWindowsDirectoryA@8 10051028     kernel32:KERNEL32.dll
 0002:0000002c       __imp__GetSystemDirectoryA@8 1005102c     kernel32:KERNEL32.dll
 0002:00000030       __imp__GetVersionExA@4     10051030     kernel32:KERNEL32.dll
 0002:00000034       __imp__DisableThreadLibraryCalls@4 10051034     kernel32:KERNEL32.dll
 0002:00000038       \177KERNEL32_NULL_THUNK_DATA 10051038     kernel32:KERNEL32.dll
 0002:0000003c       __imp____dllonexit         1005103c     MSVCRT:MSVCR71.dll
 0002:00000040       __imp___onexit             10051040     MSVCRT:MSVCR71.dll
 0002:00000044       __imp__stricmp             10051044     MSVCRT:MSVCR71.dll
 0002:00000044       __imp___stricmp            10051044     MSVCRT:MSVCR71.dll
 0002:00000048       __imp__strcpy              10051048     MSVCRT:MSVCR71.dll
 0002:0000004c       __imp___except_handler3    1005104c     MSVCRT:MSVCR71.dll
 0002:00000050       __imp____CppXcptFilter     10051050     MSVCRT:MSVCR71.dll
 0002:00000054       __imp___adjust_fdiv        10051054     MSVCRT:MSVCR71.dll
 0002:00000058       __imp___initterm           10051058     MSVCRT:MSVCR71.dll
 0002:0000005c       __imp__fopen               1005105c     MSVCRT:MSVCR71.dll
 0002:00000060       __imp__ftell               10051060     MSVCRT:MSVCR71.dll
 0002:00000064       __imp__fseek               10051064     MSVCRT:MSVCR71.dll
 0002:00000068       __imp__fread               10051068     MSVCRT:MSVCR71.dll
 0002:0000006c       __imp__fclose              1005106c     MSVCRT:MSVCR71.dll
 0002:00000070       __imp__atol                10051070     MSVCRT:MSVCR71.dll
 0002:00000074       __imp__strncmp             10051074     MSVCRT:MSVCR71.dll
 0002:00000078       __imp__free                10051078     MSVCRT:MSVCR71.dll
 0002:0000007c       __imp__calloc              1005107c     MSVCRT:MSVCR71.dll
 0002:00000080       __imp__realloc             10051080     MSVCRT:MSVCR71.dll
 0002:00000084       __imp__malloc              10051084     MSVCRT:MSVCR71.dll
 0002:00000088       __imp__memset              10051088     MSVCRT:MSVCR71.dll
 0002:0000008c       __imp__memcpy              1005108c     MSVCRT:MSVCR71.dll
 0002:00000090       __imp__floor               10051090     MSVCRT:MSVCR71.dll
 0002:00000094       __imp__pow                 10051094     MSVCRT:MSVCR71.dll
 0002:00000098       __imp__getenv              10051098     MSVCRT:MSVCR71.dll
 0002:0000009c       __imp__sqrt                1005109c     MSVCRT:MSVCR71.dll
 0002:000000a0       __imp___wcsicmp            100510a0     MSVCRT:MSVCR71.dll
 0002:000000a0       __imp__wcsicmp             100510a0     MSVCRT:MSVCR71.dll
 0002:000000a4       __imp__strlen              100510a4     MSVCRT:MSVCR71.dll
 0002:000000a8       __imp__strcat              100510a8     MSVCRT:MSVCR71.dll
 0002:000000ac       __imp__strrchr             100510ac     MSVCRT:MSVCR71.dll
 0002:000000b0       __imp__wcscmp              100510b0     MSVCRT:MSVCR71.dll
 0002:000000b4       __imp__wcscpy              100510b4     MSVCRT:MSVCR71.dll
 0002:000000b8       __imp__wcslen              100510b8     MSVCRT:MSVCR71.dll
 0002:000000bc       __imp__strcmp              100510bc     MSVCRT:MSVCR71.dll
 0002:000000c0       __imp__strstr              100510c0     MSVCRT:MSVCR71.dll
 0002:000000c4       __imp__wcsstr              100510c4     MSVCRT:MSVCR71.dll
 0002:000000c8       __imp__wcsrchr             100510c8     MSVCRT:MSVCR71.dll
 0002:000000cc       __imp_??3@YAXPAX@Z         100510cc     MSVCRT:MSVCR71.dll
 0002:000000d0       __imp_??2@YAPAXI@Z         100510d0     MSVCRT:MSVCR71.dll
 0002:000000d4       __imp___purecall           100510d4     MSVCRT:MSVCR71.dll
 0002:000000d8       __imp__longjmp             100510d8     MSVCRT:MSVCR71.dll
 0002:000000dc       __imp__strncpy             100510dc     MSVCRT:MSVCR71.dll
 0002:000000e0       __imp__memmove             100510e0     MSVCRT:MSVCR71.dll
 0002:000000e4       __imp__qsort               100510e4     MSVCRT:MSVCR71.dll
 0002:000000e8       __imp__sprintf             100510e8     MSVCRT:MSVCR71.dll
 0002:000000ec       __imp___setjmp3            100510ec     MSVCRT:MSVCR71.dll
 0002:000000f0       __imp__memchr              100510f0     MSVCRT:MSVCR71.dll
 0002:000000f4       \177MSVCR71_NULL_THUNK_DATA 100510f4     MSVCRT:MSVCR71.dll
 0002:000000f8       __imp__GetDC@4             100510f8     user32:USER32.dll
 0002:000000fc       \177USER32_NULL_THUNK_DATA 100510fc     user32:USER32.dll
 0002:00000100       __imp__D3DDrawGlyphList@36 10051100     awt:awt.dll
 0002:00000104       __imp__GrPrim_Sg2dGetLCDTextContrast@8 10051104     awt:awt.dll
 0002:00000108       __imp__GetNativePrim@8     10051108     awt:awt.dll
 0002:0000010c       __imp__GrPrim_Sg2dGetPixel@8 1005110c     awt:awt.dll
 0002:00000110       __imp__Region_GetBounds@12 10051110     awt:awt.dll
 0002:00000114       __imp__SurfaceData_GetOps@8 10051114     awt:awt.dll
 0002:00000118       __imp__GrPrim_Sg2dGetCompInfo@16 10051118     awt:awt.dll
 0002:0000011c       __imp__GrPrim_Sg2dGetClip@12 1005111c     awt:awt.dll
 0002:00000120       __imp__SurfaceData_IntersectBounds@8 10051120     awt:awt.dll
 0002:00000124       __imp__GrPrim_Sg2dGetEaRGB@8 10051124     awt:awt.dll
 0002:00000128       \177awt_NULL_THUNK_DATA    10051128     awt:awt.dll
 0002:0000012c       __imp__JNU_ThrowArrayIndexOutOfBoundsException@8 1005112c     java:java.dll
 0002:00000130       __imp__JNU_ThrowClassNotFoundException@8 10051130     java:java.dll
 0002:00000134       __imp__JNU_ThrowInternalError@8 10051134     java:java.dll
 0002:00000138       __imp__JNU_ThrowNoSuchFieldException@8 10051138     java:java.dll
 0002:0000013c       __imp__JNU_NewStringPlatform@8 1005113c     java:java.dll
 0002:00000140       __imp__JNU_GetStringPlatformChars@12 10051140     java:java.dll
 0002:00000144       __imp__JNU_ReleaseStringPlatformChars@12 10051144     java:java.dll
 0002:00000148       \177java_NULL_THUNK_DATA   10051148     java:java.dll
[...]
 0001:0003e9c0       _tt_get_kerning            1003f9c0 f   freetype:truetype.obj
 0001:0003ea00       _tt_get_interface          1003fa00 f   freetype:truetype.obj
 0001:0003ea50       _tt_face_load_loca         1003fa50 f   freetype:truetype.obj
 0001:0003eb70       _tt_face_get_location      1003fb70 f   freetype:truetype.obj
 0001:0003ec30       _tt_face_load_fpgm         1003fc30 f   freetype:truetype.obj
 0001:0003ec80       _tt_face_load_prep         1003fc80 f   freetype:truetype.obj
 0001:0003ecd0       _tt_face_load_hdmx         1003fcd0 f   freetype:truetype.obj
 0001:0003ee40       _tt_face_get_device_metrics 1003fe40 f   freetype:truetype.obj
 0001:0003eea0       _tt_get_metrics            1003fea0 f   freetype:truetype.obj
 0001:0003efe0       _TT_Access_Glyph_Frame     1003ffe0 f   freetype:truetype.obj
 0001:0003f030       _TT_Forget_Glyph_Frame     10040030 f   freetype:truetype.obj
 0001:0003f040       _TT_Load_Glyph_Header      10040040 f   freetype:truetype.obj
 0001:0003f0d0       _TT_Load_Simple_Glyph      100400d0 f   freetype:truetype.obj
 0001:0003f520       _TT_Load_Composite_Glyph   10040520 f   freetype:truetype.obj
 0001:0003f760       _tt_prepare_zone           10040760 f   freetype:truetype.obj
 0001:0003f7b0       _TT_Process_Composite_Component 100407b0 f   freetype:truetype.obj
 0001:0003f960       _compute_glyph_metrics     10040960 f   freetype:truetype.obj
 0001:0003fb90       _load_sbit_image           10040b90 f   freetype:truetype.obj
 0001:0003fc60       _tt_glyphzone_done         10040c60 f   freetype:truetype.obj
 0001:0003fcd0       _tt_glyphzone_new          10040cd0 f   freetype:truetype.obj
 0001:0003fdd0       _tt_check_trickyness       10040dd0 f   freetype:truetype.obj
 0001:0003fe10       _tt_size_done_bytecode     10040e10 f   freetype:truetype.obj
 0001:0003fec0       _tt_size_init              10040ec0 f   freetype:truetype.obj
 0001:0003fee0       _tt_size_done              10040ee0 f   freetype:truetype.obj
 0001:0003ff00       _tt_size_reset             10040f00 f   freetype:truetype.obj
 0001:00040050       _tt_slot_init              10041050 f   freetype:truetype.obj
 0001:00040070       _TT_Done_Context           10041070 f   freetype:truetype.obj
 0001:000400f0       _Init_Context              100410f0 f   freetype:truetype.obj
 0001:00040160       _TT_Load_Context           10041160 f   freetype:truetype.obj
 0001:00040380       _TT_Save_Context           10041380 f   freetype:truetype.obj
 0001:00040400       _TT_Run_Context            10041400 f   freetype:truetype.obj
 0001:000404c0       _TT_MulFix14               100414c0 f   freetype:truetype.obj
 0001:00040520       _TT_DotFix14               10041520 f   freetype:truetype.obj
 0001:000405c0       _Current_Ratio             100415c0 f   freetype:truetype.obj
 0001:00040660       _Current_Ppem              10041660 f   freetype:truetype.obj
 0001:00040680       _Read_CVT                  10041680 f   freetype:truetype.obj
 0001:000406a0       _Read_CVT_Stretched        100416a0 f   freetype:truetype.obj
 0001:000406d0       _Write_CVT                 100416d0 f   freetype:truetype.obj
 0001:000406f0       _Write_CVT_Stretched       100416f0 f   freetype:truetype.obj
 0001:00040720       _Move_CVT                  10041720 f   freetype:truetype.obj
 0001:00040740       _Move_CVT_Stretched        10041740 f   freetype:truetype.obj
 0001:00040770       _Ins_Goto_CodeRange        10041770 f   freetype:truetype.obj
 0001:000407d0       _Direct_Move               100417d0 f   freetype:truetype.obj
 0001:00040860       _Direct_Move_Orig          10041860 f   freetype:truetype.obj
 0001:000408e0       _Direct_Move_X             100418e0 f   freetype:truetype.obj
 0001:00040910       _Direct_Move_Y             10041910 f   freetype:truetype.obj
 0001:00040940       _Direct_Move_Orig_X        10041940 f   freetype:truetype.obj
 0001:00040960       _Direct_Move_Orig_Y        10041960 f   freetype:truetype.obj
 0001:00040980       _Round_None                10041980 f   freetype:truetype.obj
 0001:000409b0       _Round_To_Grid             100419b0 f   freetype:truetype.obj
 0001:000409e0       _Round_To_Half_Grid        100419e0 f   freetype:truetype.obj
 0001:00040a20       _Round_Down_To_Grid        10041a20 f   freetype:truetype.obj
 0001:00040a50       _Round_Up_To_Grid          10041a50 f   freetype:truetype.obj
 0001:00040a80       _Round_To_Double_Grid      10041a80 f   freetype:truetype.obj
 0001:00040ab0       _Round_Super               10041ab0 f   freetype:truetype.obj
 0001:00040b10       _Round_Super_45            10041b10 f   freetype:truetype.obj
 0001:00040b70       _Compute_Round             10041b70 f   freetype:truetype.obj
 0001:00040c00       _SetSuperRound             10041c00 f   freetype:truetype.obj
 0001:00040e10       _Project                   10041e10 f   freetype:truetype.obj
 0001:00040e40       _Dual_Project              10041e40 f   freetype:truetype.obj
 0001:00040e70       _Project_x                 10041e70 f   freetype:truetype.obj
 0001:00040e80       _Project_y                 10041e80 f   freetype:truetype.obj
 0001:00040e90       _Compute_Funcs             10041e90 f   freetype:truetype.obj
 0001:00040fd0       _Normalize                 10041fd0 f   freetype:truetype.obj
 0001:00041110       _Ins_SxVTL                 10042110 f   freetype:truetype.obj
 0001:00041170       _Ins_MINDEX                10042170 f   freetype:truetype.obj
 0001:000411c0       _SkipCode                  100421c0 f   freetype:truetype.obj
 0001:00041250       _Ins_IF                    10042250 f   freetype:truetype.obj
 0001:000412a0       _Ins_FDEF                  100422a0 f   freetype:truetype.obj
 0001:00041360       _Ins_ENDF                  10042360 f   freetype:truetype.obj
 0001:000413c0       _Ins_CALL                  100423c0 f   freetype:truetype.obj
 0001:00041480       _Ins_LOOPCALL              10042480 f   freetype:truetype.obj
 0001:00041550       _Ins_IDEF                  10042550 f   freetype:truetype.obj
 0001:00041610       _Ins_NPUSHB                10042610 f   freetype:truetype.obj
 0001:00041680       _Ins_NPUSHW                10042680 f   freetype:truetype.obj
 0001:00041720       _Ins_PUSHB                 10042720 f   freetype:truetype.obj
 0001:00041780       _Ins_PUSHW                 10042780 f   freetype:truetype.obj
 0001:00041800       _Ins_GC                    10042800 f   freetype:truetype.obj
 0001:00041860       _Ins_SCFS                  10042860 f   freetype:truetype.obj
 0001:000418e0       _Ins_MD                    100428e0 f   freetype:truetype.obj
 0001:000419f0       _Ins_SDPVTL                100429f0 f   freetype:truetype.obj
 0001:00041ab0       _Ins_SZP0                  10042ab0 f   freetype:truetype.obj
 0001:00041b00       _Ins_SZP1                  10042b00 f   freetype:truetype.obj
 0001:00041b50       _Ins_SZP2                  10042b50 f   freetype:truetype.obj
 0001:00041ba0       _Ins_SZPS                  10042ba0 f   freetype:truetype.obj
 0001:00041c20       _Ins_INSTCTRL              10042c20 f   freetype:truetype.obj
 0001:00041c60       _Ins_SCANCTRL              10042c60 f   freetype:truetype.obj
 0001:00041d20       _Ins_FLIPPT                10042d20 f   freetype:truetype.obj
 0001:00041da0       _Ins_FLIPRGON              10042da0 f   freetype:truetype.obj
 0001:00041e00       _Ins_FLIPRGOFF             10042e00 f   freetype:truetype.obj
 0001:00041e60       _Compute_Point_Displacement 10042e60 f   freetype:truetype.obj
 0001:00041f40       _Ins_SHP                   10042f40 f   freetype:truetype.obj
 0001:00042050       _Ins_SHC                   10043050 f   freetype:truetype.obj
 0001:00042160       _Ins_SHZ                   10043160 f   freetype:truetype.obj
 0001:00042240       _Ins_SHPIX                 10043240 f   freetype:truetype.obj
 0001:00042330       _Ins_MSIRP                 10043330 f   freetype:truetype.obj
 0001:00042430       _Ins_MDAP                  10043430 f   freetype:truetype.obj
 0001:000424b0       _Ins_MIAP                  100434b0 f   freetype:truetype.obj
 0001:000425b0       _Ins_MDRP                  100435b0 f   freetype:truetype.obj
 0001:000427c0       _Ins_MIRP                  100437c0 f   freetype:truetype.obj
 0001:000429e0       _Ins_ALIGNRP               100439e0 f   freetype:truetype.obj
 0001:00042ab0       _Ins_ISECT                 10043ab0 f   freetype:truetype.obj
 0001:00042ce0       _Ins_ALIGNPTS              10043ce0 f   freetype:truetype.obj
 0001:00042d60       _Ins_IP                    10043d60 f   freetype:truetype.obj
 0001:00042f80       _Ins_UTP                   10043f80 f   freetype:truetype.obj
 0001:00042fd0       __iup_worker_interpolate   10043fd0 f   freetype:truetype.obj
 0001:00043110       _Ins_IUP                   10044110 f   freetype:truetype.obj
 0001:000432e0       _Ins_DELTAP                100442e0 f   freetype:truetype.obj
 0001:000433e0       _Ins_DELTAC                100443e0 f   freetype:truetype.obj
 0001:000434e0       _Ins_GETINFO               100444e0 f   freetype:truetype.obj
 0001:00043530       _Ins_UNKNOWN               10044530 f   freetype:truetype.obj
 0001:000443f0       _ft_var_readpackedpoints   100453f0 f   freetype:truetype.obj
 0001:00044530       _ft_var_readpackeddeltas   10045530 f   freetype:truetype.obj
 0001:00044640       _ft_var_load_avar          10045640 f   freetype:truetype.obj
 0001:000447f0       _ft_var_load_gvar          100457f0 f   freetype:truetype.obj
 0001:00044a20       _ft_var_apply_tuple        10045a20 f   freetype:truetype.obj
 0001:00044b30       _TT_Get_MM_Var             10045b30 f   freetype:truetype.obj
 0001:00044f30       _tt_face_vary_cvt          10045f30 f   freetype:truetype.obj
 0001:00045300       _TT_Vary_Get_Glyph_Deltas  10046300 f   freetype:truetype.obj
 0001:00045840       _tt_done_blend             10046840 f   freetype:truetype.obj
 0001:000458d0       _tt_get_advances           100468d0 f   freetype:truetype.obj
 0001:000459c0       _tt_size_select            100469c0 f   freetype:truetype.obj
 0001:00045a10       _tt_size_request           10046a10 f   freetype:truetype.obj
 0001:00045a80       _tt_face_load_cvt          10046a80 f   freetype:truetype.obj
 0001:00045b60       _TT_Hint_Glyph             10046b60 f   freetype:truetype.obj
 0001:00045da0       _TT_Process_Simple_Glyph   10046da0 f   freetype:truetype.obj
 0001:00045ff0       _TT_Process_Composite_Glyph 10046ff0 f   freetype:truetype.obj
 0001:000461d0       _load_truetype_glyph       100471d0 f   freetype:truetype.obj
 0001:00046910       _tt_face_init              10047910 f   freetype:truetype.obj
 0001:00046a60       _tt_face_done              10047a60 f   freetype:truetype.obj
 0001:00046b40       _tt_size_run_fpgm          10047b40 f   freetype:truetype.obj
 0001:00046c70       _tt_size_run_prep          10047c70 f   freetype:truetype.obj
 0001:00046d50       _tt_size_init_bytecode     10047d50 f   freetype:truetype.obj
 0001:00046ef0       _tt_size_ready_bytecode    10047ef0 f   freetype:truetype.obj
 0001:00046ff0       _tt_driver_init            10047ff0 f   freetype:truetype.obj
 0001:00047050       _tt_driver_done            10048050 f   freetype:truetype.obj
 0001:00047070       _TT_Set_MM_Blend           10048070 f   freetype:truetype.obj
 0001:000471f0       _TT_Set_Var_Design         100481f0 f   freetype:truetype.obj
 0001:00047400       _tt_loader_init            10048400 f   freetype:truetype.obj
 0001:000475f0       _TT_Load_Glyph             100485f0 f   freetype:truetype.obj
 0001:00047840       _Load_Glyph                10048840 f   freetype:truetype.obj
 0001:000478d0       _af_sort_widths            100488d0 f   freetype:autofit.obj
 0001:00047970       _af_face_globals_compute_script_coverage 10048970 f   freetype:autofit.obj
 0001:00047af0       _af_face_globals_free      10048af0 f   freetype:autofit.obj
 0001:00047b60       _af_face_globals_get_metrics 10048b60 f   freetype:autofit.obj
 0001:00047c30       _af_axis_hints_new_segment 10048c30 f   freetype:autofit.obj
 0001:00047cc0       _af_axis_hints_new_edge    10048cc0 f   freetype:autofit.obj
 0001:00047db0       _af_glyph_hints_done       10048db0 f   freetype:autofit.obj
 0001:00047e40       _af_glyph_hints_reload     10048e40 f   freetype:autofit.obj
 0001:00048210       _af_glyph_hints_save       10049210 f   freetype:autofit.obj
 0001:00048260       _af_glyph_hints_align_edge_points 10049260 f   freetype:autofit.obj
 0001:00048320       _af_glyph_hints_align_strong_points 10049320 f   freetype:autofit.obj
 0001:000484f0       _af_iup_interp             100494f0 f   freetype:autofit.obj
 0001:00048620       _af_glyph_hints_align_weak_points 10049620 f   freetype:autofit.obj
 0001:00048830       _af_dummy_hints_init       10049830 f   freetype:autofit.obj
 0001:00048850       _af_latin_metrics_init_blues 10049850 f   freetype:autofit.obj
 0001:00048ba0       _af_latin_metrics_check_digits 10049ba0 f   freetype:autofit.obj
 0001:00048c10       _af_latin_metrics_scale_dim 10049c10 f   freetype:autofit.obj
 0001:00048e20       _af_latin_metrics_scale    10049e20 f   freetype:autofit.obj
 0001:00048e50       _af_latin_hints_compute_segments 10049e50 f   freetype:autofit.obj
 0001:00049120       _af_latin_hints_link_segments 1004a120 f   freetype:autofit.obj
 0001:000492b0       _af_latin_hints_compute_edges 1004a2b0 f   freetype:autofit.obj
 0001:00049570       _af_latin_hints_compute_blue_edges 1004a570 f   freetype:autofit.obj
 0001:000496c0       _af_latin_hints_init       1004a6c0 f   freetype:autofit.obj
 0001:00049750       _af_latin_compute_stem_width 1004a750 f   freetype:autofit.obj
 0001:000498c0       _af_latin_hint_edges       1004a8c0 f   freetype:autofit.obj
 0001:00049e50       _af_latin_hints_apply      1004ae50 f   freetype:autofit.obj
 0001:00049f40       _af_indic_metrics_scale    1004af40 f   freetype:autofit.obj
 0001:00049f40       _af_cjk_metrics_scale      1004af40 f   freetype:autofit.obj
 0001:00049f80       _af_cjk_hints_compute_segments 1004af80 f   freetype:autofit.obj
 0001:0004a000       _af_cjk_hints_link_segments 1004b000 f   freetype:autofit.obj
 0001:0004a2d0       _af_cjk_hints_compute_edges 1004b2d0 f   freetype:autofit.obj
 0001:0004a630       _af_cjk_hints_init         1004b630 f   freetype:autofit.obj
 0001:0004a6b0       _af_cjk_snap_width         1004b6b0 f   freetype:autofit.obj
 0001:0004a6b0       _af_latin_snap_width       1004b6b0 f   freetype:autofit.obj
 0001:0004a710       _af_cjk_compute_stem_width 1004b710 f   freetype:autofit.obj
 0001:0004a840       _af_hint_normal_stem       1004b840 f   freetype:autofit.obj
 0001:0004a9e0       _af_cjk_hint_edges         1004b9e0 f   freetype:autofit.obj
 0001:0004acf0       _af_cjk_align_edge_points  1004bcf0 f   freetype:autofit.obj
 0001:0004adc0       _af_cjk_hints_apply        1004bdc0 f   freetype:autofit.obj
 0001:0004aea0       _af_indic_hints_init       1004bea0 f   freetype:autofit.obj
 0001:0004aeb0       _af_indic_hints_apply      1004beb0 f   freetype:autofit.obj
 0001:0004aec0       _af_loader_load_g          1004bec0 f   freetype:autofit.obj
 0001:0004b6b0       _af_autofitter_init        1004c6b0 f   freetype:autofit.obj
 0001:0004b6f0       _af_autofitter_done        1004c6f0 f   freetype:autofit.obj
 0001:0004b730       _af_face_globals_new       1004c730 f   freetype:autofit.obj
 0001:0004b790       _af_latin_metrics_init_widths 1004c790 f   freetype:autofit.obj
 0001:0004b9e0       _af_latin_metrics_init     1004c9e0 f   freetype:autofit.obj
 0001:0004ba60       _af_cjk_metrics_init       1004ca60 f   freetype:autofit.obj
 0001:0004bad0       _af_indic_metrics_init     1004cad0 f   freetype:autofit.obj
 0001:0004bae0       _af_loader_load_glyph      1004cae0 f   freetype:autofit.obj
 0001:0004bc20       _af_autofitter_load_glyph  1004cc20 f   freetype:autofit.obj
 0001:0004bc50       _ft_alloc                  1004cc50 f   freetype:ftsystem.obj
 0001:0004bc60       _ft_realloc                1004cc60 f   freetype:ftsystem.obj
 0001:0004bc80       _ft_free                   1004cc80 f   freetype:ftsystem.obj
 0001:0004bc90       _ft_ansi_stream_close      1004cc90 f   freetype:ftsystem.obj
 0001:0004bcb0       _ft_ansi_stream_io         1004ccb0 f   freetype:ftsystem.obj
 0001:0004bee0       _ft_bitmap_assure_buffer   1004cee0 f   freetype:ftbitmap.obj
 0001:0004c890       _ft_lzwstate_refill        1004d890 f   freetype:ftlzw.obj
 0001:0004c8f0       _ft_lzwstate_get_code      1004d8f0 f   freetype:ftlzw.obj
 0001:0004c9c0       _ft_lzwstate_stack_grow    1004d9c0 f   freetype:ftlzw.obj
 0001:0004ca20       _ft_lzwstate_prefix_grow   1004da20 f   freetype:ftlzw.obj
 0001:0004ce60       _ft_lzw_file_init          1004de60 f   freetype:ftlzw.obj
 0001:0004cee0       _ft_lzw_file_reset         1004dee0 f   freetype:ftlzw.obj
 0001:0004cf30       _ft_lzw_file_skip_output   1004df30 f   freetype:ftlzw.obj
 0001:0004cfc0       _ft_lzw_file_io            1004dfc0 f   freetype:ftlzw.obj
 0001:0004d0d0       _ft_lzw_stream_close       1004e0d0 f   freetype:ftlzw.obj
 0001:0004d120       _ft_lzw_stream_io          1004e120 f   freetype:ftlzw.obj
 0001:0004d230       _huft_build                1004e230 f   freetype:ftgzip.obj
 0001:0004d720       _inflate_trees_bits        1004e720 f   freetype:ftgzip.obj
 0001:0004d7c0       _inflate_trees_dynamic     1004e7c0 f   freetype:ftgzip.obj
 0001:0004d940       _inflate_flush             1004e940 f   freetype:ftgzip.obj
 0001:0004da80       _inflate_codes_new         1004ea80 f   freetype:ftgzip.obj
 0001:0004dac0       _inflate_codes             1004eac0 f   freetype:ftgzip.obj
 0001:0004e0f0       _inflate_blocks_reset      1004f0f0 f   freetype:ftgzip.obj
 0001:0004e160       _inflate_blocks_new        1004f160 f   freetype:ftgzip.obj
 0001:0004e1f0       _inflate_blocks            1004f1f0 f   freetype:ftgzip.obj
 0001:0004ed30       _inflate_blocks_free       1004fd30 f   freetype:ftgzip.obj
 0001:0004edb0       _inflateReset              1004fdb0 f   freetype:ftgzip.obj
 0001:0004edf0       _inflateEnd                1004fdf0 f   freetype:ftgzip.obj
 0001:0004ee40       _inflate                   1004fe40 f   freetype:ftgzip.obj
 0001:0004f230       _adler32                   10050230 f   freetype:ftgzip.obj
 0001:0004f360       _zcalloc                   10050360 f   freetype:ftgzip.obj
 0001:0004f360       _ft_gzip_alloc             10050360 f   freetype:ftgzip.obj
 0001:0004f380       _ft_gzip_free              10050380 f   freetype:ftgzip.obj
 0001:0004f380       _zcfree                    10050380 f   freetype:ftgzip.obj
 0001:0004f390       _ft_gzip_check_header      10050390 f   freetype:ftgzip.obj
 0001:0004f4e0       _ft_gzip_file_done         100504e0 f   freetype:ftgzip.obj
 0001:0004f540       _ft_gzip_file_reset        10050540 f   freetype:ftgzip.obj
 0001:0004f5c0       _ft_gzip_file_fill_input   100505c0 f   freetype:ftgzip.obj
 0001:0004f640       _ft_gzip_file_fill_output  10050640 f   freetype:ftgzip.obj
 0001:0004f6b0       _ft_gzip_file_skip_output  100506b0 f   freetype:ftgzip.obj
 0001:0004f700       _ft_gzip_file_io           10050700 f   freetype:ftgzip.obj
 0001:0004f7d0       _ft_gzip_stream_close      100507d0 f   freetype:ftgzip.obj
 0001:0004f800       _ft_gzip_stream_io         10050800 f   freetype:ftgzip.obj
 0001:0004f820       _ft_gzip_get_uncompressed_size 10050820 f   freetype:ftgzip.obj
 0001:0004f870       _inflateInit2_             10050870 f   freetype:ftgzip.obj
 0001:0004f970       _ft_gzip_file_init         10050970 f   freetype:ftgzip.obj
