 jdwp

 Timestamp is 4ecc67f7 (Tue Nov 22 22:26:47 2011)

 Preferred load address is 10000000

 Start         Length     Name                   Class
 0001:00000000 0001c30eH .text                   CODE
 0002:00000000 000000d4H .idata$5                DATA
 0002:000000e0 00005a20H .rdata                  DATA
 0002:00005b00 0000004eH .rdata$debug            DATA
 0002:00005b50 00000004H .rdata$sxdata           DATA
 0002:00005b54 00000004H .rtc$IAA                DATA
 0002:00005b58 00000004H .rtc$IZZ                DATA
 0002:00005b5c 00000004H .rtc$TAA                DATA
 0002:00005b60 00000004H .rtc$TZZ                DATA
 0002:00005b64 00000028H .idata$2                DATA
 0002:00005b8c 00000014H .idata$3                DATA
 0002:00005ba0 000000d4H .idata$4                DATA
 0002:00005c74 00000280H .idata$6                DATA
 0002:00005f00 00000068H .edata                  DATA
 0003:00000000 00000004H .CRT$XCA                DATA
 0003:00000004 00000004H .CRT$XCZ                DATA
 0003:00000008 00000004H .CRT$XIA                DATA
 0003:0000000c 00000004H .CRT$XIZ                DATA
 0003:00000010 000001d4H .data                   DATA
 0003:000001e8 000005f8H .bss                    DATA
 0004:00000000 00000058H .rsrc$01                DATA
 0004:00000060 00000310H .rsrc$02                DATA

  Address         Publics by Value              Rva+Base     Lib:Object

 0000:00000000       __except_list              00000000     <absolute>
 0000:00000001       ___safe_se_handler_count   00000001     <absolute>
 0000:00009876       __ldused                   00009876     <absolute>
 0000:00009876       __fltused                  00009876     <absolute>
 0001:000022e7       _createFrameID             100032e7 f   FrameID.obj
 0001:0000230c       _getFrameNumber            1000330c f   FrameID.obj
 0001:00002316       _validateFrameID           10003316 f   FrameID.obj
 0001:00003cef       _setGlobalStratumId        10004cef f   SDE.obj
 0001:000044c5       _searchAllSourceNames      100054c5 f   SDE.obj
 0001:00004513       _convertLineNumberTable    10005513 f   SDE.obj
 0001:00007689       _bagCreateBag              10008689 f   bag.obj
 0001:000076d7       _bagDup                    100086d7 f   bag.obj
 0001:0000770e       _bagDestroyBag             1000870e f   bag.obj
 0001:00007728       _bagAdd                    10008728 f   bag.obj
 0001:000077a0       _bagDeleteAll              100087a0 f   bag.obj
 0001:000077a9       _bagSize                   100087a9 f   bag.obj
 0001:000077b1       _bagEnumerateOver          100087b1 f   bag.obj
 0001:00007e4e       _commonRef_initialize      10008e4e f   commonRef.obj
 0001:00007e8a       _commonRef_reset           10008e8a f   commonRef.obj
 0001:00007f3c       _commonRef_refToID         10008f3c f   commonRef.obj
 0001:00007fa2       _commonRef_idToRef         10008fa2 f   commonRef.obj
 0001:000080b0       _commonRef_idToRef_delete  100090b0 f   commonRef.obj
 0001:000080c8       _commonRef_pin             100090c8 f   commonRef.obj
 0001:00008142       _commonRef_unpin           10009142 f   commonRef.obj
 0001:00008199       _commonRef_release         10009199 f   commonRef.obj
 0001:000081d1       _commonRef_releaseMultiple 100091d1 f   commonRef.obj
 0001:0000820a       _commonRef_compact         1000920a f   commonRef.obj
 0001:000082c4       _commonRef_lock            100092c4 f   commonRef.obj
 0001:000082d6       _commonRef_unlock          100092d6 f   commonRef.obj
 0001:0000844e       _classTrack_processUnloads 1000944e f   classTrack.obj
 0001:000085ff       _classTrack_addPreparedClass 100095ff f   classTrack.obj
 0001:000087b7       _classTrack_initialize     100097b7 f   classTrack.obj
 0001:0000890a       _debugDispatch_initialize  1000990a f   debugDispatch.obj
 0001:000089e2       _classTrack_reset          100099e2 f   classTrack.obj
 0001:000089e2       _stepControl_reset         100099e2 f   stepControl.obj
 0001:000089e2       _standardHandlers_onDisconnect 100099e2 f   standardHandlers.obj
 0001:000089e2       _util_reset                100099e2 f   util.obj
 0001:000089e2       _debugDispatch_reset       100099e2 f   debugDispatch.obj
 0001:000089e2       _invoker_reset             100099e2 f   invoker.obj
 0001:000089e3       _debugDispatch_getHandler  100099e3 f   debugDispatch.obj
 0001:00008ac7       _Agent_OnUnload@4          10009ac7 f   debugInit.obj
 0001:00008cd4       _debugInit_isInitComplete  10009cd4 f   debugInit.obj
 0001:00008cda       _debugInit_waitInitComplete 10009cda f   debugInit.obj
 0001:00008d03       _forceExit                 10009d03 f   debugInit.obj
 0001:00008dee       _debugInit_reset           10009dee f   debugInit.obj
 0001:00008ed6       _debugInit_launchOnInit    10009ed6 f   debugInit.obj
 0001:00008edc       _debugInit_suspendOnInit   10009edc f   debugInit.obj
 0001:0000902b       _debugInit_exit            1000a02b f   debugInit.obj
 0001:0000a0af       _Agent_OnLoad@12           1000b0af f   debugInit.obj
 0001:0000a6dd       _debugLoop_initialize      1000b6dd f   debugLoop.obj
 0001:0000a6ee       _debugLoop_sync            1000b6ee f   debugLoop.obj
 0001:0000a925       _debugLoop_run             1000b925 f   debugLoop.obj
 0001:0000ab91       _print_message             1000bb91 f   error_messages.obj
 0001:0000abae       _tty_message               1000bbae f   error_messages.obj
 0001:0000abe2       _jvmtiErrorText            1000bbe2 f   error_messages.obj
 0001:0000af8b       _eventText                 1000bf8b f   error_messages.obj
 0001:0000b052       _jdwpErrorText             1000c052 f   error_messages.obj
 0001:0000b2cb       _do_pause                  1000c2cb f   error_messages.obj
 0001:0000b324       _error_message             1000c324 f   error_messages.obj
 0001:0000b39b       _jdiAssertionFailed        1000c39b f   error_messages.obj
 0001:0000b451       _eventFilterRestricted_alloc 1000c451 f   eventFilter.obj
 0001:0000b658       _eventFilterRestricted_passesFilter 1000c658 f   eventFilter.obj
 0001:0000b9b9       _eventFilterRestricted_passesUnloadFilter 1000c9b9 f   eventFilter.obj
 0001:0000baa3       _eventFilter_predictFiltering 1000caa3 f   eventFilter.obj
 0001:0000bb77       _eventFilterRestricted_isBreakpointInClass 1000cb77 f   eventFilter.obj
 0001:0000bbab       _eventFilter_setConditionalFilter 1000cbab f   eventFilter.obj
 0001:0000bbd4       _eventFilter_setCountFilter 1000cbd4 f   eventFilter.obj
 0001:0000bc09       _eventFilter_setThreadOnlyFilter 1000cc09 f   eventFilter.obj
 0001:0000bc4c       _eventFilter_setLocationOnlyFilter 1000cc4c f   eventFilter.obj
 0001:0000bcba       _eventFilter_setFieldOnlyFilter 1000ccba f   eventFilter.obj
 0001:0000bd0d       _eventFilter_setClassOnlyFilter 1000cd0d f   eventFilter.obj
 0001:0000bd5c       _eventFilter_setExceptionOnlyFilter 1000cd5c f   eventFilter.obj
 0001:0000bdb7       _eventFilter_setInstanceOnlyFilter 1000cdb7 f   eventFilter.obj
 0001:0000bdfe       _eventFilter_setClassMatchFilter 1000cdfe f   eventFilter.obj
 0001:0000be34       _eventFilter_setClassExcludeFilter 1000ce34 f   eventFilter.obj
 0001:0000be6a       _eventFilter_setStepFilter 1000ce6a f   eventFilter.obj
 0001:0000bef1       _eventFilter_setSourceNameMatchFilter 1000cef1 f   eventFilter.obj
 0001:0000c12a       _isBreakpointSet           1000d12a f   eventFilter.obj
 0001:0000c48d       _eventFilterRestricted_install 1000d48d f   eventFilter.obj
 0001:0000c496       _eventFilterRestricted_deinstall 1000d496 f   eventFilter.obj
 0001:0000c50e       _eventHandlerRestricted_iterator 1000d50e f   eventHandler.obj
 0001:0000c802       _getMethodClass            1000d802 f   eventHandler.obj
 0001:0000c92a       _eventHandler_free         1000d92a f   eventHandler.obj
 0001:0000c952       _eventHandler_freeAll      1000d952 f   eventHandler.obj
 0001:0000c99f       _eventHandler_freeClassBreakpoints 1000d99f f   eventHandler.obj
 0001:0000c9ef       _eventHandler_freeByID     1000d9ef f   eventHandler.obj
 0001:0000ca3b       _eventHandler_reset        1000da3b f   eventHandler.obj
 0001:0000ca9e       _eventHandler_lock         1000da9e f   eventHandler.obj
 0001:0000caab       _eventHandler_unlock       1000daab f   eventHandler.obj
 0001:0000cab8       _eventHandler_alloc        1000dab8 f   eventHandler.obj
 0001:0000cad9       _eventHandler_allocHandlerID 1000dad9 f   eventHandler.obj
 0001:0000cbfd       _eventHandler_createPermanentInternal 1000dbfd f   eventHandler.obj
 0001:0000cc17       _eventHandler_createInternalThreadOnly 1000dc17 f   eventHandler.obj
 0001:0000cc33       _eventHandler_createInternalBreakpoint 1000dc33 f   eventHandler.obj
 0001:0000cc56       _eventHandler_installExternal 1000dc56 f   eventHandler.obj
 0001:0000eee6       _eventHandler_initialize   1000fee6 f   eventHandler.obj
 0001:0000f4f5       _eventHelper_holdEvents    100104f5 f   eventHelper.obj
 0001:0000f521       _eventHelper_releaseEvents 10010521 f   eventHelper.obj
 0001:0000f975       _unblockCommandLoop        10010975 f   eventHelper.obj
 0001:0000f9a1       _eventHelper_reset         100109a1 f   eventHelper.obj
 0001:0000f9d7       _eventHelper_lock          100109d7 f   eventHelper.obj
 0001:0000f9f0       _eventHelper_unlock        100109f0 f   eventHelper.obj
 0001:0000fbc7       _eventHelper_createEventBag 10010bc7 f   eventHelper.obj
 0001:0000fc51       _eventHelper_reportEvents  10010c51 f   eventHelper.obj
 0001:0000fd10       _eventHelper_recordEvent   10010d10 f   eventHelper.obj
 0001:0000fda5       _eventHelper_recordClassUnload 10010da5 f   eventHelper.obj
 0001:0000fe15       _eventHelper_recordFrameEvent 10010e15 f   eventHelper.obj
 0001:0000ff3c       _eventHelper_reportInvokeDone 10010f3c f   eventHelper.obj
 0001:0000ffd0       _eventHelper_reportVMInit  10010fd0 f   eventHelper.obj
 0001:00010065       _eventHelper_suspendThread 10011065 f   eventHelper.obj
 0001:000104ce       _eventHelper_initialize    100114ce f   eventHelper.obj
 0001:00010535       _inStream_init             10011535 f   inStream.obj
 0001:00010575       _inStream_id               10011575 f   inStream.obj
 0001:0001057d       _inStream_command          1001157d f   inStream.obj
 0001:000105bb       _inStream_readBoolean      100115bb f   inStream.obj
 0001:000105ec       _inStream_readByte         100115ec f   inStream.obj
 0001:0001060d       _inStream_readBytes        1001160d f   inStream.obj
 0001:00010628       _inStream_readChar         10011628 f   inStream.obj
 0001:00010656       _inStream_readShort        10011656 f   inStream.obj
 0001:00010682       _inStream_readInt          10011682 f   inStream.obj
 0001:000106c0       _inStream_readLong         100116c0 f   inStream.obj
 0001:00010783       _inStream_readFloat        10011783 f   inStream.obj
 0001:000107ad       _inStream_readDouble       100117ad f   inStream.obj
 0001:000107da       _inStream_readObjectRef    100117da f   inStream.obj
 0001:00010838       _inStream_readObjectID     10011838 f   inStream.obj
 0001:00010838       _inStream_readFrameID      10011838 f   inStream.obj
 0001:00010838       _inStream_readLocation     10011838 f   inStream.obj
 0001:0001083d       _inStream_readClassRef     1001183d f   inStream.obj
 0001:0001086f       _inStream_readThreadRef    1001186f f   inStream.obj
 0001:000108a1       _inStream_readThreadGroupRef 100118a1 f   inStream.obj
 0001:000108d3       _inStream_readStringRef    100118d3 f   inStream.obj
 0001:00010905       _inStream_readClassLoaderRef 10011905 f   inStream.obj
 0001:00010937       _inStream_readArrayRef     10011937 f   inStream.obj
 0001:00010969       _inStream_readFieldID      10011969 f   inStream.obj
 0001:00010969       _inStream_readMethodID     10011969 f   inStream.obj
 0001:0001096e       _inStream_readString       1001196e f   inStream.obj
 0001:000109e6       _inStream_error            100119e6 f   inStream.obj
 0001:000109ef       _inStream_clearError       100119ef f   inStream.obj
 0001:000109f9       _inStream_readValue        100119f9 f   inStream.obj
 0001:00010ae4       _inStream_destroy          10011ae4 f   inStream.obj
 0001:00010b17       _invoker_initialize        10011b17 f   invoker.obj
 0001:00010b28       _invoker_lock              10011b28 f   invoker.obj
 0001:00010b35       _invoker_unlock            10011b35 f   invoker.obj
 0001:00010e43       _invoker_enableInvokeRequests 10011e43 f   invoker.obj
 0001:00010ecd       _invoker_requestInvoke     10011ecd f   invoker.obj
 0001:00011b1d       _invoker_doInvoke          10012b1d f   invoker.obj
 0001:00011d45       _invoker_completeInvokeRequest 10012d45 f   invoker.obj
 0001:00011f21       _invoker_isEnabled         10012f21 f   invoker.obj
 0001:00011faa       _invoker_detach            10012faa f   invoker.obj
 0001:000120a8       _log_message_begin         100130a8 f   log_messages.obj
 0001:000120cc       _log_message_end           100130cc f   log_messages.obj
 0001:000121e2       _setup_logging             100131e2 f   log_messages.obj
 0001:00012243       _finish_logging            10013243 f   log_messages.obj
 0001:000122c0       _outStream_initCommand     100132c0 f   outStream.obj
 0001:000122e7       _outStream_initReply       100132e7 f   outStream.obj
 0001:000123ca       _outStream_writeBoolean    100133ca f   outStream.obj
 0001:000123e9       _outStream_writeByte       100133e9 f   outStream.obj
 0001:000123fc       _outStream_writeShort      100133fc f   outStream.obj
 0001:000123fc       _outStream_writeChar       100133fc f   outStream.obj
 0001:0001241c       _outStream_writeInt        1001341c f   outStream.obj
 0001:00012455       _outStream_writeLong       10013455 f   outStream.obj
 0001:00012508       _outStream_writeFloat      10013508 f   outStream.obj
 0001:0001252d       _outStream_writeDouble     1001352d f   outStream.obj
 0001:00012554       _outStream_writeObjectTag  10013554 f   outStream.obj
 0001:0001256f       _outStream_writeObjectRef  1001356f f   outStream.obj
 0001:0001269b       _outStream_writeFrameID    1001369b f   outStream.obj
 0001:0001269b       _outStream_writeLocation   1001369b f   outStream.obj
 0001:000126b0       _outStream_writeMethodID   100136b0 f   outStream.obj
 0001:000126b0       _outStream_writeFieldID    100136b0 f   outStream.obj
 0001:000126b5       _outStream_writeByteArray  100136b5 f   outStream.obj
 0001:000126d6       _outStream_writeString     100136d6 f   outStream.obj
 0001:0001279a       _outStream_writeValue      1001379a f   outStream.obj
 0001:000128c9       _outStream_error           100138c9 f   outStream.obj
 0001:000128d2       _outStream_setError        100138d2 f   outStream.obj
 0001:000129ba       _outStream_sendReply       100139ba f   outStream.obj
 0001:000129e0       _outStream_sendCommand     100139e0 f   outStream.obj
 0001:00012a14       _outStream_destroy         10013a14 f   outStream.obj
 0001:00012b7c       _standardHandlers_defaultHandler 10013b7c f   standardHandlers.obj
 0001:00012bd7       _standardHandlers_onConnect 10013bd7 f   standardHandlers.obj
 0001:0001318c       _stepControl_initialize    1001418c f   stepControl.obj
 0001:000131e7       _stepControl_clearRequest  100141e7 f   stepControl.obj
 0001:0001322b       _stepControl_lock          1001422b f   stepControl.obj
 0001:00013238       _stepControl_unlock        10014238 f   stepControl.obj
 0001:00013635       _stepControl_handleStep    10014635 f   stepControl.obj
 0001:00013b48       _stepControl_resetRequest  10014b48 f   stepControl.obj
 0001:00013cd4       _stepControl_beginStep     10014cd4 f   stepControl.obj
 0001:00013def       _stepControl_endStep       10014def f   stepControl.obj
 0001:00013e50       _stream_encodeFloat        10014e50 f   stream.obj
 0001:00013e7f       _stream_encodeDouble       10014e7f f   stream.obj
 0001:000144c3       _threadControl_initialize  100154c3 f   threadControl.obj
 0001:000148d9       _threadControl_onConnect   100158d9 f   threadControl.obj
 0001:00014905       _threadControl_onDisconnect 10015905 f   threadControl.obj
 0001:00014e5e       _threadControl_suspendCount 10015e5e f   threadControl.obj
 0001:00014ebc       _threadControl_getStepRequest 10015ebc f   threadControl.obj
 0001:00014ef4       _threadControl_getInvokeRequest 10015ef4 f   threadControl.obj
 0001:00014f2c       _threadControl_addDebugThread 10015f2c f   threadControl.obj
 0001:00015022       _threadControl_isDebugThread 10016022 f   threadControl.obj
 0001:00015679       _threadControl_applicationThreadStatus 10016679 f   threadControl.obj
 0001:000156fb       _threadControl_interrupt   100166fb f   threadControl.obj
 0001:0001578d       _threadControl_clearCLEInfo 1001678d f   threadControl.obj
 0001:000157d9       _threadControl_cmpCLEInfo  100167d9 f   threadControl.obj
 0001:00015859       _threadControl_saveCLEInfo 10016859 f   threadControl.obj
 0001:000158c8       _threadControl_setPendingInterrupt 100168c8 f   threadControl.obj
 0001:000158fb       _threadControl_stop        100168fb f   threadControl.obj
 0001:000159b8       _threadControl_detachInvokes 100169b8 f   threadControl.obj
 0001:00015a9e       _threadControl_getInstructionStepMode 10016a9e f   threadControl.obj
 0001:00015ad6       _threadControl_setEventMode 10016ad6 f   threadControl.obj
 0001:00015b9c       _threadControl_currentThread 10016b9c f   threadControl.obj
 0001:00015bd3       _threadControl_getFrameGeneration 10016bd3 f   threadControl.obj
 0001:00015dcf       _threadControl_onHook      10016dcf f   threadControl.obj
 0001:00016172       _threadControl_suspendThread 10017172 f   threadControl.obj
 0001:000161ae       _threadControl_resumeThread 100171ae f   threadControl.obj
 0001:0001627d       _threadControl_suspendAll  1001727d f   threadControl.obj
 0001:00016381       _threadControl_resumeAll   10017381 f   threadControl.obj
 0001:00016429       _threadControl_popFrames   10017429 f   threadControl.obj
 0001:00016520       _threadControl_onEventHandlerEntry 10017520 f   threadControl.obj
 0001:0001666e       _threadControl_onEventHandlerExit 1001766e f   threadControl.obj
 0001:00016754       _threadControl_reset       10017754 f   threadControl.obj
 0001:00016c67       _transport_waitForConnection 10017c67 f   transport.obj
 0001:00016df4       _transport_initialize      10017df4 f   transport.obj
 0001:00016e1d       _transport_reset           10017e1d f   transport.obj
 0001:00016f1c       _transport_startTransport  10017f1c f   transport.obj
 0001:00017147       _transport_close           10018147 f   transport.obj
 0001:00017157       _transport_is_open         10018157 f   transport.obj
 0001:0001716a       _transport_sendPacket      1001816a f   transport.obj
 0001:000171d1       _transport_receivePacket   100181d1 f   transport.obj
 0001:00017211       _saveGlobalRef             10018211 f   util.obj
 0001:0001739b       _tossGlobalRef             1001839b f   util.obj
 0001:00017c0e       _isObjectTag               10018c0e f   util.obj
 0001:00017c35       _uniqueID                  10018c35 f   util.obj
 0001:00017c41       _filterDebugThreads        10018c41 f   util.obj
 0001:00017c7f       _fieldModifiers            10018c7f f   util.obj
 0001:00017cd6       _methodModifiers           10018cd6 f   util.obj
 0001:00017d29       _methodClass               10018d29 f   util.obj
 0001:00017d46       _methodLocation            10018d46 f   util.obj
 0001:00017d97       _classLoader               10018d97 f   util.obj
 0001:00017dea       _getEnv                    10018dea f   util.obj
 0001:00017e9a       _jvmtiGetCapabilities      10018e9a f   util.obj
 0001:00017fba       _jvmtiMajorVersion         10018fba f   util.obj
 0001:00017fc8       _jvmtiMinorVersion         10018fc8 f   util.obj
 0001:00017fd1       _jvmtiMicroVersion         10018fd1 f   util.obj
 0001:00017fdc       _canSuspendResumeThreadLists 10018fdc f   util.obj
 0001:00017ffd       _getSourceDebugExtension   10018ffd f   util.obj
 0001:0001804a       _convertSignatureToClassname 1001904a f   util.obj
 0001:000180c6       _debugMonitorEnter         100190c6 f   util.obj
 0001:00018136       _debugMonitorExit          10019136 f   util.obj
 0001:0001819a       _debugMonitorWait          1001919a f   util.obj
 0001:0001820e       _debugMonitorTimedWait     1001920e f   util.obj
 0001:00018286       _debugMonitorNotify        10019286 f   util.obj
 0001:000182ea       _debugMonitorNotifyAll     100192ea f   util.obj
 0001:0001834e       _debugMonitorCreate        1001934e f   util.obj
 0001:000183b5       _debugMonitorDestroy       100193b5 f   util.obj
 0001:00018416       _allThreads                10019416 f   util.obj
 0001:000184c1       _threadGroupInfo           100194c1 f   util.obj
 0001:00018552       _writeGenericSignature     10019552 f   util.obj
 0001:0001856f       _classStatus               1001956f f   util.obj
 0001:00018748       _isFieldSynthetic          10019748 f   util.obj
 0001:000187a6       _isMethodSynthetic         100197a6 f   util.obj
 0001:00018800       _isMethodNative            10019800 f   util.obj
 0001:0001889f       _isSameObject              1001989f f   util.obj
 0001:000188bc       _objectHashCode            100198bc f   util.obj
 0001:00018965       _allInterfaces             10019965 f   util.obj
 0001:000189c2       _allLoadedClasses          100199c2 f   util.obj
 0001:00018a1b       _allClassLoaderClasses     10019a1b f   util.obj
 0001:00018ad3       _createLocalRefSpace       10019ad3 f   util.obj
 0001:00018c05       _isClass                   10019c05 f   util.obj
 0001:00018c59       _isThread                  10019c59 f   util.obj
 0001:00018cad       _isThreadGroup             10019cad f   util.obj
 0001:00018d01       _isString                  10019d01 f   util.obj
 0001:00018d55       _isClassLoader             10019d55 f   util.obj
 0001:00018da9       _isArray                   10019da9 f   util.obj
 0001:00018fac       _setAgentPropertyValue     10019fac f   util.obj
 0001:000190fb       _isMethodObsolete          1001a0fb f   util.obj
 0001:0001921b       _jvmtiAllocate             1001a21b f   util.obj
 0001:0001928e       _jvmtiDeallocate           1001a28e f   util.obj
 0001:000192f4       _map2jvmtiError            1001a2f4 f   util.obj
 0001:00019563       _eventIndexInit            1001a563 f   util.obj
 0001:000196d7       _eventIndex2jdwp           1001a6d7 f   util.obj
 0001:00019737       _eventIndex2jvmti          1001a737 f   util.obj
 0001:00019798       _jdwp2EventIndex           1001a798 f   util.obj
 0001:00019848       _map2jdwpError             1001a848 f   util.obj
 0001:00019b2f       _map2jdwpSuspendStatus     1001ab2f f   util.obj
 0001:00019b3a       _map2jdwpThreadStatus      1001ab3a f   util.obj
 0001:00019b76       _map2jdwpClassStatus       1001ab76 f   util.obj
 0001:00019be1       _classInstances            1001abe1 f   util.obj
 0001:00019e6e       _classInstanceCounts       1001ae6e f   util.obj
 0001:0001a131       _objectReferrers           1001b131 f   util.obj
 0001:0001a34c       _specificTypeKey           1001b34c f   util.obj
 0001:0001a564       _sharedInvoke              1001b564 f   util.obj
 0001:0001a6f4       _referenceTypeTag          1001b6f4 f   util.obj
 0001:0001a718       _methodSignature           1001b718 f   util.obj
 0001:0001a7a6       _methodReturnType          1001b7a6 f   util.obj
 0001:0001a806       _fieldSignature            1001b806 f   util.obj
 0001:0001a8cb       _spawnNewThread            1001b8cb f   util.obj
 0001:0001ab96       _classSignature            1001bb96 f   util.obj
 0001:0001abdd       _getClassname              1001bbdd f   util.obj
 0001:0001ac14       _allNestedClasses          1001bc14 f   util.obj
 0001:0001aeec       _writeCodeLocation         1001beec f   util.obj
 0001:0001af50       _log_debugee_location      1001bf50 f   util.obj
 0001:0001b0a8       _util_initialize           1001c0a8 f   util.obj
 0001:0001bd06       _sharedGetFieldValues      1001cd06 f   util.obj
 0001:0001bdf5       _dbgsysGetLastErrorString  1001cdf5 f   linker_md.obj
 0001:0001be88       _dbgsysBuildLibName        1001ce88 f   linker_md.obj
 0001:0001bf11       _dbgsysLoadLibrary         1001cf11 f   linker_md.obj
 0001:0001bf64       _dbgsysFindLibraryEntry    1001cf64 f   linker_md.obj
 0001:0001bf73       _dbgsysExec                1001cf73 f   exec_md.obj
 0001:0001bfc0       _memset                    1001cfc0 f   MSVCRT:MSVCR71.dll
 0001:0001bfd0       _strcmp                    1001cfd0 f   MSVCRT:MSVCR71.dll
 0001:0001bfe0       __allshr                   1001cfe0 f   MSVCRT:llshr.obj
 0001:0001c002       _strlen                    1001d002 f   MSVCRT:MSVCR71.dll
 0001:0001c008       _memcpy                    1001d008 f   MSVCRT:MSVCR71.dll
 0001:0001c00e       __setjmp3                  1001d00e f   MSVCRT:MSVCR71.dll
 0001:0001c014       _abs                       1001d014 f   MSVCRT:MSVCR71.dll
 0001:0001c01a       _strcat                    1001d01a f   MSVCRT:MSVCR71.dll
 0001:0001c020       _strcpy                    1001d020 f   MSVCRT:MSVCR71.dll
 0001:0001c026       __onexit                   1001d026 f   MSVCRT:atonexit.obj
 0001:0001c04c       _atexit                    1001d04c f   MSVCRT:atonexit.obj
 0001:0001c05e       __CRT_INIT@12              1001d05e f   MSVCRT:crtdll.obj
 0001:0001c11c       __DllMainCRTStartup@12     1001d11c f   MSVCRT:crtdll.obj
 0001:0001c200       ___dllonexit               1001d200 f   MSVCRT:MSVCR71.dll
 0001:0001c206       __initterm                 1001d206 f   MSVCRT:MSVCR71.dll
 0001:0001c20c       __RTC_Initialize           1001d20c f   MSVCRT:initsect.obj
 0001:0001c250       __RTC_Terminate            1001d250 f   MSVCRT:initsect.obj
 0001:0001c294       ___CppXcptFilter           1001d294 f   MSVCRT:MSVCR71.dll
 0001:0001c29a       _DllMain@12                1001d29a f   MSVCRT:dllmain.obj
 0001:0001c2bc       __SEH_prolog               1001d2bc f   MSVCRT:sehprolg.obj
 0001:0001c2f7       __SEH_epilog               1001d2f7 f   MSVCRT:sehprolg.obj
 0001:0001c308       __except_handler3          1001d308 f   MSVCRT:MSVCR71.dll
 0002:00000000       __imp__CreateProcessA@40   1001e000     kernel32:KERNEL32.dll
 0002:00000004       __imp__GetLastError@0      1001e004     kernel32:KERNEL32.dll
 0002:00000008       __imp__FormatMessageA@28   1001e008     kernel32:KERNEL32.dll
 0002:0000000c       __imp__GetCurrentThreadId@0 1001e00c     kernel32:KERNEL32.dll
 0002:00000010       __imp__LoadLibraryA@4      1001e010     kernel32:KERNEL32.dll
 0002:00000014       __imp__GetModuleFileNameA@12 1001e014     kernel32:KERNEL32.dll
 0002:00000018       __imp__GetProcAddress@8    1001e018     kernel32:KERNEL32.dll
 0002:0000001c       __imp__DisableThreadLibraryCalls@4 1001e01c     kernel32:KERNEL32.dll
 0002:00000020       \177KERNEL32_NULL_THUNK_DATA 1001e020     kernel32:KERNEL32.dll
 0002:00000024       __imp__abs                 1001e024     MSVCRT:MSVCR71.dll
 0002:00000028       __imp__exit                1001e028     MSVCRT:MSVCR71.dll
 0002:0000002c       __imp__strcat              1001e02c     MSVCRT:MSVCR71.dll
 0002:00000030       __imp__strcpy              1001e030     MSVCRT:MSVCR71.dll
 0002:00000034       __imp__abort               1001e034     MSVCRT:MSVCR71.dll
 0002:00000038       __imp__strtol              1001e038     MSVCRT:MSVCR71.dll
 0002:0000003c       __imp__atol                1001e03c     MSVCRT:MSVCR71.dll
 0002:00000040       __imp__getenv              1001e040     MSVCRT:MSVCR71.dll
 0002:00000044       __imp__fprintf             1001e044     MSVCRT:MSVCR71.dll
 0002:00000048       __imp__strrchr             1001e048     MSVCRT:MSVCR71.dll
 0002:0000004c       __imp___vsnprintf          1001e04c     MSVCRT:MSVCR71.dll
 0002:00000050       __imp__fflush              1001e050     MSVCRT:MSVCR71.dll
 0002:00000054       __imp___sleep              1001e054     MSVCRT:MSVCR71.dll
 0002:00000058       __imp__strftime            1001e058     MSVCRT:MSVCR71.dll
 0002:0000005c       __imp__localtime           1001e05c     MSVCRT:MSVCR71.dll
 0002:00000060       __imp__time                1001e060     MSVCRT:MSVCR71.dll
 0002:00000064       __imp__strchr              1001e064     MSVCRT:MSVCR71.dll
 0002:00000068       __imp__fopen               1001e068     MSVCRT:MSVCR71.dll
 0002:0000006c       __imp__fclose              1001e06c     MSVCRT:MSVCR71.dll
 0002:00000070       __imp__isdigit             1001e070     MSVCRT:MSVCR71.dll
 0002:00000074       __imp__strncpy             1001e074     MSVCRT:MSVCR71.dll
 0002:00000078       __imp__strerror            1001e078     MSVCRT:MSVCR71.dll
 0002:0000007c       __imp___errno              1001e07c     MSVCRT:MSVCR71.dll
 0002:00000080       __imp__sprintf             1001e080     MSVCRT:MSVCR71.dll
 0002:00000084       __imp____dllonexit         1001e084     MSVCRT:MSVCR71.dll
 0002:00000088       __imp___onexit             1001e088     MSVCRT:MSVCR71.dll
 0002:0000008c       __imp__free                1001e08c     MSVCRT:MSVCR71.dll
 0002:00000090       __imp___initterm           1001e090     MSVCRT:MSVCR71.dll
 0002:00000094       __imp__malloc              1001e094     MSVCRT:MSVCR71.dll
 0002:00000098       __imp___adjust_fdiv        1001e098     MSVCRT:MSVCR71.dll
 0002:0000009c       __imp____CppXcptFilter     1001e09c     MSVCRT:MSVCR71.dll
 0002:000000a0       __imp___except_handler3    1001e0a0     MSVCRT:MSVCR71.dll
 0002:000000a4       __imp___setjmp3            1001e0a4     MSVCRT:MSVCR71.dll
 0002:000000a8       __imp__memcpy              1001e0a8     MSVCRT:MSVCR71.dll
 0002:000000ac       __imp___snprintf           1001e0ac     MSVCRT:MSVCR71.dll
 0002:000000b0       __imp__longjmp             1001e0b0     MSVCRT:MSVCR71.dll
 0002:000000b4       __imp__strlen              1001e0b4     MSVCRT:MSVCR71.dll
 0002:000000b8       __imp__strncmp             1001e0b8     MSVCRT:MSVCR71.dll
 0002:000000bc       __imp__strcmp              1001e0bc     MSVCRT:MSVCR71.dll
 0002:000000c0       __imp___iob                1001e0c0     MSVCRT:MSVCR71.dll
 0002:000000c4       __imp__setvbuf             1001e0c4     MSVCRT:MSVCR71.dll
 0002:000000c8       __imp__memset              1001e0c8     MSVCRT:MSVCR71.dll
 0002:000000cc       __imp___getpid             1001e0cc     MSVCRT:MSVCR71.dll
 0002:000000cc       __imp__getpid              1001e0cc     MSVCRT:MSVCR71.dll
 0002:000000d0       \177MSVCR71_NULL_THUNK_DATA 1001e0d0     MSVCRT:MSVCR71.dll
 0002:000000fc       ??_C@_04DLGOCPFH@?$CFs?$CI?$CJ?$AA@ 1001e0fc     ArrayReferenceImpl.obj
 0002:00000104       ??_C@_0P@KJGLIDCM@GetArrayLength?$AA@ 1001e104     ArrayReferenceImpl.obj
 0002:00000114       ??_C@_03HBKNMMDM@JNI?$AA@  1001e114     ArrayReferenceImpl.obj
 0002:00000118       ??_C@_0CN@OHKDNJCF@?4?4?1?4?4?1?4?4?1src?1share?1back?1ArrayRef@ 1001e118     ArrayReferenceImpl.obj
 0002:00000148       ??_C@_0BG@DOJPBGJK@GetBooleanArrayRegion?$AA@ 1001e148     ArrayReferenceImpl.obj
 0002:00000160       ??_C@_0BD@DBCKLPHC@GetByteArrayRegion?$AA@ 1001e160     ArrayReferenceImpl.obj
 0002:00000174       ??_C@_0BD@EJLOJIMH@GetCharArrayRegion?$AA@ 1001e174     ArrayReferenceImpl.obj
 0002:00000188       ??_C@_0BE@LJPMIBLN@GetShortArrayRegion?$AA@ 1001e188     ArrayReferenceImpl.obj
 0002:0000019c       ??_C@_0BC@PAFAELMA@GetIntArrayRegion?$AA@ 1001e19c     ArrayReferenceImpl.obj
 0002:000001b0       ??_C@_0BD@KDOJFBNI@GetLongArrayRegion?$AA@ 1001e1b0     ArrayReferenceImpl.obj
 0002:000001c4       ??_C@_0BE@JEOBKBHM@GetFloatArrayRegion?$AA@ 1001e1c4     ArrayReferenceImpl.obj
 0002:000001d8       ??_C@_0BF@HGGNLGEB@GetDoubleArrayRegion?$AA@ 1001e1d8     ArrayReferenceImpl.obj
 0002:000001f0       ??_C@_0O@EMINCBBD@PopLocalFrame?$AA@ 1001e1f0     ArrayReferenceImpl.obj
 0002:00000200       ??_C@_0BC@LPILBKGC@ExceptionOccurred?$AA@ 1001e200     ArrayReferenceImpl.obj
 0002:00000214       ??_C@_0BG@KEKOCCJB@GetObjectArrayElement?$AA@ 1001e214     ArrayReferenceImpl.obj
 0002:0000022c       ??_C@_0P@KFEGKDII@ExceptionClear?$AA@ 1001e22c     ArrayReferenceImpl.obj
 0002:0000023c       ??_C@_0P@NDOJPFLH@GetObjectClass?$AA@ 1001e23c     ArrayReferenceImpl.obj
 0002:0000024c       ??_C@_0BG@MLMJMPNL@SetBooleanArrayRegion?$AA@ 1001e24c     ArrayReferenceImpl.obj
 0002:00000264       ??_C@_0BD@MLAAIJJK@SetByteArrayRegion?$AA@ 1001e264     ArrayReferenceImpl.obj
 0002:00000278       ??_C@_0BD@LDJEKOCP@SetCharArrayRegion?$AA@ 1001e278     ArrayReferenceImpl.obj
 0002:0000028c       ??_C@_0BE@BHNHMBMB@SetShortArrayRegion?$AA@ 1001e28c     ArrayReferenceImpl.obj
 0002:000002a0       ??_C@_0BC@NFFLMANO@SetIntArrayRegion?$AA@ 1001e2a0     ArrayReferenceImpl.obj
 0002:000002b4       ??_C@_0BD@FJMDGHDA@SetLongArrayRegion?$AA@ 1001e2b4     ArrayReferenceImpl.obj
 0002:000002c8       ??_C@_0BE@DKMKOBAA@SetFloatArrayRegion?$AA@ 1001e2c8     ArrayReferenceImpl.obj
 0002:000002dc       ??_C@_0BF@CPHAKABG@SetDoubleArrayRegion?$AA@ 1001e2dc     ArrayReferenceImpl.obj
 0002:000002f4       ??_C@_0BG@FBPIPLNA@SetObjectArrayElement?$AA@ 1001e2f4     ArrayReferenceImpl.obj
 0002:0000030c       ??_C@_0BB@BCMBBBKH@JDWP?5exit?5error?5?$AA@ 1001e30c     ArrayReferenceImpl.obj
 0002:00000320       ??_C@_01EEMJAFIK@?6?$AA@   1001e320     ArrayReferenceImpl.obj
 0002:00000324       ??_C@_0BD@HJCIAOFF@?$CFs?$CI?$CFd?$CJ?3?5?$CFs?5?$FL?$CFs?3?$CFd?$FN?$AA@ 1001e324     ArrayReferenceImpl.obj
 0002:00000337       ??_C@_00CNPNBAHC@?$AA@     1001e337     ArrayReferenceImpl.obj
 0002:00000338       ??_C@_05MBDEGLCK@ERROR?$AA@ 1001e338     ArrayReferenceImpl.obj
 0002:00000340       ??_C@_0CG@CDCBEMAB@Invalid?5array?5component?5signatur@ 1001e340     ArrayReferenceImpl.obj
 0002:00000368       ??_C@_0P@CNKIGBBL@NewObjectArray?$AA@ 1001e368     ArrayTypeImpl.obj
 0002:00000378       ??_C@_0CI@LGJFNEEE@?4?4?1?4?4?1?4?4?1src?1share?1back?1ArrayTyp@ 1001e378     ArrayTypeImpl.obj
 0002:000003a0       ??_C@_0N@GNOMHAGO@NewLongArray?$AA@ 1001e3a0     ArrayTypeImpl.obj
 0002:000003b0       ??_C@_0O@IAEEJHKH@NewShortArray?$AA@ 1001e3b0     ArrayTypeImpl.obj
 0002:000003c0       ??_C@_0BA@IMLHDFCA@NewBooleanArray?$AA@ 1001e3c0     ArrayTypeImpl.obj
 0002:000003d0       ??_C@_0M@PGNBGLNB@NewIntArray?$AA@ 1001e3d0     ArrayTypeImpl.obj
 0002:000003dc       ??_C@_0N@NGBLEHOM@NewByteArray?$AA@ 1001e3dc     ArrayTypeImpl.obj
 0002:000003ec       ??_C@_0N@BEEAOHOP@NewCharArray?$AA@ 1001e3ec     ArrayTypeImpl.obj
 0002:000003fc       ??_C@_0P@DNODLKGI@NewDoubleArray?$AA@ 1001e3fc     ArrayTypeImpl.obj
 0002:0000040c       ??_C@_0O@KEDKGJJM@NewFloatArray?$AA@ 1001e40c     ArrayTypeImpl.obj
 0002:0000041c       ??_C@_0O@NPFONKNM@GetSuperclass?$AA@ 1001e41c     ClassTypeImpl.obj
 0002:0000042c       ??_C@_0CI@LMJLJEFK@?4?4?1?4?4?1?4?4?1src?1share?1back?1ClassTyp@ 1001e42c     ClassTypeImpl.obj
 0002:00000454       ??_C@_0BE@IGGOFGFB@SetStaticShortField?$AA@ 1001e454     ClassTypeImpl.obj
 0002:00000468       ??_C@_0BG@DJFBDJKI@SetStaticBooleanField?$AA@ 1001e468     ClassTypeImpl.obj
 0002:00000480       ??_C@_0BF@NBNNHFAL@SetStaticObjectField?$AA@ 1001e480     ClassTypeImpl.obj
 0002:00000498       ??_C@_0BD@DLCODEIG@SetStaticLongField?$AA@ 1001e498     ClassTypeImpl.obj
 0002:000004ac       ??_C@_0BD@IANJADAE@SetStaticByteField?$AA@ 1001e4ac     ClassTypeImpl.obj
 0002:000004c0       ??_C@_0BD@ECICKDAH@SetStaticCharField?$AA@ 1001e4c0     ClassTypeImpl.obj
 0002:000004d4       ??_C@_0BF@MBJGKOHI@SetStaticDoubleField?$AA@ 1001e4d4     ClassTypeImpl.obj
 0002:000004ec       ??_C@_0BE@KCBAKIGK@SetStaticFloatField?$AA@ 1001e4ec     ClassTypeImpl.obj
 0002:00000500       ??_C@_0BC@ENOHANEJ@SetStaticIntField?$AA@ 1001e500     ClassTypeImpl.obj
 0002:00000514       ??_C@_0DD@IKIDBICJ@?4?4?1?4?4?1?4?4?1src?1share?1back?1ClassLoa@ 1001e514     ClassLoaderReferenceImpl.obj
 0002:00000548       ??_C@_0BD@MHLEIAPA@GetLineNumberTable?$AA@ 1001e548     MethodImpl.obj
 0002:0000055c       ??_C@_05HENNLPPN@JVMTI?$AA@ 1001e55c     MethodImpl.obj
 0002:00000564       ??_C@_0CF@EABIPNC@?4?4?1?4?4?1?4?4?1src?1share?1back?1MethodIm@ 1001e564     MethodImpl.obj
 0002:0000058c       ??_C@_0BG@JNJHMCNH@GetLocalVariableTable?$AA@ 1001e58c     MethodImpl.obj
 0002:000005a4       ??_C@_0BB@ELDBFBNO@GetArgumentsSize?$AA@ 1001e5a4     MethodImpl.obj
 0002:000005b8       ??_C@_0N@JCOMJEBO@GetBytecodes?$AA@ 1001e5b8     MethodImpl.obj
 0002:000005c8       ??_C@_0CO@BHEBOBEI@?4?4?1?4?4?1?4?4?1src?1share?1back?1ObjectRe@ 1001e5c8     ObjectReferenceImpl.obj
 0002:000005f8       ??_C@_0O@BGNNAPCC@SetShortField?$AA@ 1001e5f8     ObjectReferenceImpl.obj
 0002:00000608       ??_C@_0BA@CPPEGKHO@SetBooleanField?$AA@ 1001e608     ObjectReferenceImpl.obj
 0002:00000618       ??_C@_0P@BIEBOGNE@SetObjectField?$AA@ 1001e618     ObjectReferenceImpl.obj
 0002:00000628       ??_C@_0N@DHGKNGIJ@SetLongField?$AA@ 1001e628     ObjectReferenceImpl.obj
 0002:00000638       ??_C@_0N@IMJNOBAL@SetByteField?$AA@ 1001e638     ObjectReferenceImpl.obj
 0002:00000648       ??_C@_0N@EOMGEBAI@SetCharField?$AA@ 1001e648     ObjectReferenceImpl.obj
 0002:00000658       ??_C@_0P@IAKDNKH@SetDoubleField?$AA@ 1001e658     ObjectReferenceImpl.obj
 0002:00000668       ??_C@_0O@DCKDPBBJ@SetFloatField?$AA@ 1001e668     ObjectReferenceImpl.obj
 0002:00000678       ??_C@_0M@LPBODKIC@SetIntField?$AA@ 1001e678     ObjectReferenceImpl.obj
 0002:00000684       ??_C@_0BG@LNEALOFM@GetObjectMonitorUsage?$AA@ 1001e684     ObjectReferenceImpl.obj
 0002:0000069c       ??_C@_0BC@GCIFGINE@GetClassModifiers?$AA@ 1001e69c     ReferenceTypeImpl.obj
 0002:000006b0       ??_C@_0CM@BLFJGLH@?4?4?1?4?4?1?4?4?1src?1share?1back?1Referenc@ 1001e6b0     ReferenceTypeImpl.obj
 0002:000006dc       ??_C@_0BA@FAMCEADF@GetClassMethods?$AA@ 1001e6dc     ReferenceTypeImpl.obj
 0002:000006ec       ??_C@_0BH@CNLIIJEM@GetClassVersionNumbers?$AA@ 1001e6ec     ReferenceTypeImpl.obj
 0002:00000704       ??_C@_0BA@CMEFDKBB@GetConstantPool?$AA@ 1001e704     ReferenceTypeImpl.obj
 0002:00000714       ??_C@_0P@KAMMPPGF@GetClassFields?$AA@ 1001e714     ReferenceTypeImpl.obj
 0002:00000724       ??_C@_0BC@NBHLJMHF@GetSourceFileName?$AA@ 1001e724     ReferenceTypeImpl.obj
 0002:00000738       ??_C@_0BO@PKBJCGAH@?4?4?1?4?4?1?4?4?1src?1share?1back?1SDE?4c?$AA@ 1001e738     SDE.obj
 0002:00000758       ??_C@_0DE@CBOCIEPK@bad?5SourceDebugExtension?5syntax?5@ 1001e758     SDE.obj
 0002:0000078c       ??_C@_0P@BFDGOIGG@unexpected?5EOF?$AA@ 1001e78c     SDE.obj
 0002:0000079c       ??_C@_0P@BPOMJGMN@SDE?5line?5table?$AA@ 1001e79c     SDE.obj
 0002:000007ac       ??_C@_0P@NDLFOGMP@SDE?5file?5table?$AA@ 1001e7ac     SDE.obj
 0002:000007bc       ??_C@_0BC@JMMEOMHE@SDE?5stratum?5table?$AA@ 1001e7bc     SDE.obj
 0002:000007d0       ??_C@_0N@PPNMFI@expected?5?8?3?8?$AA@ 1001e7d0     SDE.obj
 0002:000007e0       ??_C@_03EIMPEGPO@Aux?$AA@  1001e7e0     SDE.obj
 0002:000007e4       ??_C@_04IEJOJGGI@Java?$AA@ 1001e7e4     SDE.obj
 0002:000007ec       ??_C@_0N@KAHJKGJC@?$CKterminator?$CK?$AA@ 1001e7ec     SDE.obj
 0002:000007fc       ??_C@_0N@BMNJHPCI@expected?5?8?$CK?8?$AA@ 1001e7fc     SDE.obj
 0002:0000080c       ??_C@_0CC@FDGBKJLJ@SDE?5is?5re?9ordering?5the?5line?5tabl@ 1001e80c     SDE.obj
 0002:00000830       ??_C@_04MKAMAPIC@MISC?$AA@ 1001e830     SDE.obj
 0002:00000838       ??_C@_0N@FDADNLMD@GetLocalLong?$AA@ 1001e838     StackFrameImpl.obj
 0002:00000848       ??_C@_0M@OFKPGHNH@GetLocalInt?$AA@ 1001e848     StackFrameImpl.obj
 0002:00000854       ??_C@_0P@LLJAGJLC@GetLocalDouble?$AA@ 1001e854     StackFrameImpl.obj
 0002:00000864       ??_C@_0O@BDGHGOEC@GetLocalFloat?$AA@ 1001e864     StackFrameImpl.obj
 0002:00000874       ??_C@_0P@CCOLHCFB@GetLocalObject?$AA@ 1001e874     StackFrameImpl.obj
 0002:00000884       ??_C@_0CJ@LJJLFJPB@?4?4?1?4?4?1?4?4?1src?1share?1back?1StackFra@ 1001e884     StackFrameImpl.obj
 0002:000008b0       ??_C@_0N@CHLNBHIP@SetLocalLong?$AA@ 1001e8b0     StackFrameImpl.obj
 0002:000008c0       ??_C@_0M@OKLBLBFE@SetLocalInt?$AA@ 1001e8c0     StackFrameImpl.obj
 0002:000008cc       ??_C@_0P@HFIOJDJO@SetLocalDouble?$AA@ 1001e8cc     StackFrameImpl.obj
 0002:000008dc       ??_C@_0O@GMHJNNDF@SetLocalFloat?$AA@ 1001e8dc     StackFrameImpl.obj
 0002:000008ec       ??_C@_0P@OMPFIIHN@SetLocalObject?$AA@ 1001e8ec     StackFrameImpl.obj
 0002:000008fc       ??_C@_0BB@ECEEEFHG@GetFrameLocation?$AA@ 1001e8fc     StackFrameImpl.obj
 0002:00000910       ??_C@_0BG@CNECBEKD@ReleaseStringUTFChars?$AA@ 1001e910     StringReferenceImpl.obj
 0002:00000928       ??_C@_0BC@EDLHHKLL@GetStringUTFChars?$AA@ 1001e928     StringReferenceImpl.obj
 0002:0000093c       ??_C@_0CO@MMDJGJMB@?4?4?1?4?4?1?4?4?1src?1share?1back?1StringRe@ 1001e93c     StringReferenceImpl.obj
 0002:0000096c       ??_C@_0DD@POBPKDKA@?4?4?1?4?4?1?4?4?1src?1share?1back?1ThreadGr@ 1001e96c     ThreadGroupReferenceImpl.obj
 0002:000009a0       ??_C@_0BH@GAOLNFJO@GetThreadGroupChildren?$AA@ 1001e9a0     ThreadGroupReferenceImpl.obj
 0002:000009b8       ??_C@_0O@OMCINHIO@GetThreadInfo?$AA@ 1001e9b8     ThreadReferenceImpl.obj
 0002:000009c8       ??_C@_0CO@JACDKHCL@?4?4?1?4?4?1?4?4?1src?1share?1back?1ThreadRe@ 1001e9c8     ThreadReferenceImpl.obj
 0002:000009f8       ??_C@_0O@OMMMFPCB@GetFrameCount?$AA@ 1001e9f8     ThreadReferenceImpl.obj
 0002:00000a08       ??_C@_0BE@CFHIFOK@GetOwnedMonitorInfo?$AA@ 1001ea08     ThreadReferenceImpl.obj
 0002:00000a1c       ??_C@_0BL@FKMDJLON@GetCurrentContendedMonitor?$AA@ 1001ea1c     ThreadReferenceImpl.obj
 0002:00000a38       ??_C@_0BO@KJEKJMBJ@GetOwnedMonitorStackDepthInfo?$AA@ 1001ea38     ThreadReferenceImpl.obj
 0002:00000a58       ??_C@_0BF@GBNAKBEE@ForceEarlyReturnLong?$AA@ 1001ea58     ThreadReferenceImpl.obj
 0002:00000a70       ??_C@_0BF@GFOCGLCB@ForceEarlyReturnVoid?$AA@ 1001ea70     ThreadReferenceImpl.obj
 0002:00000a88       ??_C@_0BE@OOLJADPL@ForceEarlyReturnInt?$AA@ 1001ea88     ThreadReferenceImpl.obj
 0002:00000a9c       ??_C@_0BH@HPICMNMP@ForceEarlyReturnDouble?$AA@ 1001ea9c     ThreadReferenceImpl.obj
 0002:00000ab4       ??_C@_0BG@GAIJKLLL@ForceEarlyReturnFloat?$AA@ 1001eab4     ThreadReferenceImpl.obj
 0002:00000acc       ??_C@_0BH@OGPJNGCM@ForceEarlyReturnObject?$AA@ 1001eacc     ThreadReferenceImpl.obj
 0002:00000ae4       ??_C@_0DE@JKJKNCJP@Java?5Debug?5Wire?5Protocol?5?$CIRefere@ 1001eae4     VirtualMachineImpl.obj
 0002:00000b18       ??_C@_0EL@OEBGOINI@?$CFs?5version?5?$CFd?4?$CFd?6JVM?5Debug?5Inter@ 1001eb18     VirtualMachineImpl.obj
 0002:00000b64       ??_C@_09EEKGDCPH@?$DMunknown?$DO?$AA@ 1001eb64     VirtualMachineImpl.obj
 0002:00000b70       ??_C@_0CN@OLKIPHAF@?4?4?1?4?4?1?4?4?1src?1share?1back?1VirtualM@ 1001eb70     VirtualMachineImpl.obj
 0002:00000ba0       ??_C@_0BA@DLNPNDDE@RedefineClasses?$AA@ 1001eba0     VirtualMachineImpl.obj
 0002:00000bb0       ??_C@_0BD@GPIPONPL@GetTopThreadGroups?$AA@ 1001ebb0     VirtualMachineImpl.obj
 0002:00000bc4       ??_C@_09OOFGMMEJ@JNI_FALSE?$AA@ 1001ebc4     VirtualMachineImpl.obj
 0002:00000bd0       ??_C@_0N@PHJGBMEP@NewStringUTF?$AA@ 1001ebd0     VirtualMachineImpl.obj
 0002:00000be0       ??_C@_01ICJEACDI@?$DL?$AA@ 1001ebe0     VirtualMachineImpl.obj
 0002:00000be4       ??_C@_0BE@BJLAMKFM@DeleteWeakGlobalRef?$AA@ 1001ebe4     commonRef.obj
 0002:00000bf8       ??_C@_06DADMPMP@SetTag?$AA@ 1001ebf8     commonRef.obj
 0002:00000c00       ??_C@_0BB@DFCJOKMO@NewWeakGlobalRef?$AA@ 1001ec00     commonRef.obj
 0002:00000c14       ??_C@_0CE@DCDLMOBJ@?4?4?1?4?4?1?4?4?1src?1share?1back?1commonRe@ 1001ec14     commonRef.obj
 0002:00000c38       ??_C@_0BA@HLIPMHMF@DeleteGlobalRef?$AA@ 1001ec38     commonRef.obj
 0002:00000c48       ??_C@_0BB@EBIINFKL@Freeing?5?$CFd?5?$CI?$CFx?$CJ?6?$AA@ 1001ec48     commonRef.obj
 0002:00000c5c       ??_C@_0N@IAAOLNMM@NewGlobalRef?$AA@ 1001ec5c     commonRef.obj
 0002:00000c6c       ??_C@_06JAJCHHBC@GetTag?$AA@ 1001ec6c     commonRef.obj
 0002:00000c74       ??_C@_0BC@GLNEFKOL@RefNode?5count?5?$DM?50?$AA@ 1001ec74     commonRef.obj
 0002:00000c88       ??_C@_0BN@ODBCKJDJ@JDWP?5Reference?5Table?5Monitor?$AA@ 1001ec88     commonRef.obj
 0002:00000ca8       ??_C@_0P@DFLOMFLG@DeleteLocalRef?$AA@ 1001eca8     commonRef.obj
 0002:00000cb8       ??_C@_0M@GAIIKJOJ@NewLocalRef?$AA@ 1001ecb8     commonRef.obj
 0002:00000cc4       ??_C@_0O@IBHIJNK@signature?5bag?$AA@ 1001ecc4     classTrack.obj
 0002:00000cd4       ??_C@_0L@CEFBCHGP@signatures?$AA@ 1001ecd4     classTrack.obj
 0002:00000ce0       ??_C@_0CF@HINHOGLA@?4?4?1?4?4?1?4?4?1src?1share?1back?1classTra@ 1001ece0     classTrack.obj
 0002:00000d08       ??_C@_0P@CKMNIIBK@loaded?5classes?$AA@ 1001ed08     classTrack.obj
 0002:00000d18       ??_C@_0BB@JOLEBKED@classTrack?5table?$AA@ 1001ed18     classTrack.obj
 0002:00000d2c       ??_C@_09CMIIOJHF@signature?$AA@ 1001ed2c     classTrack.obj
 0002:00000d38       ??_C@_09FPNNPBPB@KlassNode?$AA@ 1001ed38     classTrack.obj
 0002:00000d44       ??_C@_0CF@HJCABDHA@Attempting?5to?5insert?5duplicate?5c@ 1001ed44     classTrack.obj
 0002:00000d6c       ??_C@_0BF@GLPPHCDA@loaded?5classes?5array?$AA@ 1001ed6c     classTrack.obj
 0002:00000d84       ??_C@_0BC@DMLDOBBC@command?5set?5array?$AA@ 1001ed84     debugDispatch.obj
 0002:00000d98       ??_C@_0CI@HJCDELM@?4?4?1?4?4?1?4?4?1src?1share?1back?1debugDis@ 1001ed98     debugDispatch.obj
 0002:00000dc0       ??_C@_0DI@HJHBDLDN@JDWP?5unable?5to?5configure?5initial@ 1001edc0     debugInit.obj
 0002:00000df8       ??_C@_0BJ@MAECPKFO@SetEventNotificationMode?$AA@ 1001edf8     debugInit.obj
 0002:00000e14       ??_C@_0CE@NHLIGNJC@?4?4?1?4?4?1?4?4?1src?1share?1back?1debugIni@ 1001ee14     debugInit.obj
 0002:00000e38       ??_C@_0DE@BOJEJHME@JDWP?5unable?5to?5dispose?5of?5JVMTI?5@ 1001ee38     debugInit.obj
 0002:00000e6c       ??_C@_0BD@IBLDMNIE@DisposeEnvironment?$AA@ 1001ee6c     debugInit.obj
 0002:00000e80       ??_C@_0BD@KMCJBFOI@End?5startTransport?$AA@ 1001ee80     debugInit.obj
 0002:00000e94       ??_C@_0CP@GLCNJPPL@JDWP?5Transport?5?$CFs?5failed?5to?5init@ 1001ee94     debugInit.obj
 0002:00000ec4       ??_C@_0BF@KCLMNAFK@Begin?5startTransport?$AA@ 1001eec4     debugInit.obj
 0002:00000edc       ??_C@_0BP@HFGABHKC@signal?5initialization?5complete?$AA@ 1001eedc     debugInit.obj
 0002:00000efc       ??_C@_0O@GBAEPAJL@ERROR?3?5JDWP?3?5?$AA@ 1001eefc     debugInit.obj
 0002:00000f0c       ??_C@_0CG@MHFIMNKE@Can?8t?5call?5JNI?5FatalError?$CINULL?0?5@ 1001ef0c     debugInit.obj
 0002:00000f34       ??_C@_07CBPKFJFN@JDWP?5?$CFs?$AA@ 1001ef34     debugInit.obj
 0002:00000f3c       ??_C@_0BL@EEDFKGOH@JDWP?5?$CFs?0?5jvmtiError?$DN?$CFs?$CI?$CFd?$CJ?$AA@ 1001ef3c     debugInit.obj
 0002:00000f58       ??_C@_0P@CPJAJOGP@UNKNOWN?5REASON?$AA@ 1001ef58     debugInit.obj
 0002:00000f68       ??_C@_0BN@ICEPLJN@debugInit_reset?$CI?$CJ?5completed?4?$AA@ 1001ef68     debugInit.obj
 0002:00000f88       ??_C@_0BM@DDGJDKIN@debugInit_reset?$CI?$CJ?5beginning?$AA@ 1001ef88     debugInit.obj
 0002:00000fa8       ??_C@_0GIB@MKMOBLKB@?5?5?5?5?5?5?5?5?5?5?5?5?5?5?5Java?5Debugger?5JDW@ 1001efa8     debugInit.obj
 0002:00001630       ??_C@_0GE@PNCPNOJL@JDWP?5Non?9server?5transport?5?$CFs?5mus@ 1001f630     debugInit.obj
 0002:00001694       ??_C@_01IHBHIGKO@?0?$AA@   1001f694     debugInit.obj
 0002:00001698       ??_C@_01EFFIKLCJ@n?$AA@    1001f698     debugInit.obj
 0002:0000169c       ??_C@_01EANLCPLP@y?$AA@    1001f69c     debugInit.obj
 0002:000016a0       ??_C@_0BO@EGHMLMKO@Exiting?5with?5error?5?$CFs?$CI?$CFd?$CJ?3?5?$CFs?$AA@ 1001f6a0     debugInit.obj
 0002:000016c0       ??_C@_0BD@NOFMPPNE@END?5cbEarlyVMDeath?$AA@ 1001f6c0     debugInit.obj
 0002:000016d4       ??_C@_0BH@MJOFBADO@VM?5died?5more?5than?5once?$AA@ 1001f6d4     debugInit.obj
 0002:000016ec       ??_C@_0P@DKNEAPGB@cbEarlyVMDeath?$AA@ 1001f6ec     debugInit.obj
 0002:000016fc       ??_C@_02LACNDIPD@CB?$AA@   1001f6fc     debugInit.obj
 0002:00001700       ??_C@_0BB@FNMNNOIE@End?5initialize?$CI?$CJ?$AA@ 1001f700     debugInit.obj
 0002:00001714       ??_C@_0CG@FBKKPEEO@VM?5dead?5before?5initialize?$CI?$CJ?5comp@ 1001f714     debugInit.obj
 0002:0000173c       ??_C@_0BM@MLOKHCJB@triggering_ei?5?$CB?$DN?5EI_VM_INIT?$AA@ 1001f73c     debugInit.obj
 0002:00001758       ??_C@_0BM@IHKNNPNA@triggering_ei?5?$DN?$DN?5EI_VM_INIT?$AA@ 1001f758     debugInit.obj
 0002:00001774       ??_C@_0BK@MDFDHGIG@No?5transports?5initialized?$AA@ 1001f774     debugInit.obj
 0002:00001790       ??_C@_0BM@GGAMJPIA@JDWP?5Initialization?5Monitor?$AA@ 1001f790     debugInit.obj
 0002:000017ac       ??_C@_0CA@LEEFBLBH@unable?5to?5clear?5JVMTI?5callbacks?$AA@ 1001f7ac     debugInit.obj
 0002:000017cc       ??_C@_0BC@GAGPFDAP@SetEventCallbacks?$AA@ 1001f7cc     debugInit.obj
 0002:000017e0       ??_C@_0CL@FOADKMNE@unable?5to?5disable?5JVMTI?5event?5no@ 1001f7e0     debugInit.obj
 0002:0000180c       ??_C@_0BN@NHJNNMLF@VM?5dead?5at?5initialize?$CI?$CJ?5time?$AA@ 1001f80c     debugInit.obj
 0002:0000182c       ??_C@_0BD@BEMOICGG@Begin?5initialize?$CI?$CJ?$AA@ 1001f82c     debugInit.obj
 0002:00001840       ??_C@_0EJ@JJILEHOC@Specify?5launch?$DN?$DMcommand?5line?$DO?5wh@ 1001f840     debugInit.obj
 0002:0000188c       ??_C@_0P@HJPPKHBO@JDWP?5?$CFs?3?5?$CFs?$DN?$CFs?$AA@ 1001f88c     debugInit.obj
 0002:0000189c       ??_C@_0P@PJFAGLMH@invalid?5option?$AA@ 1001f89c     debugInit.obj
 0002:000018ac       ??_C@_0DG@LFMJLIEN@multiple?5transports?5are?5not?5supp@ 1001f8ac     debugInit.obj
 0002:000018e4       ??_C@_0CA@PBEIFGCB@JDWP?5option?5syntax?5error?3?5?$CFs?$DN?$CFs?$AA@ 1001f8e4     debugInit.obj
 0002:00001904       ??_C@_0P@KGDIDJKL@?9agentlib?3jdwp?$AA@ 1001f904     debugInit.obj
 0002:00001914       ??_C@_0CN@FJOGMEJD@The?5precrash?5option?5removed?0?5use@ 1001f914     debugInit.obj
 0002:00001944       ??_C@_0CO@FJOJNBJC@The?5exitpause?5option?5removed?0?5us@ 1001f944     debugInit.obj
 0002:00001974       ??_C@_0CE@KCGGPGKE@timeout?5specified?5without?5transp@ 1001f974     debugInit.obj
 0002:00001998       ??_C@_0CE@KJBCDAKG@address?5specified?5without?5transp@ 1001f998     debugInit.obj
 0002:000019bc       ??_C@_0BH@HHOMGJCA@no?5transport?5specified?$AA@ 1001f9bc     debugInit.obj
 0002:000019d4       ??_C@_08GEPKFJKM@stdalloc?$AA@ 1001f9d4     debugInit.obj
 0002:000019e0       ??_C@_05HEPNBBMF@mutf8?$AA@ 1001f9e0     debugInit.obj
 0002:000019e8       ??_C@_0L@EINCANF@onuncaught?$AA@ 1001f9e8     debugInit.obj
 0002:000019f4       ??_C@_05PMBAOCDH@quiet?$AA@ 1001f9f4     debugInit.obj
 0002:000019fc       ??_C@_06OLFOGHEN@strict?$AA@ 1001f9fc     debugInit.obj
 0002:00001a04       ??_C@_06HJHJCKIO@server?$AA@ 1001fa04     debugInit.obj
 0002:00001a0c       ??_C@_07DNBGJJHB@suspend?$AA@ 1001fa0c     debugInit.obj
 0002:00001a14       ??_C@_0L@NDPADBNN@debugflags?$AA@ 1001fa14     debugInit.obj
 0002:00001a20       ??_C@_08KMAEEIGA@logflags?$AA@ 1001fa20     debugInit.obj
 0002:00001a2c       ??_C@_07HMINABEO@logfile?$AA@ 1001fa2c     debugInit.obj
 0002:00001a34       ??_C@_08KLNFLELA@precrash?$AA@ 1001fa34     debugInit.obj
 0002:00001a40       ??_C@_09KOPDMKB@exitpause?$AA@ 1001fa40     debugInit.obj
 0002:00001a4c       ??_C@_09NDIDIJNG@errorexit?$AA@ 1001fa4c     debugInit.obj
 0002:00001a58       ??_C@_08JHOBLGK@coredump?$AA@ 1001fa58     debugInit.obj
 0002:00001a64       ??_C@_05PDJBBECF@pause?$AA@ 1001fa64     debugInit.obj
 0002:00001a6c       ??_C@_05FAMCFOJB@fatal?$AA@ 1001fa6c     debugInit.obj
 0002:00001a74       ??_C@_06GMEIIFFN@assert?$AA@ 1001fa74     debugInit.obj
 0002:00001a7c       ??_C@_07JDKNNNFJ@onthrow?$AA@ 1001fa7c     debugInit.obj
 0002:00001a84       ??_C@_06OAFDKBLG@launch?$AA@ 1001fa84     debugInit.obj
 0002:00001a8c       ??_C@_07DDHNKDGP@timeout?$AA@ 1001fa8c     debugInit.obj
 0002:00001a94       ??_C@_07LHEPONKL@address?$AA@ 1001fa94     debugInit.obj
 0002:00001a9c       ??_C@_09PBENLGJM@transport?$AA@ 1001fa9c     debugInit.obj
 0002:00001aa8       ??_C@_0L@PNFKLIOM@transports?$AA@ 1001faa8     debugInit.obj
 0002:00001ab4       ??_C@_07FOPBDDAL@options?$AA@ 1001fab4     debugInit.obj
 0002:00001abc       ??_C@_0BD@BLCBAGAJ@_JAVA_JDWP_OPTIONS?$AA@ 1001fabc     debugInit.obj
 0002:00001ad0       ??_C@_04PCJFHION@help?$AA@ 1001fad0     debugInit.obj
 0002:00001ad8       ??_C@_0BC@IFIKOKIP@END?5cbEarlyVMInit?$AA@ 1001fad8     debugInit.obj
 0002:00001aec       ??_C@_0BI@BCONGKCA@VM?5dead?5at?5VM_INIT?5time?$AA@ 1001faec     debugInit.obj
 0002:00001b04       ??_C@_0O@DLFFEAD@cbEarlyVMInit?$AA@ 1001fb04     debugInit.obj
 0002:00001b14       ??_C@_0BF@FLBJJJJM@END?5cbEarlyException?$AA@ 1001fb14     debugInit.obj
 0002:00001b2c       ??_C@_05JCKDCDAK@Throw?$AA@ 1001fb2c     debugInit.obj
 0002:00001b34       ??_C@_0CP@DAAMLOKM@No?5initialization?0?5didn?8t?5find?5r@ 1001fb34     debugInit.obj
 0002:00001b64       ??_C@_0CD@DGOBNBPB@Initializing?5on?5specific?5excepti@ 1001fb64     debugInit.obj
 0002:00001b88       ??_C@_0DE@NBANCLO@Checking?5specific?5exception?3?5loo@ 1001fb88     debugInit.obj
 0002:00001bbc       ??_C@_0CD@IFKJAMDD@Initializing?5on?5uncaught?5excepti@ 1001fbbc     debugInit.obj
 0002:00001be0       ??_C@_0BK@LELFCHPE@VM?5is?5not?5initialized?5yet?$AA@ 1001fbe0     debugInit.obj
 0002:00001bfc       ??_C@_0CD@LICFEBIC@VM?5dead?5at?5initial?5Exception?5eve@ 1001fbfc     debugInit.obj
 0002:00001c20       ??_C@_0BM@IEEFFE@cbEarlyException?3?5thread?$DN?$CFp?$AA@ 1001fc20     debugInit.obj
 0002:00001c3c       ??_C@_0N@NKKDPPME@OnLoad?3?5DONE?$AA@ 1001fc3c     debugInit.obj
 0002:00001c4c       ??_C@_0DB@FLBLFKJC@JDWP?5unable?5to?5set?5JVMTI?5event?5c@ 1001fc4c     debugInit.obj
 0002:00001c80       ??_C@_0DB@KIBJMMBD@JDWP?5unable?5to?5get?5necessary?5JVM@ 1001fc80     debugInit.obj
 0002:00001cb4       ??_C@_0BA@GDHIKEAF@AddCapabilities?$AA@ 1001fcb4     debugInit.obj
 0002:00001cc4       ??_C@_0DI@HGBENBDB@JDWP?5unable?5to?5get?5potential?5JVM@ 1001fcc4     debugInit.obj
 0002:00001cfc       ??_C@_0BJ@DAFNBFMC@GetPotentialCapabilities?$AA@ 1001fcfc     debugInit.obj
 0002:00001d18       ??_C@_0L@GCOJPMGE@Onload?3?5?$CFs?$AA@ 1001fd18     debugInit.obj
 0002:00001d28       ??_C@_0GO@CPKDKNDM@This?5jdwp?5native?5library?5will?5no@ 1001fd28     debugInit.obj
 0002:00001d98       ??_C@_0HB@JPGJENBG@JDWP?5unable?5to?5access?5JVMTI?5Vers@ 1001fd98     debugInit.obj
 0002:00001e0c       ??_C@_06CALCCDMF@GetEnv?$AA@ 1001fe0c     debugInit.obj
 0002:00001e14       ??_C@_03HPEPLPA@JVM?$AA@   1001fe14     debugInit.obj
 0002:00001e18       ??_C@_0CJ@PMDIGEH@JDWP?3?5UTF?5function?5initializatio@ 1001fe18     debugInit.obj
 0002:00001e44       ??_C@_0CH@FDHINHJP@JDWP?3?5unable?5to?5initialize?5NPT?5l@ 1001fe44     debugInit.obj
 0002:00001e6c       ??_C@_0P@KEJEBKCF@NPT?5ERROR?3?5?$CFs?6?$AA@ 1001fe6c     debugInit.obj
 0002:00001e7c       ??_C@_0BJ@BCAAKKFG@Cannot?5initialize?5NptEnv?$AA@ 1001fe7c     debugInit.obj
 0002:00001e98       ??_C@_05CJAIGNCM@0?40?40?$AA@ 1001fe98     debugInit.obj
 0002:00001ea0       ??_C@_0BK@HOJGHELP@Cannot?5find?5nptInitialize?$AA@ 1001fea0     debugInit.obj
 0002:00001ebc       ??_C@_0O@MIMNKEMK@nptInitialize?$AA@ 1001febc     debugInit.obj
 0002:00001ecc       ??_C@_0BE@PIBOIGHP@Cannot?5open?5library?$AA@ 1001fecc     debugInit.obj
 0002:00001ee0       ??_C@_07GBFHOKDN@npt?4dll?$AA@ 1001fee0     debugInit.obj
 0002:00001ee8       ??_C@_04KAAOILJH@?2?4?4?2?$AA@ 1001fee8     debugInit.obj
 0002:00001ef0       ??_C@_0BE@JHKGKBJE@Cannot?5find?5jvm?4dll?$AA@ 1001fef0     debugInit.obj
 0002:00001f04       ??_C@_07KCBEICKO@jvm?4dll?$AA@ 1001ff04     debugInit.obj
 0002:00001f0c       ??_C@_0BN@FIGCDEN@JDWP?5unable?5to?5load?0?5VM?5died?$AA@ 1001ff0c     debugInit.obj
 0002:00001f30       ??_C@_0FO@EFFMOFEA@Cannot?5load?5this?5JVM?5TI?5agent?5tw@ 1001ff30     debugInit.obj
 0002:00001f90       ??_C@_0BB@NDEDGFCM@JDWP?5Resume?5Lock?$AA@ 1001ff90     debugLoop.obj
 0002:00001fa4       ??_C@_0M@FFFEEGHJ@packet?5list?$AA@ 1001ffa4     debugLoop.obj
 0002:00001fb0       ??_C@_0CE@EOPOPDGH@?4?4?1?4?4?1?4?4?1src?1share?1back?1debugLoo@ 1001ffb0     debugLoop.obj
 0002:00001fd4       ??_C@_0BC@PBMDCOFP@End?5reader?5thread?$AA@ 1001ffd4     debugLoop.obj
 0002:00001fe8       ??_C@_0BL@PDACEPJI@Command?5set?5?$CFd?0?5command?5?$CFd?$AA@ 1001ffe8     debugLoop.obj
 0002:00002004       ??_C@_0BE@LPIOKOFH@Begin?5reader?5thread?$AA@ 10020004     debugLoop.obj
 0002:00002018       ??_C@_0BE@OJJPFMMB@JDWP?5Command?5Reader?$AA@ 10020018     debugLoop.obj
 0002:0000202c       ??_C@_0BI@KEHBCJBK@JDWP?5Command?5Queue?5Lock?$AA@ 1002002c     debugLoop.obj
 0002:00002044       ??_C@_06DIJPEION@?$CFs?$CFs?$CFs?$AA@ 10020044     error_messages.obj
 0002:0000204c       ??_C@_0O@LFPPCNKG@ERROR_unknown?$AA@ 1002004c     error_messages.obj
 0002:0000205c       ??_C@_0BL@CKFDNLPC@AGENT_ERROR_NO_MORE_FRAMES?$AA@ 1002005c     error_messages.obj
 0002:00002078       ??_C@_0BL@JAPDMOGJ@AGENT_ERROR_INVALID_OBJECT?$AA@ 10020078     error_messages.obj
 0002:00002094       ??_C@_0BP@OCCGGDI@AGENT_ERROR_INVALID_EVENT_TYPE?$AA@ 10020094     error_messages.obj
 0002:000020b4       ??_C@_0BL@ENGHDPEH@AGENT_ERROR_INVALID_THREAD?$AA@ 100200b4     error_messages.obj
 0002:000020d0       ??_C@_0BN@LLKPAHA@AGENT_ERROR_ILLEGAL_ARGUMENT?$AA@ 100200d0     error_messages.obj
 0002:000020f0       ??_C@_0BJ@ILJPBKJK@AGENT_ERROR_NULL_POINTER?$AA@ 100200f0     error_messages.obj
 0002:0000210c       ??_C@_0BM@LDFIPDCL@AGENT_ERROR_INVALID_FRAMEID?$AA@ 1002010c     error_messages.obj
 0002:00002128       ??_C@_0BK@KOCLEFJG@AGENT_ERROR_INVALID_COUNT?$AA@ 10020128     error_messages.obj
 0002:00002144       ??_C@_0BK@JFFMLFLM@AGENT_ERROR_NATIVE_METHOD?$AA@ 10020144     error_messages.obj
 0002:00002160       ??_C@_0BL@GHHKABMN@AGENT_ERROR_TRANSPORT_INIT?$AA@ 10020160     error_messages.obj
 0002:0000217c       ??_C@_0BL@FDPHKKDB@AGENT_ERROR_TRANSPORT_LOAD?$AA@ 1002017c     error_messages.obj
 0002:00002198       ??_C@_0BK@FILGLGGH@AGENT_ERROR_INVALID_ARRAY?$AA@ 10020198     error_messages.obj
 0002:000021b4       ??_C@_0CB@GJDCCCGC@AGENT_ERROR_INVALID_CLASS_LOADER@ 100201b4     error_messages.obj
 0002:000021d8       ??_C@_0BL@JGHDGIGP@AGENT_ERROR_INVALID_STRING?$AA@ 100201d8     error_messages.obj
 0002:000021f4       ??_C@_0BL@BMIJGCKP@AGENT_ERROR_INVALID_LENGTH?$AA@ 100201f4     error_messages.obj
 0002:00002210       ??_C@_0BK@HKJFNPFH@AGENT_ERROR_INVALID_INDEX?$AA@ 10020210     error_messages.obj
 0002:0000222c       ??_C@_0BN@PEANMDOB@AGENT_ERROR_ALREADY_INVOKING?$AA@ 1002022c     error_messages.obj
 0002:0000224c       ??_C@_0BI@OCBNFCC@AGENT_ERROR_INVALID_TAG?$AA@ 1002024c     error_messages.obj
 0002:00002264       ??_C@_0BK@MDCNJBJM@AGENT_ERROR_OUT_OF_MEMORY?$AA@ 10020264     error_messages.obj
 0002:00002280       ??_C@_0BO@HMIKBJDH@AGENT_ERROR_NOT_CURRENT_FRAME?$AA@ 10020280     error_messages.obj
 0002:000022a0       ??_C@_0BK@DOAJMAC@AGENT_ERROR_JDWP_INTERNAL?$AA@ 100202a0     error_messages.obj
 0002:000022bc       ??_C@_0BL@HHHLGBCJ@AGENT_ERROR_JVMTI_INTERNAL?$AA@ 100202bc     error_messages.obj
 0002:000022d8       ??_C@_0BK@OHNBOEAB@AGENT_ERROR_JNI_EXCEPTION?$AA@ 100202d8     error_messages.obj
 0002:000022f4       ??_C@_0BH@IOOMLCPK@AGENT_ERROR_NO_JNI_ENV?$AA@ 100202f4     error_messages.obj
 0002:0000230c       ??_C@_0BE@KFGADCIM@AGENT_ERROR_VM_DEAD?$AA@ 1002030c     error_messages.obj
 0002:00002320       ??_C@_0BF@KCDLAD@AGENT_ERROR_INTERNAL?$AA@ 10020320     error_messages.obj
 0002:00002338       ??_C@_0CA@LKHFDACL@JVMTI_ERROR_INVALID_ENVIRONMENT?$AA@ 10020338     error_messages.obj
 0002:00002358       ??_C@_0BO@EOHGKJHI@JVMTI_ERROR_UNATTACHED_THREAD?$AA@ 10020358     error_messages.obj
 0002:00002378       ??_C@_0BF@OLIHJOII@JVMTI_ERROR_INTERNAL?$AA@ 10020378     error_messages.obj
 0002:00002390       ??_C@_0BI@GHECLMNC@JVMTI_ERROR_WRONG_PHASE?$AA@ 10020390     error_messages.obj
 0002:000023a8       ??_C@_0BK@NNJBDMNB@JVMTI_ERROR_ACCESS_DENIED?$AA@ 100203a8     error_messages.obj
 0002:000023c4       ??_C@_0BK@PMKCFHAE@JVMTI_ERROR_OUT_OF_MEMORY?$AA@ 100203c4     error_messages.obj
 0002:000023e0       ??_C@_0BN@BIBNPHHO@JVMTI_ERROR_ILLEGAL_ARGUMENT?$AA@ 100203e0     error_messages.obj
 0002:00002400       ??_C@_0BP@OMFMNLC@JVMTI_ERROR_INVALID_EVENT_TYPE?$AA@ 10020400     error_messages.obj
 0002:00002420       ??_C@_0BP@CHJPNNEM@JVMTI_ERROR_ABSENT_INFORMATION?$AA@ 10020420     error_messages.obj
 0002:00002440       ??_C@_0BJ@LBFPFPDM@JVMTI_ERROR_NULL_POINTER?$AA@ 10020440     error_messages.obj
 0002:0000245c       ??_C@_0DO@HMBGBGNA@JVMTI_ERROR_UNSUPPORTED_REDEFINI@ 1002045c     error_messages.obj
 0002:0000249c       ??_C@_0BK@CANILEHF@JVMTI_ERROR_NOT_AVAILABLE?$AA@ 1002049c     error_messages.obj
 0002:000024b8       ??_C@_0CE@INJKMEFK@JVMTI_ERROR_MUST_POSSESS_CAPABIL@ 100204b8     error_messages.obj
 0002:000024dc       ??_C@_0DN@HHBBLAKE@JVMTI_ERROR_UNSUPPORTED_REDEFINI@ 100204dc     error_messages.obj
 0002:0000251c       ??_C@_0DH@INDGCLLB@JVMTI_ERROR_UNSUPPORTED_REDEFINI@ 1002051c     error_messages.obj
 0002:00002554       ??_C@_0DE@NHEOMMGI@JVMTI_ERROR_UNSUPPORTED_REDEFINI@ 10020554     error_messages.obj
 0002:00002588       ??_C@_0CA@EKPNJOEP@JVMTI_ERROR_UNSUPPORTED_VERSION?$AA@ 10020588     error_messages.obj
 0002:000025a8       ??_C@_0BN@OFFMAHHL@JVMTI_ERROR_NAMES_DONT_MATCH?$AA@ 100205a8     error_messages.obj
 0002:000025c8       ??_C@_0BO@LAFKIOG@JVMTI_ERROR_INVALID_TYPESTATE?$AA@ 100205c8     error_messages.obj
 0002:000025e8       ??_C@_0BP@ICEALPKC@JVMTI_ERROR_FAILS_VERIFICATION?$AA@ 100205e8     error_messages.obj
 0002:00002608       ??_C@_0DC@JDACLMIO@JVMTI_ERROR_UNSUPPORTED_REDEFINI@ 10020608     error_messages.obj
 0002:0000263c       ??_C@_0DE@GKDKNOMJ@JVMTI_ERROR_UNSUPPORTED_REDEFINI@ 1002063c     error_messages.obj
 0002:00002670       ??_C@_0CG@DGKOGIAL@JVMTI_ERROR_CIRCULAR_CLASS_DEFIN@ 10020670     error_messages.obj
 0002:00002698       ??_C@_0BM@NHMCKHOB@JVMTI_ERROR_INVALID_MONITOR?$AA@ 10020698     error_messages.obj
 0002:000026b4       ??_C@_0BO@PPEDAJGL@JVMTI_ERROR_NOT_MONITOR_OWNER?$AA@ 100206b4     error_messages.obj
 0002:000026d4       ??_C@_0BG@FCAIPEID@JVMTI_ERROR_INTERRUPT?$AA@ 100206d4     error_messages.obj
 0002:000026ec       ??_C@_0CB@EGDBNKOI@JVMTI_ERROR_INVALID_CLASS_FORMAT@ 100206ec     error_messages.obj
 0002:00002710       ??_C@_0BG@DIEMLHKM@JVMTI_ERROR_NOT_FOUND?$AA@ 10020710     error_messages.obj
 0002:00002728       ??_C@_0BK@MIIFNLOB@JVMTI_ERROR_TYPE_MISMATCH?$AA@ 10020728     error_messages.obj
 0002:00002744       ??_C@_0BJ@HPCAOILC@JVMTI_ERROR_INVALID_SLOT?$AA@ 10020744     error_messages.obj
 0002:00002760       ??_C@_0BG@CHILOPNI@JVMTI_ERROR_DUPLICATE?$AA@ 10020760     error_messages.obj
 0002:00002778       ??_C@_0BJ@BDBECFDM@JVMTI_ERROR_OPAQUE_FRAME?$AA@ 10020778     error_messages.obj
 0002:00002794       ??_C@_0BN@KLPPLKG@JVMTI_ERROR_INVALID_METHODID?$AA@ 10020794     error_messages.obj
 0002:000027b4       ??_C@_0BN@BCEKOKND@JVMTI_ERROR_INVALID_LOCATION?$AA@ 100207b4     error_messages.obj
 0002:000027d4       ??_C@_0BM@DFDGPME@JVMTI_ERROR_INVALID_FIELDID?$AA@ 100207d4     error_messages.obj
 0002:000027f0       ??_C@_0BL@NELIEPEC@JVMTI_ERROR_NO_MORE_FRAMES?$AA@ 100207f0     error_messages.obj
 0002:0000280c       ??_C@_0BP@IKLLBKEB@JVMTI_ERROR_CLASS_NOT_PREPARED?$AA@ 1002080c     error_messages.obj
 0002:0000282c       ??_C@_0BN@FABOLPBI@JVMTI_ERROR_THREAD_SUSPENDED?$AA@ 1002082c     error_messages.obj
 0002:0000284c       ??_C@_0BN@FDGNOBJM@JVMTI_ERROR_THREAD_NOT_ALIVE?$AA@ 1002084c     error_messages.obj
 0002:0000286c       ??_C@_0BL@GOBIFKNJ@JVMTI_ERROR_INVALID_OBJECT?$AA@ 1002086c     error_messages.obj
 0002:00002888       ??_C@_0BK@FCMAJPPC@JVMTI_ERROR_INVALID_CLASS?$AA@ 10020888     error_messages.obj
 0002:000028a4       ??_C@_0CB@MBOFKAGB@JVMTI_ERROR_THREAD_NOT_SUSPENDED@ 100208a4     error_messages.obj
 0002:000028c8       ??_C@_0BB@JCNMKLLK@JVMTI_ERROR_NONE?$AA@ 100208c8     error_messages.obj
 0002:000028dc       ??_C@_0BL@LDIMKLPH@JVMTI_ERROR_INVALID_THREAD?$AA@ 100208dc     error_messages.obj
 0002:000028f8       ??_C@_0CB@PJFPAIKJ@JVMTI_ERROR_INVALID_THREAD_GROUP@ 100208f8     error_messages.obj
 0002:0000291c       ??_C@_0BN@LLMKHMNF@JVMTI_ERROR_INVALID_PRIORITY?$AA@ 1002091c     error_messages.obj
 0002:0000293c       ??_C@_0O@MBFGOMME@EVENT_unknown?$AA@ 1002093c     error_messages.obj
 0002:0000294c       ??_C@_0N@FJNDECKL@EI_GC_FINISH?$AA@ 1002094c     error_messages.obj
 0002:0000295c       ??_C@_0M@NLNKJGDL@EI_VM_DEATH?$AA@ 1002095c     error_messages.obj
 0002:00002968       ??_C@_0L@DINKDGIA@EI_VM_INIT?$AA@ 10020968     error_messages.obj
 0002:00002974       ??_C@_0P@EODELCOH@EI_METHOD_EXIT?$AA@ 10020974     error_messages.obj
 0002:00002984       ??_C@_0BA@BMAHDEKG@EI_METHOD_ENTRY?$AA@ 10020984     error_messages.obj
 0002:00002994       ??_C@_0BD@IMHNDJNF@EI_EXCEPTION_CATCH?$AA@ 10020994     error_messages.obj
 0002:000029a8       ??_C@_0BG@BKOJDIGF@EI_FIELD_MODIFICATION?$AA@ 100209a8     error_messages.obj
 0002:000029c0       ??_C@_0BA@DBHDLMCN@EI_FIELD_ACCESS?$AA@ 100209c0     error_messages.obj
 0002:000029d0       ??_C@_0O@BCBJODOG@EI_CLASS_LOAD?$AA@ 100209d0     error_messages.obj
 0002:000029e0       ??_C@_0BB@FOCFHABH@EI_CLASS_PREPARE?$AA@ 100209e0     error_messages.obj
 0002:000029f4       ??_C@_0O@GJFHOBHI@EI_THREAD_END?$AA@ 100209f4     error_messages.obj
 0002:00002a04       ??_C@_0BA@EJAFLEFO@EI_THREAD_START?$AA@ 10020a04     error_messages.obj
 0002:00002a14       ??_C@_0N@CEKAFBCB@EI_EXCEPTION?$AA@ 10020a14     error_messages.obj
 0002:00002a24       ??_C@_0N@PGOIKMFF@EI_FRAME_POP?$AA@ 10020a24     error_messages.obj
 0002:00002a34       ??_C@_0O@PLAPKDL@EI_BREAKPOINT?$AA@ 10020a34     error_messages.obj
 0002:00002a44       ??_C@_0P@KOMKCNJP@EI_SINGLE_STEP?$AA@ 10020a44     error_messages.obj
 0002:00002a54       ??_C@_0BF@FLGJBCL@INVALID_CLASS_LOADER?$AA@ 10020a54     error_messages.obj
 0002:00002a6c       ??_C@_0O@DBEPKOML@INVALID_ARRAY?$AA@ 10020a6c     error_messages.obj
 0002:00002a7c       ??_C@_0P@IMPOLMOK@TRANSPORT_LOAD?$AA@ 10020a7c     error_messages.obj
 0002:00002a8c       ??_C@_0P@LIHDBHBG@TRANSPORT_INIT?$AA@ 10020a8c     error_messages.obj
 0002:00002a9c       ??_C@_0O@PMKFKNBA@NATIVE_METHOD?$AA@ 10020a9c     error_messages.obj
 0002:00002aac       ??_C@_0O@MHNCFNDK@INVALID_COUNT?$AA@ 10020aac     error_messages.obj
 0002:00002abc       ??_C@_0BD@EHLJKCDN@JDWP_ERROR_unknown?$AA@ 10020abc     error_messages.obj
 0002:00002ad0       ??_C@_0P@EJHKHOLE@INVALID_STRING?$AA@ 10020ad0     error_messages.obj
 0002:00002ae0       ??_C@_08MLFDIMPC@INTERNAL?$AA@ 10020ae0     error_messages.obj
 0002:00002aec       ??_C@_0BC@ENEFPEAF@UNATTACHED_THREAD?$AA@ 10020aec     error_messages.obj
 0002:00002b00       ??_C@_0M@NLBJDGPL@INVALID_TAG?$AA@ 10020b00     error_messages.obj
 0002:00002b0c       ??_C@_0BB@GCBFLFGN@ALREADY_INVOKING?$AA@ 10020b0c     error_messages.obj
 0002:00002b20       ??_C@_0O@BDGMMHPL@INVALID_INDEX?$AA@ 10020b20     error_messages.obj
 0002:00002b30       ??_C@_0P@MDIAHEHE@INVALID_LENGTH?$AA@ 10020b30     error_messages.obj
 0002:00002b40       ??_C@_07DFGEEPDM@VM_DEAD?$AA@ 10020b40     error_messages.obj
 0002:00002b48       ??_C@_0N@HEEFEIAJ@NULL_POINTER?$AA@ 10020b48     error_messages.obj
 0002:00002b58       ??_C@_0BD@JCIODJA@ABSENT_INFORMATION?$AA@ 10020b58     error_messages.obj
 0002:00002b6c       ??_C@_0BD@CAHCPDGO@INVALID_EVENT_TYPE?$AA@ 10020b6c     error_messages.obj
 0002:00002b80       ??_C@_0BB@JNKCIGPM@ILLEGAL_ARGUMENT?$AA@ 10020b80     error_messages.obj
 0002:00002b94       ??_C@_0O@KKNEIJDA@OUT_OF_MEMORY?$AA@ 10020b94     error_messages.obj
 0002:00002ba4       ??_C@_0O@ILOHOCOF@ACCESS_DENIED?$AA@ 10020ba4     error_messages.obj
 0002:00002bb4       ??_C@_0BA@PIOOPNBD@NOT_IMPLEMENTED?$AA@ 10020bb4     error_messages.obj
 0002:00002bc4       ??_C@_0CB@DMMJDFBN@HIERARCHY_CHANGE_NOT_IMPLEMENTED@ 10020bc4     error_messages.obj
 0002:00002be8       ??_C@_0BO@EGGEGIDF@DELETE_METHOD_NOT_IMPLEMENTED?$AA@ 10020be8     error_messages.obj
 0002:00002c08       ??_C@_0BE@MFLGLHIO@UNSUPPORTED_VERSION?$AA@ 10020c08     error_messages.obj
 0002:00002c1c       ??_C@_0BB@GAODHGPJ@NAMES_DONT_MATCH?$AA@ 10020c1c     error_messages.obj
 0002:00002c30       ??_C@_0CH@NAGMIHMO@CLASS_MODIFIERS_CHANGE_NOT_IMPLE@ 10020c30     error_messages.obj
 0002:00002c58       ??_C@_0CI@BOHKDDHK@METHOD_MODIFIERS_CHANGE_NOT_IMPL@ 10020c58     error_messages.obj
 0002:00002c80       ??_C@_0BC@IDGPFJL@INVALID_TYPESTATE?$AA@ 10020c80     error_messages.obj
 0002:00002c94       ??_C@_09OCPILILD@INTERRUPT?$AA@ 10020c94     error_messages.obj
 0002:00002ca0       ??_C@_0BF@KKNNGDOH@INVALID_CLASS_FORMAT?$AA@ 10020ca0     error_messages.obj
 0002:00002cb8       ??_C@_0BK@IGLHGLOO@CIRCULAR_CLASS_DEFINITION?$AA@ 10020cb8     error_messages.obj
 0002:00002cd4       ??_C@_0BD@KMPHIBHO@FAILS_VERIFICATION?$AA@ 10020cd4     error_messages.obj
 0002:00002ce8       ??_C@_0BL@PPBPAAJH@ADD_METHOD_NOT_IMPLEMENTED?$AA@ 10020ce8     error_messages.obj
 0002:00002d04       ??_C@_0BO@EMGJAAKO@SCHEMA_CHANGE_NOT_IMPLEMENTED?$AA@ 10020d04     error_messages.obj
 0002:00002d24       ??_C@_0BC@PMHAFEBG@NOT_MONITOR_OWNER?$AA@ 10020d24     error_messages.obj
 0002:00002d38       ??_C@_0BC@JIBCMOEK@NOT_CURRENT_FRAME?$AA@ 10020d38     error_messages.obj
 0002:00002d4c       ??_C@_0O@JOPDAFNF@TYPE_MISMATCH?$AA@ 10020d4c     error_messages.obj
 0002:00002d5c       ??_C@_0N@LKDKPPIH@INVALID_SLOT?$AA@ 10020d5c     error_messages.obj
 0002:00002d6c       ??_C@_09JHHLKDOI@DUPLICATE?$AA@ 10020d6c     error_messages.obj
 0002:00002d78       ??_C@_09IILMPLJM@NOT_FOUND?$AA@ 10020d78     error_messages.obj
 0002:00002d84       ??_C@_0BA@NIDPNLD@INVALID_MONITOR?$AA@ 10020d84     error_messages.obj
 0002:00002d94       ??_C@_0N@NGAODCAJ@OPAQUE_FRAME?$AA@ 10020d94     error_messages.obj
 0002:00002da4       ??_C@_0BD@KEAMCEJN@CLASS_NOT_PREPARED?$AA@ 10020da4     error_messages.obj
 0002:00002db8       ??_C@_0BB@IPAAIKCE@INVALID_METHODID?$AA@ 10020db8     error_messages.obj
 0002:00002dcc       ??_C@_0BB@JHPFJLFB@INVALID_LOCATION?$AA@ 10020dcc     error_messages.obj
 0002:00002de0       ??_C@_0BA@NJBCDFJG@INVALID_FIELDID?$AA@ 10020de0     error_messages.obj
 0002:00002df0       ??_C@_0BA@KCIGPBGB@INVALID_FRAMEID?$AA@ 10020df0     error_messages.obj
 0002:00002e00       ??_C@_0P@PFFKMNCJ@NO_MORE_FRAMES?$AA@ 10020e00     error_messages.obj
 0002:00002e10       ??_C@_0O@ELGEBMG@INVALID_CLASS?$AA@ 10020e10     error_messages.obj
 0002:00002e20       ??_C@_04OKGDLNCL@NONE?$AA@ 10020e20     error_messages.obj
 0002:00002e28       ??_C@_0P@JCGOCJJM@INVALID_THREAD?$AA@ 10020e28     error_messages.obj
 0002:00002e38       ??_C@_0BF@BFLDLBKG@INVALID_THREAD_GROUP?$AA@ 10020e38     error_messages.obj
 0002:00002e50       ??_C@_0BB@DOHFANFH@INVALID_PRIORITY?$AA@ 10020e50     error_messages.obj
 0002:00002e64       ??_C@_0BF@CNAJBJGO@THREAD_NOT_SUSPENDED?$AA@ 10020e64     error_messages.obj
 0002:00002e7c       ??_C@_0BB@NFKBMOJK@THREAD_SUSPENDED?$AA@ 10020e7c     error_messages.obj
 0002:00002e90       ??_C@_0P@EPPKNILC@INVALID_OBJECT?$AA@ 10020e90     error_messages.obj
 0002:00002ea0       ??_C@_0DI@FMKFEDPB@DEBUGGING?3?5JDWP?5pause?5got?5tired?5@ 10020ea0     error_messages.obj
 0002:00002ed8       ??_C@_0DD@FOCDBFMB@DEBUGGING?3?5JDWP?5pause?5for?5PID?5?$CFd@ 10020ed8     error_messages.obj
 0002:00002f0c       ??_C@_0BN@HFAPOECE@Requested?5errorexit?$DNy?5exit?$CI?$CJ?$AA@ 10020f0c     error_messages.obj
 0002:00002f2c       ??_C@_0CJ@LOIFAJEA@?4?4?1?4?4?1?4?4?1src?1share?1back?1error_me@ 10020f2c     error_messages.obj
 0002:00002f58       ??_C@_07JHDPBCI@ERROR?3?5?$AA@ 10020f58     error_messages.obj
 0002:00002f60       ??_C@_0BB@NAGLCMLI@Assertion?5Failed?$AA@ 10020f60     error_messages.obj
 0002:00002f74       ??_C@_0BA@HJKPOGGF@ASSERT?5FAILED?3?5?$AA@ 10020f74     error_messages.obj
 0002:00002f84       ??_C@_0N@BMIGOGFN@?$CFs?5?3?5?$CFd?5?9?5?$CFs?$AA@ 10020f84     error_messages.obj
 0002:00002f94       ??_C@_0BN@BNMAOKIE@ASSERT?5FAILED?3?5?$CFs?5?3?5?$CFd?5?9?5?$CFs?6?$AA@ 10020f94     error_messages.obj
 0002:00002fb4       ??_C@_0CG@ONKBHKAP@?4?4?1?4?4?1?4?4?1src?1share?1back?1eventFil@ 10020fb4     eventFilter.obj
 0002:00002fdc       ??_C@_0BI@BDIJIJG@Invalid?5filter?5modifier?$AA@ 10020fdc     eventFilter.obj
 0002:00002ff4       ??_C@_0BK@BBNCBBEI@filter?9?$DOu?4Count?4count?5?$DO?50?$AA@ 10020ff4     eventFilter.obj
 0002:00003010       ??_C@_0N@JPGMCHOC@IsInstanceOf?$AA@ 10021010     eventFilter.obj
 0002:00003020       ??_C@_0BB@FFOAPJHA@IsAssignableFrom?$AA@ 10021020     eventFilter.obj
 0002:00003034       ??_C@_0O@OBFGDNOO@SetBreakpoint?$AA@ 10021034     eventFilter.obj
 0002:00003044       ??_C@_0DB@GIOMMMKK@SetBreakpoint?5at?5location?3?5metho@ 10021044     eventFilter.obj
 0002:00003078       ??_C@_03KPOLBBFN@LOC?$AA@  10021078     eventFilter.obj
 0002:0000307c       ??_C@_0BA@KALLGBAH@ClearBreakpoint?$AA@ 1002107c     eventFilter.obj
 0002:0000308c       ??_C@_0DD@BOLIJEFD@ClearBreakpoint?5at?5location?3?5met@ 1002108c     eventFilter.obj
 0002:000030c0       ??_C@_0BK@LOHLKOFB@SetFieldModificationWatch?$AA@ 100210c0     eventFilter.obj
 0002:000030dc       ??_C@_0BE@BNFCJLBG@SetFieldAccessWatch?$AA@ 100210dc     eventFilter.obj
 0002:000030f0       ??_C@_0BM@BCBGEJEO@ClearFieldModificationWatch?$AA@ 100210f0     eventFilter.obj
 0002:0000310c       ??_C@_0BG@IELHINIE@ClearFieldAccessWatch?$AA@ 1002110c     eventFilter.obj
 0002:00003124       ??_C@_0BG@HNCJHGFL@bad?5index?5for?5handler?$AA@ 10021124     eventHandler.obj
 0002:0000313c       ??_C@_0CH@FCDODJEE@?4?4?1?4?4?1?4?4?1src?1share?1back?1eventHan@ 1002113c     eventHandler.obj
 0002:00003164       ??_C@_0BH@GJLAODLP@iterator?5function?5NULL?$AA@ 10021164     eventHandler.obj
 0002:00003180       ??_C@_0EP@MEMOEFKL@Co?9located?5breakpoint?5event?5foun@ 10021180     eventHandler.obj
 0002:000031d0       ??_C@_0EL@CHJDLPBE@event?5report?5being?5skipped?3?5ei?$DN?$CF@ 100211d0     eventHandler.obj
 0002:0000321c       ??_C@_0CK@GFKKNCOE@Can?8t?5get?5jclass?5for?5a?5methodID?0@ 1002121c     eventHandler.obj
 0002:00003248       ??_C@_0BO@NFODBOGB@END?5cbGarbageCollectionFinish?$AA@ 10021248     eventHandler.obj
 0002:00003268       ??_C@_0BK@DBGEMJPF@cbGarbageCollectionFinish?$AA@ 10021268     eventHandler.obj
 0002:00003284       ??_C@_0BB@EIEOGLKK@eventBag?5?$CB?$DN?5NULL?$AA@ 10021284     eventHandler.obj
 0002:00003298       ??_C@_0BG@HHJEAHIC@handler?5function?5NULL?$AA@ 10021298     eventHandler.obj
 0002:000032b0       ??_C@_0BB@GKNNLBLP@event_callback?$CI?$CJ?$AA@ 100212b0     eventHandler.obj
 0002:000032c4       ??_C@_0BI@NCLCAKI@event_callback?$CI?$CJ?3?5ei?$DN?$CFs?$AA@ 100212c4     eventHandler.obj
 0002:000032dc       ??_C@_0BB@HHEIIDE@END?5cbSingleStep?$AA@ 100212dc     eventHandler.obj
 0002:000032f0       ??_C@_0CD@FPLFBNDA@Problems?5tracking?5active?5callbac@ 100212f0     eventHandler.obj
 0002:00003314       ??_C@_0BI@OKNNPEIC@cbSingleStep?3?5thread?$DN?$CFp?$AA@ 10021314     eventHandler.obj
 0002:0000332c       ??_C@_0BB@MLFPCDPM@END?5cbBreakpoint?$AA@ 1002132c     eventHandler.obj
 0002:00003340       ??_C@_0BI@INKCIGJH@cbBreakpoint?3?5thread?$DN?$CFp?$AA@ 10021340     eventHandler.obj
 0002:00003358       ??_C@_0P@OGOCKOP@END?5cbFramePop?$AA@ 10021358     eventHandler.obj
 0002:00003368       ??_C@_0BG@DJEPKKOO@cbFramePop?3?5thread?$DN?$CFp?$AA@ 10021368     eventHandler.obj
 0002:00003380       ??_C@_0BA@JBFNAOBA@END?5cbException?$AA@ 10021380     eventHandler.obj
 0002:00003390       ??_C@_0BH@OOFFIBDG@cbException?3?5thread?$DN?$CFp?$AA@ 10021390     eventHandler.obj
 0002:000033a8       ??_C@_0BC@HNAGBODM@END?5cbThreadStart?$AA@ 100213a8     eventHandler.obj
 0002:000033bc       ??_C@_0BJ@DNMCHIHH@cbThreadStart?3?5thread?$DN?$CFp?$AA@ 100213bc     eventHandler.obj
 0002:000033d8       ??_C@_0BA@PMEDEDIF@END?5cbThreadEnd?$AA@ 100213d8     eventHandler.obj
 0002:000033e8       ??_C@_0BH@CLNHMLJ@cbThreadEnd?3?5thread?$DN?$CFp?$AA@ 100213e8     eventHandler.obj
 0002:00003400       ??_C@_0BD@NJBOMDHE@END?5cbClassPrepare?$AA@ 10021400     eventHandler.obj
 0002:00003414       ??_C@_0BK@KPCGMFCD@cbClassPrepare?3?5thread?$DN?$CFp?$AA@ 10021414     eventHandler.obj
 0002:00003430       ??_C@_0BA@OJJLNIBG@END?5cbClassLoad?$AA@ 10021430     eventHandler.obj
 0002:00003440       ??_C@_0BH@OAIHEEJM@cbClassLoad?3?5thread?$DN?$CFp?$AA@ 10021440     eventHandler.obj
 0002:00003458       ??_C@_0BC@PHEEKBJC@END?5cbFieldAccess?$AA@ 10021458     eventHandler.obj
 0002:0000346c       ??_C@_0BJ@NDKLILBO@cbFieldAccess?3?5thread?$DN?$CFp?$AA@ 1002146c     eventHandler.obj
 0002:00003488       ??_C@_0BI@JFPADOMO@END?5cbFieldModification?$AA@ 10021488     eventHandler.obj
 0002:000034a0       ??_C@_0BP@NOJMIFFP@cbFieldModification?3?5thread?$DN?$CFp?$AA@ 100214a0     eventHandler.obj
 0002:000034c0       ??_C@_0BF@KCHHGDCL@END?5cbExceptionCatch?$AA@ 100214c0     eventHandler.obj
 0002:000034d8       ??_C@_0BM@FNPGHFD@cbExceptionCatch?3?5thread?$DN?$CFp?$AA@ 100214d8     eventHandler.obj
 0002:000034f4       ??_C@_0BC@ODEOLGDB@END?5cbMethodEntry?$AA@ 100214f4     eventHandler.obj
 0002:00003508       ??_C@_0BJ@BDJJHIIJ@cbMethodEntry?3?5thread?$DN?$CFp?$AA@ 10021508     eventHandler.obj
 0002:00003524       ??_C@_0BB@DDLCHFPG@END?5cbMethodExit?$AA@ 10021524     eventHandler.obj
 0002:00003538       ??_C@_0BI@DMPAEBFP@cbMethodExit?3?5thread?$DN?$CFp?$AA@ 10021538     eventHandler.obj
 0002:00003550       ??_C@_0BM@FCFEADJF@END?5cbMonitorContendedEnter?$AA@ 10021550     eventHandler.obj
 0002:0000356c       ??_C@_0CD@MLINJBLL@cbMonitorContendedEnter?3?5thread?$DN@ 1002156c     eventHandler.obj
 0002:00003590       ??_C@_0BO@NKLCNKNJ@END?5cbMonitorContendedEntered?$AA@ 10021590     eventHandler.obj
 0002:000035b0       ??_C@_0CF@PHEBGJDK@cbMonitorContendedEntered?3?5threa@ 100215b0     eventHandler.obj
 0002:000035d8       ??_C@_0BC@HCJEOKMD@END?5cbMonitorWait?$AA@ 100215d8     eventHandler.obj
 0002:000035ec       ??_C@_0BJ@DBNLPCK@cbMonitorWait?3?5thread?$DN?$CFp?$AA@ 100215ec     eventHandler.obj
 0002:00003608       ??_C@_0BE@OPIFFKBH@END?5cbMonitorWaited?$AA@ 10021608     eventHandler.obj
 0002:0000361c       ??_C@_0BL@EDMNBHDO@cbMonitorWaited?3?5thread?$DN?$CFp?$AA@ 1002161c     eventHandler.obj
 0002:00003638       ??_C@_0N@CGBLLPFL@END?5cbVMInit?$AA@ 10021638     eventHandler.obj
 0002:00003648       ??_C@_08JPFKMCJM@cbVMInit?$AA@ 10021648     eventHandler.obj
 0002:00003654       ??_C@_0O@FPEBHIEM@END?5cbVMDeath?$AA@ 10021654     eventHandler.obj
 0002:00003664       ??_C@_0CI@BDMPOPOL@Can?8t?5clear?5event?5callbacks?5on?5v@ 10021664     eventHandler.obj
 0002:0000368c       ??_C@_09FKPIGOCC@cbVMDeath?$AA@ 1002168c     eventHandler.obj
 0002:00003698       ??_C@_0BK@PHMDAOAK@Can?8t?5set?5event?5callbacks?$AA@ 10021698     eventHandler.obj
 0002:000036b4       ??_C@_0CO@BHGAKFIC@Can?8t?5enable?5garbage?5collection?5@ 100216b4     eventHandler.obj
 0002:000036e4       ??_C@_0CC@OGPPHNDL@Can?8t?5enable?5class?5prepare?5event@ 100216e4     eventHandler.obj
 0002:00003708       ??_C@_0BP@FDDGJEME@Can?8t?5enable?5thread?5end?5events?$AA@ 10021708     eventHandler.obj
[...]
 0001:00004671       _writeVariableValue        10005671 f   StackFrameImpl.obj
 0001:00004a7e       _readVariableValue         10005a7e f   StackFrameImpl.obj
 0001:00004db9       _getValues                 10005db9 f   StackFrameImpl.obj
 0001:00004edd       _setValues                 10005edd f   StackFrameImpl.obj
 0001:00004fef       _thisObject                10005fef f   StackFrameImpl.obj
 0001:000051b1       _popFrames                 100061b1 f   StackFrameImpl.obj
 0001:0000524c       _value                     1000624c f   StringReferenceImpl.obj
 0001:00005345       _name                      10006345 f   ThreadGroupReferenceImpl.obj
 0001:000053ea       _parent                    100063ea f   ThreadGroupReferenceImpl.obj
 0001:00005490       _children                  10006490 f   ThreadGroupReferenceImpl.obj
 0001:000055e5       _name                      100065e5 f   ThreadReferenceImpl.obj
 0001:000056fe       _suspend                   100066fe f   ThreadReferenceImpl.obj
 0001:00005760       _resume                    10006760 f   ThreadReferenceImpl.obj
 0001:000057c2       _status                    100067c2 f   ThreadReferenceImpl.obj
 0001:00005848       _threadGroup               10006848 f   ThreadReferenceImpl.obj
 0001:00005966       _validateSuspendedThread   10006966 f   ThreadReferenceImpl.obj
 0001:000059aa       _frames                    100069aa f   ThreadReferenceImpl.obj
 0001:00005c12       _getFrameCount             10006c12 f   ThreadReferenceImpl.obj
 0001:00005cd1       _ownedMonitors             10006cd1 f   ThreadReferenceImpl.obj
 0001:00005e31       _currentContendedMonitor   10006e31 f   ThreadReferenceImpl.obj
 0001:00005f62       _stop                      10006f62 f   ThreadReferenceImpl.obj
 0001:00005fde       _interrupt                 10006fde f   ThreadReferenceImpl.obj
 0001:0000603d       _suspendCount              1000703d f   ThreadReferenceImpl.obj
 0001:000060af       _ownedMonitorsWithStackDepth 100070af f   ThreadReferenceImpl.obj
 0001:00006237       _forceEarlyReturn          10007237 f   ThreadReferenceImpl.obj
 0001:0000662b       _version                   1000762b f   VirtualMachineImpl.obj
 0001:000066f7       _classesForSignature       100076f7 f   VirtualMachineImpl.obj
 0001:000068bd       _allClasses1               100078bd f   VirtualMachineImpl.obj
 0001:00006a6e       _allClasses                10007a6e f   VirtualMachineImpl.obj
 0001:00006a7c       _allClassesWithGeneric     10007a7c f   VirtualMachineImpl.obj
 0001:00006a8a       _instanceCounts            10007a8a f   VirtualMachineImpl.obj
 0001:00006c05       _redefineClasses           10007c05 f   VirtualMachineImpl.obj
 0001:00006dd3       _setDefaultStratum         10007dd3 f   VirtualMachineImpl.obj
 0001:00006e18       _getAllThreads             10007e18 f   VirtualMachineImpl.obj
 0001:00006ee8       _topLevelThreadGroups      10007ee8 f   VirtualMachineImpl.obj
 0001:00006ff7       _dispose                   10007ff7 f   VirtualMachineImpl.obj
 0001:00006ffa       _idSizes                   10007ffa f   VirtualMachineImpl.obj
 0001:0000702e       _suspend                   1000802e f   VirtualMachineImpl.obj
 0001:00007067       _resume                    10008067 f   VirtualMachineImpl.obj
 0001:000070a0       _doExit                    100080a0 f   VirtualMachineImpl.obj
 0001:00007117       _createString              10008117 f   VirtualMachineImpl.obj
 0001:00007250       _capabilities              10008250 f   VirtualMachineImpl.obj
 0001:0000730b       _capabilitiesNew           1000830b f   VirtualMachineImpl.obj
 0001:000074c6       _writePaths                100084c6 f   VirtualMachineImpl.obj
 0001:000075a3       _classPaths                100085a3 f   VirtualMachineImpl.obj
 0001:000075f8       _disposeObjects            100085f8 f   VirtualMachineImpl.obj
 0001:00007679       _holdEvents                10008679 f   VirtualMachineImpl.obj
 0001:00007681       _releaseEvents             10008681 f   VirtualMachineImpl.obj
 0001:000077e6       _createNode                100087e6 f   commonRef.obj
 0001:00007922       _deleteNode                10008922 f   commonRef.obj
 0001:00007a35       _strengthenNode            10008a35 f   commonRef.obj
 0001:00007b34       _weakenNode                10008b34 f   commonRef.obj
 0001:00007bd0       _findNodeByRef             10008bd0 f   commonRef.obj
 0001:00007c33       _deleteNodeByID            10008c33 f   commonRef.obj
 0001:00007d07       _findNodeByID              10008d07 f   commonRef.obj
 0001:00007d3a       _initializeObjectsByID     10008d3a f   commonRef.obj
 0001:00007d8e       _hashIn                    10008d8e f   commonRef.obj
 0001:00007dbc       _newCommonRef              10008dbc f   commonRef.obj
 0001:000082e8       _hashKlass                 100092e8 f   classTrack.obj
 0001:00008304       _deleteTable               10009304 f   classTrack.obj
 0001:00008a08       _set_event_notification    10009a08 f   debugInit.obj
 0001:00008ae4       _disposeEnvironment        10009ae4 f   debugInit.obj
 0001:00008b8a       _startTransport            10009b8a f   debugInit.obj
 0001:00008c79       _signalInitComplete        10009c79 f   debugInit.obj
 0001:00008d13       _jniFatalError             10009d13 f   debugInit.obj
 0001:00008ee2       _get_tok                   10009ee2 f   debugInit.obj
 0001:00008f28       _checkAddress              10009f28 f   debugInit.obj
 0001:00008f79       _add_to_options            10009f79 f   debugInit.obj
 0001:00008fc9       _get_boolean               10009fc9 f   debugInit.obj
 0001:00009022       _atexit_finish_logging     1000a022 f   debugInit.obj
 0001:000090d2       _cbEarlyVMDeath@8          1000a0d2 f   debugInit.obj
 0001:000091a3       _initialize                1000a1a3 f   debugInit.obj
 0001:00009518       _parseOptions              1000a518 f   debugInit.obj
 0001:00009c95       _cbEarlyVMInit@12          1000ac95 f   debugInit.obj
 0001:00009d65       _cbEarlyException@40       1000ad65 f   debugInit.obj
 0001:0000a707       _enqueue                   1000b707 f   debugLoop.obj
 0001:0000a7b1       _dequeue                   1000b7b1 f   debugLoop.obj
 0001:0000a81b       _reader@12                 1000b81b f   debugLoop.obj
 0001:0000ab18       _vprint_message            1000bb18 f   error_messages.obj
 0001:0000b494       _clearFilters              1000c494 f   eventFilter.obj
 0001:0000b554       _patternStringMatch        1000c554 f   eventFilter.obj
 0001:0000b5b0       _eventInstance             1000c5b0 f   eventFilter.obj
 0001:0000bf20       _findFilter                1000cf20 f   eventFilter.obj
 0001:0000bf42       _matchBreakpoint           1000cf42 f   eventFilter.obj
 0001:0000bfb4       _setBreakpoint             1000cfb4 f   eventFilter.obj
 0001:0000c06f       _clearBreakpoint           1000d06f f   eventFilter.obj
 0001:0000c15d       _matchWatchpoint           1000d15d f   eventFilter.obj
 0001:0000c1b0       _setWatchpoint             1000d1b0 f   eventFilter.obj
 0001:0000c284       _clearWatchpoint           1000d284 f   eventFilter.obj
 0001:0000c358       _requestThread             1000d358 f   eventFilter.obj
 0001:0000c378       _matchThread               1000d378 f   eventFilter.obj
 0001:0000c393       _enableEvents              1000d393 f   eventFilter.obj
 0001:0000c40d       _disableEvents             1000d40d f   eventFilter.obj
 0001:0000c4b3       _getHandlerChain           1000d4b3 f   eventHandler.obj
 0001:0000c597       _deferEventReport          1000d597 f   eventHandler.obj
 0001:0000c631       _skipEventReport           1000d631 f   eventHandler.obj
 0001:0000c6b9       _reportEvents              1000d6b9 f   eventHandler.obj
 0001:0000c7ba       _getObjectClass            1000d7ba f   eventHandler.obj
 0001:0000c875       _cbGarbageCollectionFinish@4 1000d875 f   eventHandler.obj
 0001:0000c8db       _freeHandler               1000d8db f   eventHandler.obj
 0001:0000cb02       _installHandler            1000db02 f   eventHandler.obj
 0001:0000cb72       _createInternal            1000db72 f   eventHandler.obj
 0001:0000cc6e       _synthesizeUnloadEvent     1000dc6e f   eventHandler.obj
 0001:0000cd8f       _event_callback            1000dd8f f   eventHandler.obj
 0001:0000d0c3       _cbSingleStep@24           1000e0c3 f   eventHandler.obj
 0001:0000d248       _cbBreakpoint@24           1000e248 f   eventHandler.obj
 0001:0000d3cd       _cbFramePop@20             1000e3cd f   eventHandler.obj
 0001:0000d550       _cbException@40            1000e550 f   eventHandler.obj
 0001:0000d6fc       _cbThreadStart@12          1000e6fc f   eventHandler.obj
 0001:0000d863       _cbThreadEnd@12            1000e863 f   eventHandler.obj
 0001:0000d9ca       _cbClassPrepare@16         1000e9ca f   eventHandler.obj
 0001:0000db37       _cbClassLoad@16            1000eb37 f   eventHandler.obj
 0001:0000dca4       _cbFieldAccess@36          1000eca4 f   eventHandler.obj
 0001:0000de3b       _cbFieldModification@48    1000ee3b f   eventHandler.obj
 0001:0000dfe4       _cbExceptionCatch@28       1000efe4 f   eventHandler.obj
 0001:0000e16f       _cbMethodEntry@16          1000f16f f   eventHandler.obj
 0001:0000e2e8       _cbMethodExit@28           1000f2e8 f   eventHandler.obj
 0001:0000e477       _cbMonitorContendedEnter@16 1000f477 f   eventHandler.obj
 0001:0000e658       _cbMonitorContendedEntered@16 1000f658 f   eventHandler.obj
 0001:0000e839       _cbMonitorWait@24          1000f839 f   eventHandler.obj
 0001:0000ea21       _cbMonitorWaited@20        1000fa21 f   eventHandler.obj
 0001:0000ec03       _cbVMInit@12               1000fc03 f   eventHandler.obj
 0001:0000ed69       _cbVMDeath@8               1000fd69 f   eventHandler.obj
 0001:0000f2ef       _enqueueCommand            100102ef f   eventHelper.obj
 0001:0000f3f0       _completeCommand           100103f0 f   eventHelper.obj
 0001:0000f439       _dequeueCommand            10010439 f   eventHelper.obj
 0001:0000f54d       _writeFieldAccessEvent     1001054d f   eventHelper.obj
 0001:0000f5b0       _writeFieldModificationEvent 100105b0 f   eventHelper.obj
 0001:0000f626       _writeExceptionEvent       10010626 f   eventHelper.obj
 0001:0000f675       _writeMonitorEvent         10010675 f   eventHelper.obj
 0001:0000f74c       _writeClassEvent           1001074c f   eventHelper.obj
 0001:0000f80c       _handleFrameEventCommandSingle 1001080c f   eventHelper.obj
 0001:0000f8cb       _handleReportVMInitCommand 100108cb f   eventHelper.obj
 0001:0000fa09       _saveEventInfoRefs         10010a09 f   eventHelper.obj
 0001:0000fb53       _tossEventInfoRefs         10010b53 f   eventHelper.obj
 0001:0000fbd3       _enumForCombinedSuspendPolicy 10010bd3 f   eventHelper.obj
 0001:0000fc0d       _enumForVMDeath            10010c0d f   eventHelper.obj
 0001:0000fc29       _enumForCopyingSingles     10010c29 f   eventHelper.obj
 0001:000100f9       _handleEventCommandSingle  100110f9 f   eventHelper.obj
 0001:00010240       _handleReportEventCompositeCommand 10011240 f   eventHelper.obj
 0001:0001036b       _handleCommand             1001136b f   eventHelper.obj
 0001:0001040e       _commandLoop@12            1001140e f   eventHelper.obj
 0001:00010585       _readBytes                 10011585 f   inStream.obj
 0001:00010ad0       _deleteRef                 10011ad0 f   inStream.obj
 0001:00010b42       _returnTypeTag             10011b42 f   invoker.obj
 0001:00010b7f       _nextArgumentTypeTag       10011b7f f   invoker.obj
 0001:00010bd9       _firstArgumentTypeTag      10011bd9 f   invoker.obj
 0001:00010c12       _createGlobalRefs          10011c12 f   invoker.obj
 0001:00010dae       _fillInvokeRequest         10011dae f   invoker.obj
 0001:00010f48       _invokeConstructor         10011f48 f   invoker.obj
 0001:00010fa1       _invokeStatic              10011fa1 f   invoker.obj
 0001:0001136b       _invokeVirtual             1001236b f   invoker.obj
 0001:00011735       _invokeNonvirtual          10012735 f   invoker.obj
 0001:00011ff7       _get_time_stamp            10012ff7 f   log_messages.obj
 0001:00012048       _fill_location_stamp       10013048 f   log_messages.obj
 0001:00012279       _commonInit                10013279 f   outStream.obj
 0001:00012303       _writeBytes                10013303 f   outStream.obj
 0001:00012925       _outStream_send            10013925 f   outStream.obj
 0001:000129fa       _releaseID                 100139fa f   outStream.obj
 0001:00012a6c       _handleClassPrepare        10013a6c f   standardHandlers.obj
 0001:00012aa7       _handleGarbageCollectionFinish 10013aa7 f   standardHandlers.obj
 0001:00012acb       _handleFrameEvent          10013acb f   standardHandlers.obj
 0001:00012b5f       _genericHandler            10013b5f f   standardHandlers.obj
 0001:00012c33       _getFrameCount             10013c33 f   stepControl.obj
 0001:00012cc9       _enableStepping            10013cc9 f   stepControl.obj
 0001:00012d4e       _disableStepping           10013d4e f   stepControl.obj
 0001:00012dd3       _getFrameLocation          10013dd3 f   stepControl.obj
 0001:00012e45       _getLineNumberTable        10013e45 f   stepControl.obj
 0001:00012eb6       _findLineNumber            10013eb6 f   stepControl.obj
 0001:00012efc       _hasLineNumbers            10013efc f   stepControl.obj
 0001:00012f2b       _initState                 10013f2b f   stepControl.obj
 0001:000130ec       _completeStep              100140ec f   stepControl.obj
 0001:0001319d       _clearStep                 1001419d f   stepControl.obj
 0001:00013245       _handleFramePopEvent       10014245 f   stepControl.obj
 0001:00013405       _handleExceptionCatchEvent 10014405 f   stepControl.obj
 0001:00013504       _handleMethodEnterEvent    10014504 f   stepControl.obj
 0001:00013bfc       _initEvents                10014bfc f   stepControl.obj
 0001:00013f39       _getStackDepth             10014f39 f   threadControl.obj
 0001:00013fd5       _threadState               10014fd5 f   threadControl.obj
 0001:0001401f       _setThreadLocalStorage     1001501f f   threadControl.obj
 0001:000140b8       _getThreadLocalStorage     100150b8 f   threadControl.obj
 0001:00014160       _nonTlsSearch              10015160 f   threadControl.obj
 0001:00014189       _findThread                10015189 f   threadControl.obj
 0001:000141f5       _removeNode                100151f5 f   threadControl.obj
 0001:00014235       _addNode                   10015235 f   threadControl.obj
 0001:00014267       _moveNode                  10015267 f   threadControl.obj
 0001:000142b6       _enumerateOverThreadList   100152b6 f   threadControl.obj
 0001:000142dd       _addDeferredEventMode      100152dd f   threadControl.obj
 0001:00014339       _threadSetEventNotificationMode 10015339 f   threadControl.obj
 0001:0001439c       _processDeferredEventModes 1001539c f   threadControl.obj
 0001:00014478       _getLocks                  10015478 f   threadControl.obj
 0001:0001449e       _releaseLocks              1001549e f   threadControl.obj
 0001:000145e9       _pendingAppResume          100155e9 f   threadControl.obj
 0001:00014673       _notifyAppResumeComplete   10015673 f   threadControl.obj
 0001:000146ba       _handleAppResumeCompletion 100156ba f   threadControl.obj
 0001:00014713       _trackAppResume            10015713 f   threadControl.obj
 0001:0001482c       _handleAppResumeBreakpoint 1001582c f   threadControl.obj
 0001:0001494b       _commonSuspendByNode       1001594b f   threadControl.obj
 0001:000149ce       _deferredSuspendThreadByNode 100159ce f   threadControl.obj
 0001:00014a07       _suspendThreadByNode       10015a07 f   threadControl.obj
 0001:00014a4f       _resumeThreadByNode        10015a4f f   threadControl.obj
 0001:00014b2a       _preSuspend                10015b2a f   threadControl.obj
 0001:00014b7a       _resumeCopyHelper          10015b7a f   threadControl.obj
 0001:00014bca       _resumeCountHelper         10015bca f   threadControl.obj
 0001:00014bef       _newArray                  10015bef f   threadControl.obj
 0001:00014c16       _commonResumeList          10015c16 f   threadControl.obj
 0001:00014eb0       _resumeHelper              10015eb0 f   threadControl.obj
 0001:00014f91       _threadControl_removeDebugThread 10015f91 f   threadControl.obj
 0001:0001507b       _setPopFrameThread         1001607b f   threadControl.obj
 0001:000150ff       _getPopFrameEvent          100160ff f   threadControl.obj
 0001:00015182       _setPopFrameEvent          10016182 f   threadControl.obj
 0001:00015212       _getPopFrameProceed        10016212 f   threadControl.obj
 0001:00015295       _setPopFrameProceed        10016295 f   threadControl.obj
 0001:00015316       _popFrameCompleteEvent     10016316 f   threadControl.obj
 0001:0001537d       _popOneFrame               1001637d f   threadControl.obj
 0001:000154f3       _checkForPopFrameEvents    100164f3 f   threadControl.obj
 0001:000155d2       _doPendingTasks            100165d2 f   threadControl.obj
 0001:000159a7       _detachHelper              100169a7 f   threadControl.obj
 0001:000159f6       _resetHelper               100169f6 f   threadControl.obj
 0001:00015c17       _insertThread              10016c17 f   threadControl.obj
 0001:00015d26       _clearThread               10016d26 f   threadControl.obj
 0001:00015d7d       _removeThread              10016d7d f   threadControl.obj
 0001:00015da4       _removeResumed             10016da4 f   threadControl.obj
 0001:00015eb7       _commonSuspend             10016eb7 f   threadControl.obj
 0001:00015eed       _commonSuspendList         10016eed f   threadControl.obj
 0001:00016221       _suspendAllHelper          10017221 f   threadControl.obj
 0001:00016815       _printLastError            10017815 f   transport.obj
 0001:0001690a       _loadTransportLibrary      1001790a f   transport.obj
 0001:0001697c       _loadTransport             1001797c f   transport.obj
 0001:00016bce       _connectionInitiated       10017bce f   transport.obj
 0001:00016c4b       _setTransportProperty      10017c4b f   transport.obj
 0001:00016c99       _acceptThread@12           10017c99 f   transport.obj
 0001:00016d8a       _attachThread@12           10017d8a f   transport.obj
 0001:00016e55       _launch                    10017e55 f   transport.obj
 0001:000174bc       _findClass                 100184bc f   util.obj
 0001:000176b8       _getMethod                 100186b8 f   util.obj
 0001:0001795d       _getStaticMethod           1001895d f   util.obj
 0001:00017f18       _jvmtiVersion              10018f18 f   util.obj
 0001:0001806f       _handleInterrupt           1001906f f   util.obj
 0001:0001808f       _ignore_vm_death           1001908f f   util.obj
 0001:0001860a       _isArrayClass              1001960a f   util.obj
 0001:000186a9       _isInterface               100196a9 f   util.obj
 0001:00018a78       _is_a_nested_class         10019a78 f   util.obj
 0001:00018e45       _getPropertyValue          10019e45 f   util.obj
 0001:00019161       _getSpecialJvmti           1001a161 f   util.obj
 0001:00019b9b       _cbObjectTagInstance@48    1001ab9b f   util.obj
 0001:00019d57       _cbObjectCounterFromRef@48 1001ad57 f   util.obj
 0001:00019e1b       _cbObjectCounter@28        1001ae1b f   util.obj
 0001:0001a0c4       _cbObjectTagReferrer@48    1001b0c4 f   util.obj
 0001:0001ad4e       _getPropertyUTF8           1001bd4e f   util.obj
 0001:0001b5eb       _writeFieldValue           1001c5eb f   util.obj
 0001:0001b982       _writeStaticFieldValue     1001c982 f   util.obj
