 unpack

 Timestamp is 4ecc66bc (Tue Nov 22 22:21:32 2011)

 Preferred load address is 10000000

 Start         Length     Name                   Class
 0001:00000000 00008bacH .text                   CODE
 0002:00000000 00000098H .idata$5                DATA
 0002:000000a0 000010d0H .rdata                  DATA
 0002:00001170 0000006cH .rdata$debug            DATA
 0002:000011e0 00000004H .rdata$sxdata           DATA
 0002:000011e4 00000004H .rtc$IAA                DATA
 0002:000011e8 00000004H .rtc$IZZ                DATA
 0002:000011ec 00000004H .rtc$TAA                DATA
 0002:000011f0 00000004H .rtc$TZZ                DATA
 0002:000011f4 00000050H .idata$2                DATA
 0002:00001244 00000014H .idata$3                DATA
 0002:00001258 00000098H .idata$4                DATA
 0002:000012f0 000001d2H .idata$6                DATA
 0002:000014d0 00000211H .edata                  DATA
 0003:00000000 00000004H .CRT$XCA                DATA
 0003:00000004 00000004H .CRT$XCZ                DATA
 0003:00000008 00000004H .CRT$XIA                DATA
 0003:0000000c 00000004H .CRT$XIZ                DATA
 0003:00000010 00000b04H .data                   DATA
 0003:00000b18 00000448H .bss                    DATA
 0004:00000000 00000058H .rsrc$01                DATA
 0004:00000060 00000318H .rsrc$02                DATA

  Address         Publics by Value              Rva+Base     Lib:Object

 0000:00000001       ___safe_se_handler_count   00000001     <absolute>
 0001:00000000       ?scale_size@@YAIII@Z       10001000 f i bands.obj
 0001:0000001f       ?readData@band@@QAEXH@Z    1000101f f   bands.obj
 0001:000001be       ?setIndex@band@@QAEXPAUcpindex@@@Z 100011be f   bands.obj
 0001:000001c8       ?setIndexByTag@band@@QAEXC@Z 100011c8 f   bands.obj
 0001:000001dc       ?getRefCommon@band@@QAEPAUentry@@PAUcpindex@@_N@Z 100011dc f   bands.obj
 0001:00000239       ?getLong@band@@QAE_JAAU1@_N@Z 10001239 f   bands.obj
 0001:00000275       ?getIntTotal@band@@QAEHXZ  10001275 f   bands.obj
 0001:00000305       ?getIntCount@band@@QAEHH@Z 10001305 f   bands.obj
 0001:000003e4       ?makeBands@band@@SAPAU1@PAUunpacker@@@Z 100013e4 f   bands.obj
 0001:00000472       ?initIndexes@band@@SAXPAUunpacker@@@Z 10001472 f   bands.obj
 0001:000004ae       ?add_size@@YAIII@Z         100014ae f i bytes.obj
 0001:000004cd       ?malloc@bytes@@QAEXI@Z     100014cd f   bytes.obj
 0001:00000516       ?realloc@bytes@@QAEXI@Z    10001516 f   bytes.obj
 0001:00000599       ?free@bytes@@QAEXXZ        10001599 f   bytes.obj
 0001:000005ba       ?writeTo@bytes@@QAEPACPAC@Z 100015ba f   bytes.obj
 0001:000005d9       ?compareTo@bytes@@QAEHAAU1@@Z 100015d9 f   bytes.obj
 0001:00000610       ?copyFrom@bytes@@QAEXPBXII@Z 10001610 f   bytes.obj
 0001:0000062a       ?grow@fillbytes@@QAEPACI@Z 1000162a f   bytes.obj
 0001:000006b2       ?ensureSize@fillbytes@@QAEXI@Z 100016b2 f   bytes.obj
 0001:000006d2       ?indexOf@ptrlist@@QAEHPBX@Z 100016d2 f   bytes.obj
 0001:000006f8       ?free@fillbytes@@QAEXXZ    100016f8 f i bytes.obj
 0001:0000070c       ?saveFrom@bytes@@QAEXPBXI@Z 1000170c f   bytes.obj
 0001:00000736       ?freeAll@ptrlist@@QAEXXZ   10001736 f   bytes.obj
 0001:00000782       ?init@coding@@QAEPAU1@XZ   10001782 f   coding.obj
 0001:0000097d       ?free@coding@@QAEXXZ       1000197d f   coding.obj
 0001:0000098c       ?reset@coding_method@@QAEXPAUvalue_stream@@@Z 1000198c f   coding.obj
 0001:000009ae       ?parse@coding@@SAIAAPACHH@Z 100019ae f   coding.obj
 0001:00000a26       ?parse_lgH@coding@@SAIAAPACHHH@Z 10001a26 f   coding.obj
 0001:00000aa0       ?parseMultiple@coding@@SAXAAPACHPACHH@Z 10001aa0 f   coding.obj
 0001:00000b42       ?sumInUnsignedRange@coding@@QAEHHH@Z 10001b42 f   coding.obj
 0001:00000b8b       ?getInt@value_stream@@QAEHXZ 10001b8b f   coding.obj
 0001:00000dea       ?findByIndex@coding@@SAPAU1@H@Z 10001dea f   coding.obj
 0001:00000e0a       ?findBySpec@coding@@SAPAU1@H@Z 10001e0a f   coding.obj
 0001:00000e69       ?findBySpec@coding@@SAPAU1@HHHH@Z 10001e69 f   coding.obj
 0001:00000ebf       ?setCoding@value_stream@@QAEXPAUcoding@@@Z 10001ebf f   coding.obj
 0001:00000fbc       ?init@value_stream@@QAEXPAC0PAUcoding@@@Z 10001fbc f   coding.obj
 0001:00000fde       ?init@coding_method@@QAEXAAPACPAC0HPAUcoding@@HPAUintlist@@@Z 10001fde f   coding.obj
 0001:0000157e       ?CallLongMethod@JNIEnv_@@QAA_JPAV_jobject@@PAU_jmethodID@@ZZ 1000257e f i jni.obj
 0001:00001599       ?SetLongField@JNIEnv_@@QAEXPAV_jobject@@PAU_jfieldID@@_J@Z 10002599 f i jni.obj
 0001:000015b5       ?CallStaticObjectMethod@JNIEnv_@@QAAPAV_jobject@@PAV_jclass@@PAU_jmethodID@@ZZ 100025b5 f i jni.obj
 0001:000015d0       ?NewDirectByteBuffer@JNIEnv_@@QAEPAV_jobject@@PAX_J@Z 100025d0 f i jni.obj
 0001:0000161f       _Java_com_sun_java_util_jar_pack_NativeUnpack_initIDs@8 1000261f f   jni.obj
 0001:0000175f       ?current@unpacker@@SAPAU1@XZ 1000275f f   jni.obj
 0001:000017be       _Java_com_sun_java_util_jar_pack_NativeUnpack_start@20 100027be f   jni.obj
 0001:0000186f       _Java_com_sun_java_util_jar_pack_NativeUnpack_getNextFile@12 1000286f f   jni.obj
 0001:00001970       _Java_com_sun_java_util_jar_pack_NativeUnpack_getUnusedInput@8 10002970 f   jni.obj
 0001:000019bf       _Java_com_sun_java_util_jar_pack_NativeUnpack_finish@8 100029bf f   jni.obj
 0001:00001a1c       _Java_com_sun_java_util_jar_pack_NativeUnpack_setOption@16 10002a1c f   jni.obj
 0001:00001a87       _Java_com_sun_java_util_jar_pack_NativeUnpack_getOption@12 10002a87 f   jni.obj
 0001:00001ade       ?saveFrom@bytes@@QAEXPBD@Z 10002ade f i unpack.obj
 0001:00001afb       ?strcat@bytes@@QAEAAU1@PBD@Z 10002afb f i unpack.obj
 0001:00001b11       ?strcat@bytes@@QAEAAU1@AAU1@@Z 10002b11 f i unpack.obj
 0001:00001b2e       ?append@fillbytes@@QAEAAU1@PBXI@Z 10002b2e f i unpack.obj
 0001:00001b51       ?contains@ptrlist@@QAE_NPBX@Z 10002b51 f i unpack.obj
 0001:00001b66       ?add_size@@YAIIIH@Z        10002b66 f i unpack.obj
 0001:00001b82       ?init@value_stream@@QAEXPAC0H@Z 10002b82 f i unpack.obj
 0001:00001ba3       ?init@band@@QAEXPAUunpacker@@HH@Z 10002ba3 f i unpack.obj
 0001:00001bca       ?initRef@band@@QAEXH_N@Z   10002bca f i unpack.obj
 0001:00001be1       ?free@jar@@QAEXXZ          10002be1 f i unpack.obj
 0001:00001bf5       ?reset@jar@@QAEXXZ         10002bf5 f i unpack.obj
 0001:00001c09       ?free@attr_definitions@unpacker@@QAEXXZ 10002c09 f i unpack.obj
 0001:00001c41       ?getLayout@attr_definitions@unpacker@@QAEPAUlayout_definition@2@I@Z 10002c41 f i unpack.obj
 0001:00001c5c       ?isIndex@attr_definitions@unpacker@@QAE_NI@Z 10002c5c f i unpack.obj
 0001:00001c94       ?getCount@attr_definitions@unpacker@@QAEAAHI@Z 10002c94 f i unpack.obj
 0001:00001cb3       ?free_temps@unpacker@@QAEXXZ 10002cb3 f i unpack.obj
 0001:00001cc6       ?set_output@unpacker@@QAEXPAUfillbytes@@@Z 10002cc6 f i unpack.obj
 0001:00001cfd       ?get@cpindex@@QAEPAUentry@@I@Z 10002cfd f   unpack.obj
 0001:00001d21       ?typeSize@entry@@QAEHXZ    10002d21 f   unpack.obj
 0001:00001d97       ?free@unpacker@@QAEXXZ     10002d97 f   unpack.obj
 0001:00001e97       ?ensure_input@unpacker@@QAE_N_J@Z 10002e97 f   unpack.obj
 0001:00001fd4       ?close_output@unpacker@@QAEPAUfillbytes@@PAU2@@Z 10002fd4 f   unpack.obj
 0001:0000200e       ?ensure_put_space@unpacker@@QAEXI@Z 1000300e f   unpack.obj
 0001:00002056       ?put_space@unpacker@@QAEPACI@Z 10003056 f   unpack.obj
 0001:0000208b       ?putu2_at@unpacker@@SAXPACH@Z 1000308b f   unpack.obj
 0001:000020b4       ?putu4_at@unpacker@@SAXPACH@Z 100030b4 f   unpack.obj
 0001:000020d7       ?putu8_at@unpacker@@SAXPAC_J@Z 100030d7 f   unpack.obj
 0001:000020f8       ?putu2@unpacker@@QAEXH@Z   100030f8 f   unpack.obj
 0001:0000210e       ?putu4@unpacker@@QAEXH@Z   1000310e f   unpack.obj
 0001:00002124       ?putu8@unpacker@@QAEX_J@Z  10003124 f   unpack.obj
 0001:0000213f       ?alloc_heap@unpacker@@QAEPAXI_N0@Z 1000313f f   unpack.obj
 0001:000022bc       ?read_single_words@unpacker@@QAEXAAUband@@PAUentry@@H@Z 100032bc f i unpack.obj
 0001:000022f2       ?read_double_words@unpacker@@QAEXAAUband@@PAUentry@@H@Z 100032f2 f   unpack.obj
 0001:0000238e       ?getIC@cpool@@QAEPAUinner_class@@PAUentry@@@Z 1000338e f   unpack.obj
 0001:000023ae       ?getFirstChildIC@cpool@@QAEPAUinner_class@@PAUentry@@@Z 100033ae f   unpack.obj
 0001:000023ce       ?predefCount@attr_definitions@unpacker@@QAEHI@Z 100033ce f   unpack.obj
 0001:000023fe       ?readBandData@attr_definitions@unpacker@@QAEXPAPAUband@@I@Z 100033fe f   unpack.obj
 0001:00002568       ?read_files@unpacker@@QAEXXZ 10003568 f   unpack.obj
 0001:0000264d       ?get_code_header@unpacker@@QAEXAAH000@Z 1000364d f   unpack.obj
 0001:00002717       ?ref_band_for_op@unpacker@@QAEPAUband@@H@Z 10003717 f   unpack.obj
 0001:00002816       ?ref_band_for_self_op@unpacker@@QAEPAUband@@HAA_NAAH@Z 10003816 f   unpack.obj
 0001:000028a1       ?hashTabRef@cpool@@QAEAAPAUentry@@CAAUbytes@@@Z 100038a1 f   unpack.obj
 0001:0000294a       ?requestOutputIndex@entry@@QAEXAAUcpool@@H@Z 1000394a f   unpack.obj
 0001:000029ac       ?resetOutputIndexes@cpool@@QAEXXZ 100039ac f   unpack.obj
 0001:000029e0       _outputEntry_cmp           100039e0 f   unpack.obj
 0001:00002a48       ?computeOutputIndexes@cpool@@QAEXXZ 10003a48 f   unpack.obj
 0001:00002a9a       ?get_abort_message@unpacker@@QAEPBDXZ 10003a9a f   unpack.obj
 0001:00002a9e       ?check_options@unpacker@@QAEXXZ 10003a9e f   unpack.obj
 0001:00002ad3       ?reset_cur_classfile@unpacker@@QAEXXZ 10003ad3 f   unpack.obj
 0001:00002b15       ?to_bci@unpacker@@QAEII@Z  10003b15 f   unpack.obj
 0001:00002b50       _raw_address_cmp           10003b50 f   unpack.obj
 0001:00002b67       ?abort@unpacker@@QAEXPBD@Z 10003b67 f   unpack.obj
 0001:00002ba3       ?put_empty@unpacker@@QAEII@Z 10003ba3 f i unpack.obj
 0001:00002bb9       ?put_bytes@unpacker@@QAEXAAUbytes@@@Z 10003bb9 f i unpack.obj
 0001:00002bd2       ?putref_index@unpacker@@QAEHPAUentry@@H@Z 10003bd2 f   unpack.obj
 0001:00002c52       ?putref@unpacker@@QAEXPAUentry@@@Z 10003c52 f   unpack.obj
 0001:00002c76       ?putu1ref@unpacker@@QAEXPAUentry@@@Z 10003c76 f   unpack.obj
 0001:00002c97       ?saveTo@unpacker@@QAEXAAUbytes@@PACI@Z 10003c97 f   unpack.obj
 0001:00002ce9       ?init@cpool@@QAEXPAUunpacker@@QAH@Z 10003ce9 f   unpack.obj
 0001:00002e49       ?read_Utf8_values@unpacker@@QAEXPAUentry@@H@Z 10003e49 f i unpack.obj
 0001:00003381       ?read_single_refs@unpacker@@QAEXAAUband@@CPAUentry@@H@Z 10004381 f   unpack.obj
 0001:00003443       ?read_double_refs@unpacker@@QAEXAAUband@@CCPAUentry@@H@Z 10004443 f   unpack.obj
 0001:000034f6       ?read_signature_values@unpacker@@QAEXPAUentry@@H@Z 100044f6 f   unpack.obj
 0001:00003637       ?defineLayout@attr_definitions@unpacker@@QAEPAUlayout_definition@2@HPBD0@Z 10004637 f   unpack.obj
 0001:00003714       ?parseIntLayout@attr_definitions@unpacker@@QAEPBDPBDAAPAUband@@C_N@Z 10004714 f   unpack.obj
 0001:0000380c       ?parseNumeral@attr_definitions@unpacker@@QAEPBDPBDAAH@Z 1000480c f   unpack.obj
 0001:000038a1       ?popBody@attr_definitions@unpacker@@QAEPAPAUband@@H@Z 100048a1 f   unpack.obj
 0001:00003926       ?parseLayout@attr_definitions@unpacker@@QAEPBDPBDAAPAPAUband@@H@Z 10004926 f   unpack.obj
 0001:00003eff       ?readBandData@attr_definitions@unpacker@@QAEXH@Z 10004eff f   unpack.obj
 0001:00003f85       ?read_bcs@unpacker@@QAEXXZ 10004f85 f i unpack.obj
 0001:0000427f       ?initMemberIndexes@cpool@@QAEXXZ 1000527f f   unpack.obj
 0001:00004487       ?init@unpacker@@QAEXP6A_JPAU1@PAX_J2@Z@Z 10005487 f   unpack.obj
 0001:00004507       ?getKQIndex@cpool@@QAEPAUcpindex@@XZ 10005507 f   unpack.obj
 0001:0000458a       ?put_stackmap_type@unpacker@@QAEXXZ 1000558a f   unpack.obj
 0001:000045ff       ?put_label@unpacker@@QAEXHH@Z 100055ff f   unpack.obj
 0001:00004647       ?write_bc_ops@unpacker@@QAEXXZ 10005647 f i unpack.obj
 0001:00004db9       ?write_code@unpacker@@QAEXXZ 10005db9 f i unpack.obj
 0001:00004f95       ?write_classfile_head@unpacker@@QAEXXZ 10005f95 f   unpack.obj
 0001:000050da       ?saveTo@unpacker@@QAEXAAUbytes@@PBD@Z 100060da f i unpack.obj
 0001:000050fb       ?saveStr@unpacker@@QAEPBDPBD@Z 100060fb f i unpack.obj
 0001:00005113       ?saveIntStr@unpacker@@QAEPBDH@Z 10006113 f i unpack.obj
 0001:00005141       ?read_file_header@unpacker@@QAEXXZ 10006141 f   unpack.obj
 0001:000057e3       ?defineLayout@attr_definitions@unpacker@@QAEPAUlayout_definition@2@HPAUentry@@PBD@Z 100067e3 f i unpack.obj
 0001:00005810       ?buildBands@attr_definitions@unpacker@@QAEPAPAUband@@PAUlayout_definition@2@@Z 10006810 f   unpack.obj
 0001:0000593b       ?read_attr_defs@unpacker@@QAEXXZ 1000693b f   unpack.obj
 0001:00005bcd       ?read_attrs@unpacker@@QAEXHH@Z 10006bcd f   unpack.obj
 0001:000064a2       ?putlayout@unpacker@@QAEXPAPAUband@@@Z 100074a2 f   unpack.obj
 0001:0000661e       ?read_code_headers@unpacker@@QAEXXZ 1000761e f   unpack.obj
 0001:00006789       ?ensureUtf8@cpool@@QAEPAUentry@@AAUbytes@@@Z 10007789 f   unpack.obj
 0001:0000680b       ?ensureClass@cpool@@QAEPAUentry@@AAUbytes@@@Z 1000780b f   unpack.obj
 0001:000068b8       ?expandSignatures@cpool@@QAEXXZ 100078b8 f   unpack.obj
 0001:00006a35       ?get_option@unpacker@@QAEPBDPBD@Z 10007a35 f   unpack.obj
 0001:00006add       ?set_option@unpacker@@QAE_NPBD0@Z 10007add f   unpack.obj
 0001:00006c4d       ?write_attrs@unpacker@@QAEHH_K@Z 10007c4d f   unpack.obj
 0001:00007544       ?write_members@unpacker@@QAEXHH@Z 10008544 f   unpack.obj
 0001:00007657       ?write_classfile_tail@unpacker@@QAEXXZ 10008657 f   unpack.obj
 0001:00007b6f       ?get_next_file@unpacker@@QAEPAUfile@1@XZ 10008b6f f   unpack.obj
 0001:00007eb7       ?redirect_stdio@unpacker@@QAEXXZ 10008eb7 f   unpack.obj
 0001:00008003       ?read_cp@unpacker@@QAEXXZ  10009003 f   unpack.obj
 0001:000081fc       ?read_ics@unpacker@@QAEXXZ 100091fc f   unpack.obj
 0001:00008569       ?read_classes@unpacker@@QAEXXZ 10009569 f   unpack.obj
 0001:00008697       ?read_bands@unpacker@@QAEXXZ 10009697 f   unpack.obj
 0001:000086fc       ?start@unpacker@@QAEXPAXI@Z 100096fc f   unpack.obj
 0001:0000871a       ?unpack_abort@@YAXPBDPAUunpacker@@@Z 1000971a f   utils.obj
 0001:00008761       ?unpack_aborting@@YA_NPAUunpacker@@@Z 10009761 f   utils.obj
 0001:00008799       ?must_malloc@@YAPAXI@Z     10009799 f   utils.obj
 0001:000087de       ?init@jar@@QAEXPAUunpacker@@@Z 100097de f   zip.obj
 0001:000087fe       ?free@gunzip@@QAEXXZ       100097fe f   zip.obj
 0001:00008800       _JNU_ThrowIOException@8    10009800 f   java:java.dll
 0001:00008810       __allmul                   10009810 f   MSVCRT:llmul.obj
 0001:00008844       _memset                    10009844 f   MSVCRT:MSVCR71.dll
 0001:0000884a       _memcpy                    1000984a f   MSVCRT:MSVCR71.dll
 0001:00008850       _memcmp                    10009850 f   MSVCRT:MSVCR71.dll
 0001:00008856       ??3@YAXPAX@Z               10009856 f   MSVCRT:MSVCR71.dll
 0001:0000885c       ??2@YAPAXI@Z               1000985c f   MSVCRT:MSVCR71.dll
 0001:00008870       __aullshr                  10009870 f   MSVCRT:ullshr.obj
 0001:00008890       _strlen                    10009890 f   MSVCRT:MSVCR71.dll
 0001:00008896       _strcat                    10009896 f   MSVCRT:MSVCR71.dll
 0001:000088a0       __allshl                   100098a0 f   MSVCRT:llshl.obj
 0001:000088c0       _strcmp                    100098c0 f   MSVCRT:MSVCR71.dll
 0001:000088c6       __CRT_INIT@12              100098c6 f   MSVCRT:crtdll.obj
 0001:00008984       __DllMainCRTStartup@12     10009984 f   MSVCRT:crtdll.obj
 0001:00008a68       __initterm                 10009a68 f   MSVCRT:MSVCR71.dll
 0001:00008a6e       __onexit                   10009a6e f   MSVCRT:atonexit.obj
 0001:00008a94       _atexit                    10009a94 f   MSVCRT:atonexit.obj
 0001:00008aa6       __RTC_Initialize           10009aa6 f   MSVCRT:initsect.obj
 0001:00008aea       __RTC_Terminate            10009aea f   MSVCRT:initsect.obj
 0001:00008b2e       ___CppXcptFilter           10009b2e f   MSVCRT:MSVCR71.dll
 0001:00008b34       _DllMain@12                10009b34 f   MSVCRT:dllmain.obj
 0001:00008b54       __SEH_prolog               10009b54 f   MSVCRT:sehprolg.obj
 0001:00008b8f       __SEH_epilog               10009b8f f   MSVCRT:sehprolg.obj
 0001:00008ba0       __except_handler3          10009ba0 f   MSVCRT:MSVCR71.dll
 0001:00008ba6       ___dllonexit               10009ba6 f   MSVCRT:MSVCR71.dll
 0002:00000000       __imp__GetTempPathA@8      1000a000     kernel32:KERNEL32.dll
 0002:00000004       __imp__Sleep@4             1000a004     kernel32:KERNEL32.dll
 0002:00000008       __imp__DisableThreadLibraryCalls@4 1000a008     kernel32:KERNEL32.dll
 0002:0000000c       \177KERNEL32_NULL_THUNK_DATA 1000a00c     kernel32:KERNEL32.dll
 0002:00000010       __imp__memset              1000a010     MSVCRT:MSVCR71.dll
 0002:00000014       __imp__realloc             1000a014     MSVCRT:MSVCR71.dll
 0002:00000018       __imp__free                1000a018     MSVCRT:MSVCR71.dll
 0002:0000001c       __imp__memcpy              1000a01c     MSVCRT:MSVCR71.dll
 0002:00000020       __imp__memcmp              1000a020     MSVCRT:MSVCR71.dll
 0002:00000024       __imp_??3@YAXPAX@Z         1000a024     MSVCRT:MSVCR71.dll
 0002:00000028       __imp__getenv              1000a028     MSVCRT:MSVCR71.dll
 0002:0000002c       __imp_??2@YAPAXI@Z         1000a02c     MSVCRT:MSVCR71.dll
 0002:00000030       __imp__strlen              1000a030     MSVCRT:MSVCR71.dll
 0002:00000034       __imp__strcat              1000a034     MSVCRT:MSVCR71.dll
 0002:00000038       __imp__strncat             1000a038     MSVCRT:MSVCR71.dll
 0002:0000003c       __imp__strchr              1000a03c     MSVCRT:MSVCR71.dll
 0002:00000040       __imp___iob                1000a040     MSVCRT:MSVCR71.dll
 0002:00000044       __imp__fprintf             1000a044     MSVCRT:MSVCR71.dll
 0002:00000048       __imp___tempnam            1000a048     MSVCRT:MSVCR71.dll
 0002:00000048       __imp__tempnam             1000a048     MSVCRT:MSVCR71.dll
 0002:0000004c       __imp__sprintf             1000a04c     MSVCRT:MSVCR71.dll
 0002:00000050       __imp__strcmp              1000a050     MSVCRT:MSVCR71.dll
 0002:00000054       __imp__atoi                1000a054     MSVCRT:MSVCR71.dll
 0002:00000058       __imp__fopen               1000a058     MSVCRT:MSVCR71.dll
 0002:0000005c       __imp__abort               1000a05c     MSVCRT:MSVCR71.dll
 0002:00000060       __imp__malloc              1000a060     MSVCRT:MSVCR71.dll
 0002:00000064       __imp___initterm           1000a064     MSVCRT:MSVCR71.dll
 0002:00000068       __imp___adjust_fdiv        1000a068     MSVCRT:MSVCR71.dll
 0002:0000006c       __imp____CppXcptFilter     1000a06c     MSVCRT:MSVCR71.dll
 0002:00000070       __imp___except_handler3    1000a070     MSVCRT:MSVCR71.dll
 0002:00000074       __imp____dllonexit         1000a074     MSVCRT:MSVCR71.dll
 0002:00000078       __imp___onexit             1000a078     MSVCRT:MSVCR71.dll
 0002:0000007c       __imp__qsort               1000a07c     MSVCRT:MSVCR71.dll
 0002:00000080       __imp__time                1000a080     MSVCRT:MSVCR71.dll
 0002:00000084       \177MSVCR71_NULL_THUNK_DATA 1000a084     MSVCRT:MSVCR71.dll
 0002:00000088       __imp__JNU_ThrowIOException@8 1000a088     java:java.dll
 0002:0000008c       \177java_NULL_THUNK_DATA   1000a08c     java:java.dll
 0002:00000090       __imp__JNI_GetCreatedJavaVMs@12 1000a090     jvm:jvm.dll
 0002:00000094       \177jvm_NULL_THUNK_DATA    1000a094     jvm:jvm.dll
 0002:00000538       ??_C@_07MLPLAPLE@bad?5ref?$AA@ 1000a538     bands.obj
 0002:00000540       ??_C@_08CHILEFNK@null?5ref?$AA@ 1000a540     bands.obj
 0002:0000054c       ??_C@_0BC@CJBOIHCG@overflow?5detected?$AA@ 1000a54c     bands.obj
 0002:00000560       ??_C@_0BJ@CALEAGEE@Native?5allocation?5failed?$AA@ 1000a560     bytes.obj
 0002:00000590       ??_C@_0BA@MMOCMGFH@bad?5value?5count?$AA@ 1000a590     coding.obj
 0002:000005a0       ??_C@_0L@FLIJCFOD@bad?5coding?$AA@ 1000a5a0     coding.obj
 0002:000005ac       ??_C@_0BA@DAENMACF@bad?5meta?9coding?$AA@ 1000a5ac     coding.obj
 0002:000005bc       ??_C@_0CA@HBCNKKJO@bad?5meta?9coding?5for?5empty?5pop?1U?$AA@ 1000a5bc     coding.obj
 0002:000005dc       ??_C@_0BH@OCEIAIEJ@pop?5token?5out?5of?5range?$AA@ 1000a5dc     coding.obj
 0002:000005f4       ??_C@_0BG@HLIJPJNL@pop?4L?5value?5too?5small?$AA@ 1000a5f4     coding.obj
 0002:0000060c       ??_C@_0BM@CDDFICON@illegal?5nested?5pop?5encoding?$AA@ 1000a60c     coding.obj
 0002:00000628       ??_C@_0BF@JOAAKECG@illegal?5pop?5encoding?$AA@ 1000a628     coding.obj
 0002:00000640       ??_C@_0BF@OEPDPLDN@illegal?5run?5encoding?$AA@ 1000a640     coding.obj
 0002:00000658       ??_C@_0BM@FJMGNNPG@illegal?5nested?5run?5encoding?$AA@ 1000a658     coding.obj
 0002:00000674       ??_C@_0BE@IIPOPKNG@illegal?5arb?4?5coding?$AA@ 1000a674     coding.obj
 0002:00000688       ??_C@_0BK@MGOECGMC@cannot?5init?5class?5members?$AA@ 1000a688     jni.obj
 0002:000006a4       ??_C@_0M@OOANKPPH@readInputFn?$AA@ 1000a6a4     jni.obj
 0002:000006b0       ??_C@_0BK@KNKPMLAB@?$CILjava?1nio?1ByteBuffer?$DLJ?$CJJ?$AA@ 1000a6b0     jni.obj
 0002:000006cc       ??_C@_0BA@HNJNGCPJ@currentInstance?$AA@ 1000a6cc     jni.obj
 0002:000006dc       ??_C@_0BF@LHBAMMHC@?$CI?$CJLjava?1lang?1Object?$DL?$AA@ 1000a6dc     jni.obj
 0002:000006f4       ??_C@_0M@ODCCEGO@unpackerPtr?$AA@ 1000a6f4     jni.obj
 0002:00000700       ??_C@_01LELAEKIP@J?$AA@    1000a700     jni.obj
 0002:00000704       ??_C@_0N@BDLHHEMN@DEBUG_ATTACH?$AA@ 1000a704     jni.obj
 0002:00000714       ??_C@_0P@DHEBFDOP@Internal?5error?$AA@ 1000a714     jni.obj
 0002:0000074c       ??_C@_08MPEBFEBH@bad?5data?$AA@ 1000a74c     unpack.obj
 0002:00000758       ??_C@_0BJ@DINDGABB@Internal?5buffer?5overflow?$AA@ 1000a758     unpack.obj
 0002:00000774       ??_C@_0BI@CELHNJPG@error?5unpacking?5archive?$AA@ 1000a774     unpack.obj
 0002:0000078c       ??_C@_0DB@HCOAOCOI@archive?5too?5large?3?5?5constant?5poo@ 1000a78c     unpack.obj
 0002:000007c0       ??_C@_0BF@HNBIPEII@utf8?5prefix?5overflow?$AA@ 1000a7c0     unpack.obj
 0002:000007d8       ??_C@_0BA@HHOGEFOO@bad?5utf8?5prefix?$AA@ 1000a7d8     unpack.obj
 0002:000007e8       ??_C@_0BA@BMKLBFBL@bad?5utf8?5suffix?$AA@ 1000a7e8     unpack.obj
 0002:000007f8       ??_C@_0BK@OFNJKMED@redefined?5attribute?5index?$AA@ 1000a7f8     unpack.obj
 0002:00000814       ??_C@_0BK@NOGBJPAL@attribute?5index?5too?5large?$AA@ 1000a814     unpack.obj
 0002:00000830       ??_C@_0BD@EOHIHJFP@bad?5layout?5element?$AA@ 1000a830     unpack.obj
 0002:00000843       ??_C@_00CNPNBAHC@?$AA@     1000a843     unpack.obj
 0002:00000844       ??_C@_0BB@FJJKEHGJ@numeral?5overflow?$AA@ 1000a844     unpack.obj
 0002:00000858       ??_C@_0BK@CHPLBKBJ@missing?5numeral?5in?5layout?$AA@ 1000a858     unpack.obj
 0002:00000874       ??_C@_0P@KBKJHJBF@bad?5case?5label?$AA@ 1000a874     unpack.obj
 0002:00000884       ??_C@_0BO@JELFCPB@bad?5range?5in?5union?5case?5label?$AA@ 1000a884     unpack.obj
 0002:000008a4       ??_C@_0DD@PGOJPNFL@bad?5range?5in?5union?5case?5label?5?$CIo@ 1000a8a4     unpack.obj
 0002:000008d8       ??_C@_0P@HDHNKEAB@bad?5union?5case?$AA@ 1000a8d8     unpack.obj
 0002:000008e8       ??_C@_0BF@ILAEDGAO@bad?5reference?5layout?$AA@ 1000a8e8     unpack.obj
 0002:00000900       ??_C@_0BE@NGGDBALG@bad?5nested?5callable?$AA@ 1000a900     unpack.obj
 0002:00000914       ??_C@_0L@FLEMDFJG@bad?5layout?$AA@ 1000a914     unpack.obj
 0002:00000920       ??_C@_0P@MNJPOPJO@bad?5call?5label?$AA@ 1000a920     unpack.obj
 0002:00000930       ??_C@_01JOAMLHOP@?9?$AA@   1000a930     unpack.obj
 0002:00000934       ??_C@_0BB@MNFIFPBF@bad?5KQ?5reference?$AA@ 1000a934     unpack.obj
 0002:00000948       ??_C@_02DPKJAMEF@?$CFd?$AA@ 1000a948     unpack.obj
 0002:0000094c       ??_C@_0BJ@HODOOMDO@EOF?5reading?5band?5headers?$AA@ 1000a94c     unpack.obj
 0002:00000968       ??_C@_0BL@KOJPDLNM@EOF?5reading?5archive?5header?$AA@ 1000a968     unpack.obj
 0002:00000984       ??_C@_0DE@HNNKIDEL@cannot?5allocate?5large?5input?5buff@ 1000a984     unpack.obj
 0002:000009b8       ??_C@_0BI@EDJMKDIH@impossible?5archive?5size?$AA@ 1000a9b8     unpack.obj
 0002:000009d0       ??_C@_0BP@CKGMAJKP@EOF?5reading?5fixed?5input?5buffer?$AA@ 1000a9d0     unpack.obj
 0002:000009f0       ??_C@_0BI@HBJAPPBP@illegal?5archive?5options?$AA@ 1000a9f0     unpack.obj
 0002:00000a08       ??_C@_0CH@DEFFAKFP@Warning?3?5Illegal?5archive?5options@ 1000aa08     unpack.obj
 0002:00000a30       ??_C@_0FB@HPLGOGAD@?$EACorrupted?5pack?5file?3?5magic?1ver?5@ 1000aa30     unpack.obj
 0002:00000a84       ??_C@_0CF@INONBKGM@encountered?5a?5JAR?5header?5in?5unpa@ 1000aa84     unpack.obj
 0002:00000aac       ??_C@_0CB@MBENKFPE@EOF?5reading?5archive?5magic?5number@ 1000aaac     unpack.obj
 0002:00000ad0       ??_C@_0BE@NBGJPKOJ@too?5much?5read?9ahead?$AA@ 1000aad0     unpack.obj
 0002:00000ae4       ??_C@_0BD@BJONMNHI@bad?5call?5in?5layout?$AA@ 1000aae4     unpack.obj
 0002:00000af8       ??_C@_0BN@NJCEKHIO@garbage?5mixed?5with?5callables?$AA@ 1000aaf8     unpack.obj
 0002:00000b18       ??_C@_0BJ@OGDEGNBN@garbage?5at?5end?5of?5layout?$AA@ 1000ab18     unpack.obj
 0002:00000b34       ??_C@_0BC@DAGIEPHG@AnnotationDefault?$AA@ 1000ab34     unpack.obj
 0002:00000b48       ??_C@_0CF@BFEAEHFK@RuntimeInvisibleParameterAnnotat@ 1000ab48     unpack.obj
 0002:00000b70       ??_C@_0CD@ONLIBICP@RuntimeVisibleParameterAnnotatio@ 1000ab70     unpack.obj
 0002:00000b94       ??_C@_0BM@BNNGFNMF@RuntimeInvisibleAnnotations?$AA@ 1000ab94     unpack.obj
 0002:00000bb0       ??_C@_0BK@CIMGHPDJ@RuntimeVisibleAnnotations?$AA@ 1000abb0     unpack.obj
 0002:00000bcc       ??_C@_0CC@PCCOCALL@?$FLNB?$FL?$CI1?$CJ?$FN?$FN?$FLNH?$FL?$CI1?$CJ?$FN?$FN?$FLRSHNH?$FLRUH?$CI1?$CJ?$FN@ 1000abcc     unpack.obj
 0002:00000bf0       ??_C@_0JK@BMMFGJDP@?$FLNB?$FL?$CI1?$CJ?$FN?$FN?$FLNH?$FL?$CI1?$CJ?$FN?$FN?$FLRSHNH?$FLRUH?$CI1?$CJ?$FN@ 1000abf0     unpack.obj
 0002:00000c8c       ??_C@_09MAEOCCFN@?$FLNB?$FL?$CI1?$CJ?$FN?$FN?$AA@ 1000ac8c     unpack.obj
 0002:00000c98       ??_C@_0DH@OHIKFIJI@undefined?5StackMapTable?5attribut@ 1000ac98     unpack.obj
 0002:00000cd0       ??_C@_0BO@CMGKNLIA@attribute?5index?5out?5of?5bounds?$AA@ 1000acd0     unpack.obj
 0002:00000cf0       ??_C@_0BN@GFADPNEE@undefined?5attribute?5flag?5bit?$AA@ 1000acf0     unpack.obj
 0002:00000d10       ??_C@_0BB@HNCAJEIE@cp?5utf8?5overflow?$AA@ 1000ad10     unpack.obj
 0002:00000d24       ??_C@_0BC@IJJDHGHN@cp?5class?5overflow?$AA@ 1000ad24     unpack.obj
 0002:00000d38       ??_C@_0CL@JFLJFCLE@com?4sun?4java?4util?4jar?4pack?4unpac@ 1000ad38     unpack.obj
 0002:00000d64       ??_C@_0DE@FNJPLIMN@com?4sun?4java?4util?4jar?4pack?4unpac@ 1000ad64     unpack.obj
 0002:00000d98       ??_C@_0CD@CEMFBAGC@com?4sun?4java?4util?4jar?4pack?4verbo@ 1000ad98     unpack.obj
 0002:00000dbc       ??_C@_0DC@KGJOKPLE@com?4sun?4java?4util?4jar?4pack?4unpac@ 1000adbc     unpack.obj
 0002:00000df0       ??_C@_0BE@DAFJFMML@unpack?4deflate?4hint?$AA@ 1000adf0     unpack.obj
 0002:00000e04       ??_C@_03CGLHMDPP@now?$AA@  1000ae04     unpack.obj
 0002:00000e08       ??_C@_0CJ@LFNCLCEP@com?4sun?4java?4util?4jar?4pack?4verbo@ 1000ae08     unpack.obj
 0002:00000e34       ??_C@_04LKOEDJLC@keep?$AA@ 1000ae34     unpack.obj
 0002:00000e3c       ??_C@_0BB@MICPNADP@bad?5layout?5index?$AA@ 1000ae3c     unpack.obj
 0002:00000e50       ??_C@_0BE@BKLBLMJK@bad?5attribute?5index?$AA@ 1000ae50     unpack.obj
 0002:00000e64       ??_C@_0BM@GPDDEOEP@too?5many?5InnerClasses?5attrs?$AA@ 1000ae64     unpack.obj
 0002:00000e80       ??_C@_05PBJILJE@?4java?$AA@ 1000ae80     unpack.obj
 0002:00000e88       ??_C@_0BN@CLDGGNCI@bad?5reference?5to?5inner?5class?$AA@ 1000ae88     unpack.obj
 0002:00000ea8       ??_C@_0BI@CDCINJGA@resource?5file?5too?5large?$AA@ 1000aea8     unpack.obj
 0002:00000ec0       ??_C@_06POIMOJKC@?4class?$AA@ 1000aec0     unpack.obj
 0002:00000ec8       ??_C@_0BM@NDDMOHPH@class?5file?5size?5transmitted?$AA@ 1000aec8     unpack.obj
 0002:00000ee4       ??_C@_0CC@IOEIADGN@archive?5header?5had?5incorrect?5siz@ 1000aee4     unpack.obj
 0002:00000f08       ??_C@_02DKCKIIND@?$CFs?$AA@ 1000af08     unpack.obj
 0002:00000f0c       ??_C@_05PLDGDPEG@?$CDupkg?$AA@ 1000af0c     unpack.obj
 0002:00000f14       ??_C@_0N@BPOMLKFP@?$CFsunpack?4log?$AA@ 1000af14     unpack.obj
 0002:00000f24       ??_C@_03GIOIKFCO@C?3?2?$AA@ 1000af24     unpack.obj
 0002:00000f28       ??_C@_02DPNLHKJD@a?$CL?$AA@ 1000af28     unpack.obj
 0002:00000f30       ??_C@_0BEA@GOCGFCKC@01?$AASignature?$AADeprecated?$AARuntimeV@ 1000af30     unpack.obj
 0002:00001070       ??_C@_0BG@FDJMCAOP@identical?5inner?5class?$AA@ 1000b070     unpack.obj
 0002:00001088       ??_C@_0BF@JFFKOPFD@Error?3?5unpacker?3?5?$CFs?6?$AA@ 1000b088     utils.obj
 0002:000010a0       ??_C@_0CE@HLJAOJEP@corrupt?5pack?5file?5or?5internal?5er@ 1000b0a0     utils.obj
 0002:000010c4       ??_C@_0CG@HFNCMKIN@Error?3?5unpacker?3?5no?5current?5inst@ 1000b0c4     utils.obj
 0002:00001128       __load_config_used         1000b128     MSVCRT:loadcfg.obj
 0002:000011e0       ___safe_se_handler_table   1000b1e0     <linker-defined>
 0002:000011e4       ___rtc_iaa                 1000b1e4     MSVCRT:initsect.obj
 0002:000011e8       ___rtc_izz                 1000b1e8     MSVCRT:initsect.obj
 0002:000011ec       ___rtc_taa                 1000b1ec     MSVCRT:initsect.obj
 0002:000011f0       ___rtc_tzz                 1000b1f0     MSVCRT:initsect.obj
 0002:000011f4       __IMPORT_DESCRIPTOR_java   1000b1f4     java:java.dll
 0002:00001208       __IMPORT_DESCRIPTOR_jvm    1000b208     jvm:jvm.dll
 0002:0000121c       __IMPORT_DESCRIPTOR_MSVCR71 1000b21c     MSVCRT:MSVCR71.dll
 0002:00001230       __IMPORT_DESCRIPTOR_KERNEL32 1000b230     kernel32:KERNEL32.dll
 0002:00001244       __NULL_IMPORT_DESCRIPTOR   1000b244     java:java.dll
 0003:00000000       ___xc_a                    1000c000     MSVCRT:cinitexe.obj
 0003:00000004       ___xc_z                    1000c004     MSVCRT:cinitexe.obj
 0003:00000008       ___xi_a                    1000c008     MSVCRT:cinitexe.obj
 0003:0000000c       ___xi_z                    1000c00c     MSVCRT:cinitexe.obj
 0003:00000010       ?basic_codings@@3PAUcoding@@A 1000c010     coding.obj
 0003:00000b10       ___security_cookie         1000cb10     MSVCRT:seccook.obj
 0003:00000f50       __adjust_fdiv              1000cf50     <common>
 0003:00000f54       ___onexitend               1000cf54     <common>
 0003:00000f58       ___onexitbegin             1000cf58     <common>
 0003:00000f5c       __pRawDllMain              1000cf5c     <common>

 entry point at        0001:00008984

 Static symbols

 0001:00000767       ?decode_sign@@YAHHI@Z      10001767 f   coding.obj
 0001:00000b2b       ?getPopValue@@YAHPAUvalue_stream@@I@Z 10001b2b f   coding.obj
 0001:00000b6e       ?getDeltaValue@@YAHPAUvalue_stream@@I_N@Z 10001b6e f   coding.obj
 0001:00000dcb       ?moreCentral@@YAHHH@Z      10001dcb f   coding.obj
 0001:000015e8       ?read_input_via_jni@@YA_JPAUunpacker@@PAX_J2@Z 100025e8 f   jni.obj
 0001:000016d5       ?get_unpacker@@YAPAUunpacker@@PAUJNIEnv_@@PAV_jobject@@_N@Z 100026d5 f   jni.obj
 0001:000021e2       ?store_Utf8_char@@YAPACPACG@Z 100031e2 f   unpack.obj
 0001:00002226       ?compare_Utf8_chars@@YAHAAUbytes@@0@Z 10003226 f   unpack.obj
 0001:0000233f       ?isDigitString@@YA_NAAUbytes@@HH@Z 1000333f f   unpack.obj
 0001:00002367       ?lastIndexOf@@YAHHHAAUbytes@@H@Z 10003367 f   unpack.obj
 0001:00002521       ?findMatchingCase@@YAPAPAUband@@HPAPAU1@@Z 10003521 f   unpack.obj
 0001:000026d6       ?is_branch_op@@YA_NH@Z     100036d6 f   unpack.obj
 0001:000026f2       ?is_local_slot_op@@YA_NH@Z 100036f2 f   unpack.obj
