 instrument

 Timestamp is 4ecc5d76 (Tue Nov 22 21:41:58 2011)

 Preferred load address is 10000000

 Start         Length     Name                   Class
 0001:00000000 0000dcc1H .text                   CODE
 0002:00000000 00000120H .idata$5                DATA
 0002:00000120 00002a40H .rdata                  DATA
 0002:00002b60 00000068H .rdata$debug            DATA
 0002:00002bd0 00000008H .rdata$sxdata           DATA
 0002:00002bd8 00000004H .rtc$IAA                DATA
 0002:00002bdc 00000004H .rtc$IZZ                DATA
 0002:00002be0 00000004H .rtc$TAA                DATA
 0002:00002be4 00000004H .rtc$TZZ                DATA
 0002:00002be8 00000014H .idata$2                DATA
 0002:00002bfc 00000014H .idata$3                DATA
 0002:00002c10 00000120H .idata$4                DATA
 0002:00002d30 000004fcH .idata$6                DATA
 0002:00003230 00000388H .edata                  DATA
 0003:00000000 00000004H .CRT$XCA                DATA
 0003:00000004 00000004H .CRT$XCAA               DATA
 0003:00000008 00000004H .CRT$XCZ                DATA
 0003:0000000c 00000004H .CRT$XIA                DATA
 0003:00000010 0000000cH .CRT$XIC                DATA
 0003:0000001c 00000004H .CRT$XIZ                DATA
 0003:00000020 00000004H .CRT$XPA                DATA
 0003:00000024 00000004H .CRT$XPX                DATA
 0003:00000028 00000004H .CRT$XPZ                DATA
 0003:0000002c 00000004H .CRT$XTA                DATA
 0003:00000030 00000004H .CRT$XTZ                DATA
 0003:00000040 00001d20H .data                   DATA
 0003:00001d60 000018c4H .bss                    DATA
 0004:00000000 00000058H .rsrc$01                DATA
 0004:00000060 00000328H .rsrc$02                DATA

  Address         Publics by Value              Rva+Base     Lib:Object

 0000:00000000       __except_list              00000000     <absolute>
 0000:00000002       ___safe_se_handler_count   00000002     <absolute>
 0001:00000000       _modifiedUtf8LengthOfUtf8  10001000 f   EncodingSupport.obj
 0001:00000103       _convertUtf8ToModifiedUtf8 10001103 f   EncodingSupport.obj
 0001:00000207       _convertUft8ToPlatformString 10001207 f   EncodingSupport_md.obj
 0001:000002d6       _basePath                  100012d6 f   FileSystemSupport_md.obj
 0001:000004a8       _normalize                 100014a8 f   FileSystemSupport_md.obj
 0001:0000050c       _resolve                   1000150c f   FileSystemSupport_md.obj
 0001:0000060e       _isAbsolute                1000160e f   FileSystemSupport_md.obj
 0001:00000669       _fromURIPath               10001669 f   FileSystemSupport_md.obj
 0001:000006d9       _Java_sun_instrument_InstrumentationImpl_isModifiableClass0@20 100016d9 f   InstrumentationImplNativeMethods.obj
 0001:000006f0       _Java_sun_instrument_InstrumentationImpl_isRetransformClassesSupported0@16 100016f0 f   InstrumentationImplNativeMethods.obj
 0001:00000702       _Java_sun_instrument_InstrumentationImpl_setHasRetransformableTransformers@20 10001702 f   InstrumentationImplNativeMethods.obj
 0001:00000719       _Java_sun_instrument_InstrumentationImpl_retransformClasses0@20 10001719 f   InstrumentationImplNativeMethods.obj
 0001:00000730       _Java_sun_instrument_InstrumentationImpl_redefineClasses0@20 10001730 f   InstrumentationImplNativeMethods.obj
 0001:00000747       _Java_sun_instrument_InstrumentationImpl_getAllLoadedClasses0@16 10001747 f   InstrumentationImplNativeMethods.obj
 0001:00000759       _Java_sun_instrument_InstrumentationImpl_getInitiatedClasses0@20 10001759 f   InstrumentationImplNativeMethods.obj
 0001:00000770       _Java_sun_instrument_InstrumentationImpl_getObjectSize0@20 10001770 f   InstrumentationImplNativeMethods.obj
 0001:00000787       _Java_sun_instrument_InstrumentationImpl_appendToClassLoaderSearch0@24 10001787 f   InstrumentationImplNativeMethods.obj
 0001:000007a2       _Java_sun_instrument_InstrumentationImpl_setNativeMethodPrefixes@24 100017a2 f   InstrumentationImplNativeMethods.obj
 0001:0000084b       _getBooleanAttribute       1000184b f   InvocationAdapter.obj
 0001:00000874       _convertCapabilityAtrributes 10001874 f   InvocationAdapter.obj
 0001:000008e1       _Agent_OnUnload@4          100018e1 f   InvocationAdapter.obj
 0001:000008e4       _eventHandlerVMInit@12     100018e4 f   InvocationAdapter.obj
 0001:00000934       _eventHandlerClassFileLoadHook@40 10001934 f   InvocationAdapter.obj
 0001:00000e32       _Agent_OnLoad@12           10001e32 f   InvocationAdapter.obj
 0001:00001039       _Agent_OnAttach@12         10002039 f   InvocationAdapter.obj
 0001:0000131d       _freeAttributes            1000231d f   JarFacade.obj
 0001:0000134b       _getAttribute              1000234b f   JarFacade.obj
 0001:00001373       _readAttributes            10002373 f   JarFacade.obj
 0001:000013aa       _getJPLISEnvironment       100023aa f   JPLISAgent.obj
 0001:0000142a       _allocateJPLISAgent        1000242a f   JPLISAgent.obj
 0001:00001438       _recordCommandLineData     10002438 f   JPLISAgent.obj
 0001:000014e2       _deallocateCommandLineData 100024e2 f   JPLISAgent.obj
 0001:0000150a       _createInstrumentationImpl 1000250a f   JPLISAgent.obj
 0001:00001768       _commandStringIntoJavaStrings 10002768 f   JPLISAgent.obj
 0001:00001818       _invokeJavaAgentMainMethod 10002818 f   JPLISAgent.obj
 0001:00001884       _setLivePhaseEventHandlers 10002884 f   JPLISAgent.obj
 0001:00001942       _checkCapabilities         10002942 f   JPLISAgent.obj
 0001:000019a8       _enableNativeMethodPrefixCapability 100029a8 f   JPLISAgent.obj
 0001:00001a0b       _addNativeMethodPrefixCapability 10002a0b f   JPLISAgent.obj
 0001:00001a39       _addOriginalMethodOrderCapability 10002a39 f   JPLISAgent.obj
 0001:00001a9f       _addRedefineClassesCapability 10002a9f f   JPLISAgent.obj
 0001:00001b2a       _transformClassFile        10002b2a f   JPLISAgent.obj
 0001:00001dae       _redefineClassMapper       10002dae f   JPLISAgent.obj
 0001:00001e5f       _getObjectArrayFromClasses 10002e5f f   JPLISAgent.obj
 0001:00001f1b       _retransformableEnvironment 10002f1b f   JPLISAgent.obj
 0001:0000205e       _isModifiableClass         1000305e f   JPLISAgent.obj
 0001:0000209d       _isRetransformClassesSupported 1000309d f   JPLISAgent.obj
 0001:000020ae       _setHasRetransformableTransformers 100030ae f   JPLISAgent.obj
 0001:00002108       _retransformClasses        10003108 f   JPLISAgent.obj
 0001:00002296       _redefineClasses           10003296 f   JPLISAgent.obj
 0001:000025d9       _commonGetClassList        100035d9 f   JPLISAgent.obj
 0001:0000268f       _getAllLoadedClassesClassListFetcher 1000368f f   JPLISAgent.obj
 0001:000026a5       _getAllLoadedClasses       100036a5 f   JPLISAgent.obj
 0001:000026bd       _getInitiatedClassesClassListFetcher 100036bd f   JPLISAgent.obj
 0001:000026d7       _getInitiatedClasses       100036d7 f   JPLISAgent.obj
 0001:000026f1       _getObjectSize             100036f1 f   JPLISAgent.obj
 0001:0000275b       _appendToClassLoaderSearch 1000375b f   JPLISAgent.obj
 0001:00002828       _setNativeMethodPrefixes   10003828 f   JPLISAgent.obj
 0001:00002a80       _initializeJPLISAgent      10003a80 f   JPLISAgent.obj
 0001:00002bc4       _startJavaAgent            10003bc4 f   JPLISAgent.obj
 0001:00002c0a       _createNewJPLISAgent       10003c0a f   JPLISAgent.obj
 0001:00002c9c       _processJavaStart          10003c9c f   JPLISAgent.obj
 0001:00002d47       _JPLISAssertCondition      10003d47 f   JPLISAssert.obj
 0001:00002d6d       _JPLISAssertConditionWithMessage 10003d6d f   JPLISAssert.obj
 0001:00002d96       _forceFallback             10003d96 f   JavaExceptions.obj
 0001:00002da4       _checkForThrowable         10003da4 f   JavaExceptions.obj
 0001:00002db2       _isSafeForJNICalls         10003db2 f   JavaExceptions.obj
 0001:00002dc5       _logThrowable              10003dc5 f   JavaExceptions.obj
 0001:00002ddd       _isUnchecked               10003ddd f   JavaExceptions.obj
 0001:00002e58       _preserveThrowable         10003e58 f   JavaExceptions.obj
 0001:00002e75       _throwThrowable            10003e75 f   JavaExceptions.obj
 0001:00002ead       _checkForAndClearThrowable 10003ead f   JavaExceptions.obj
 0001:00002ecd       _mapThrownThrowableIfNecessary 10003ecd f   JavaExceptions.obj
 0001:00002f10       _createThrowable           10003f10 f   JavaExceptions.obj
 0001:0000301f       _createInternalError       1000401f f   JavaExceptions.obj
 0001:00003035       _createThrowableFromJVMTIErrorCode 10004035 f   JavaExceptions.obj
 0001:000031af       _getMessageFromThrowable   100041af f   JavaExceptions.obj
 0001:000032a5       _restoreThrowable          100042a5 f   JavaExceptions.obj
 0001:000032aa       _createAndThrowInternalError 100042aa f   JavaExceptions.obj
 0001:000032c9       _createAndThrowThrowableFromJVMTIErrorCode 100042c9 f   JavaExceptions.obj
 0001:000032ea       _initializeFallbackError   100042ea f   JavaExceptions.obj
 0001:0000333f       _mapAllCheckedToInternalErrorMapper 1000433f f   JavaExceptions.obj
 0001:00003632       _validatePathChars         10004632 f   PathCharsValidator.obj
 0001:00003737       _assertTLSValue            10004737 f   Reentrancy.obj
 0001:0000378b       _confirmingTLSSet          1000478b f   Reentrancy.obj
 0001:000037b9       _tryToAcquireReentrancyToken 100047b9 f   Reentrancy.obj
 0001:0000384e       _releaseReentrancyToken    1000484e f   Reentrancy.obj
 0001:0000388d       _allocate                  1000488d f   Utilities.obj
 0001:000038d5       _deallocate                100048d5 f   Utilities.obj
 0001:00003906       _isInstanceofClassName     10004906 f   Utilities.obj
 0001:000039b1       _abortJVM                  100049b1 f   Utilities.obj
 0001:00003a2b       _lastErrorReportable       10004a2b f   canonicalize_md.obj
 0001:00003a64       _canonicalize              10004a64 f   canonicalize_md.obj
 0001:0000432c       _JLI_ManifestIterate       1000532c f   jli:parse_manifest.obj
 0001:000043f0       _inflateReset              100053f0 f   jli:inflate.obj
 0001:0000442f       _inflateEnd                1000542f f   jli:inflate.obj
 0001:0000446d       _inflateInit2_             1000546d f   jli:inflate.obj
 0001:00004552       _inflate                   10005552 f   jli:inflate.obj
 0001:000048cd       _inflate_blocks_reset      100058cd f   jli:infblock.obj
 0001:00004938       _inflate_blocks_new        10005938 f   jli:infblock.obj
 0001:000049c5       _inflate_blocks            100059c5 f   jli:infblock.obj
 0001:0000513d       _inflate_blocks_free       1000613d f   jli:infblock.obj
 0001:00005171       _adler32                   10006171 f   jli:zadler32.obj
 0001:0000528a       _zcalloc                   1000628a f   jli:zutil.obj
 0001:0000529a       _zcfree                    1000629a f   jli:zutil.obj
 0001:000052a5       _inflate_codes_new         100062a5 f   jli:infcodes.obj
 0001:000052d9       _inflate_codes             100062d9 f   jli:infcodes.obj
 0001:0000583d       _inflate_codes_free        1000683d f   jli:infcodes.obj
 0001:00005bd3       _inflate_trees_bits        10006bd3 f   jli:inftrees.obj
 0001:00005c52       _inflate_trees_dynamic     10006c52 f   jli:inftrees.obj
 0001:00005d55       _inflate_trees_fixed       10006d55 f   jli:inftrees.obj
 0001:00005d84       _inflate_flush             10006d84 f   jli:infutil.obj
 0001:00005e70       _inflate_fast              10006e70 f   jli:inffast.obj
 0001:00006125       _free                      10007125 f   LIBCMT:free.obj
 0001:00006196       __heap_alloc               10007196 f   LIBCMT:malloc.obj
 0001:00006211       __nh_malloc                10007211 f   LIBCMT:malloc.obj
 0001:0000623d       _malloc                    1000723d f   LIBCMT:malloc.obj
 0001:0000624f       _atol                      1000724f f   LIBCMT:atox.obj
 0001:000062d7       _atoi                      100072d7 f   LIBCMT:atox.obj
 0001:000062e0       _memcpy                    100072e0 f   LIBCMT:memcpy.obj
 0001:00006630       _strchr                    10007630 f   LIBCMT:strchr.obj
 0001:00006636       ___from_strstr_to_strchr   10007636     LIBCMT:strchr.obj
 0001:000066f0       _strlen                    100076f0 f   LIBCMT:strlen.obj
 0001:00006780       _strcpy                    10007780 f   LIBCMT:strcat.obj
 0001:00006790       _strcat                    10007790 f   LIBCMT:strcat.obj
 0001:00006878       _realloc                   10007878 f   LIBCMT:realloc.obj
 0001:00006a25       _calloc                    10007a25 f   LIBCMT:calloc.obj
 0001:00006ae0       _fprintf                   10007ae0 f   LIBCMT:fprintf.obj
 0001:00006b3e       ___initstdio               10007b3e f   LIBCMT:_file.obj
 0001:00006be7       ___endstdio                10007be7 f   LIBCMT:_file.obj
 0001:00006bfb       __lock_file                10007bfb f   LIBCMT:_file.obj
 0001:00006c2a       __lock_file2               10007c2a f   LIBCMT:_file.obj
 0001:00006c4d       __unlock_file              10007c4d f   LIBCMT:_file.obj
 0001:00006c7c       __unlock_file2             10007c7c f   LIBCMT:_file.obj
 0001:00006ca0       _memset                    10007ca0 f   LIBCMT:memset.obj
 0001:00006d00       __allshl                   10007d00 f   LIBCMT:llshl.obj
 0001:00006d1f       __errno                    10007d1f f   LIBCMT:dosmap.obj
 0001:00006d28       ___doserrno                10007d28 f   LIBCMT:dosmap.obj
 0001:00006d31       __dosmaperr                10007d31 f   LIBCMT:dosmap.obj
 0001:00006da4       __assert                   10007da4 f   LIBCMT:assert.obj
 0001:00007179       ___toupper_mt              10008179 f   LIBCMT:toupper.obj
 0001:00007242       _toupper                   10008242 f   LIBCMT:toupper.obj
 0001:00007264       _isalpha                   10008264 f   LIBCMT:_ctype.obj
 0001:000072a3       __fullpath                 100082a3 f   LIBCMT:fullpath.obj
 0001:0000734d       __CRT_INIT@12              1000834d f   LIBCMT:dllcrt0.obj
 0001:000074ce       __DllMainCRTStartup@12     100084ce f   LIBCMT:dllcrt0.obj
 0001:000075b2       __amsg_exit                100085b2 f   LIBCMT:dllcrt0.obj
 0001:000075f0       _memcmp                    100085f0 f   LIBCMT:memcmp.obj
 0001:000076b0       _memmove                   100086b0 f   LIBCMT:memmove.obj
 0001:000079f0       __chkstk                   100089f0 f   LIBCMT:chkstk.obj
 0001:000079f0       __alloca_probe             100089f0     LIBCMT:chkstk.obj
 0001:00007a30       _strpbrk                   10008a30 f   LIBCMT:strpbrk.obj
 0001:00007a70       ___heap_select             10008a70 f   LIBCMT:heapinit.obj
 0001:00007a8a       __heap_init                10008a8a f   LIBCMT:heapinit.obj
 0001:00007adb       __heap_term                10008adb f   LIBCMT:heapinit.obj
 0001:00007b5a       __mtinitlocks              10008b5a f   LIBCMT:mlock.obj
 0001:00007ba3       __mtdeletelocks            10008ba3 f   LIBCMT:mlock.obj
 0001:00007bf8       __unlock                   10008bf8 f   LIBCMT:mlock.obj
 0001:00007c0d       __mtinitlocknum            10008c0d f   LIBCMT:mlock.obj
 0001:00007cad       __lock                     10008cad f   LIBCMT:mlock.obj
 0001:00007cde       ___sbh_heap_init           10008cde f   LIBCMT:sbheap.obj
 0001:00007d26       ___sbh_find_block          10008d26 f   LIBCMT:sbheap.obj
 0001:00007d51       ___sbh_free_block          10008d51 f   LIBCMT:sbheap.obj
 0001:00008069       ___sbh_alloc_new_region    10009069 f   LIBCMT:sbheap.obj
 0001:00008120       ___sbh_alloc_new_group     10009120 f   LIBCMT:sbheap.obj
 0001:00008226       ___sbh_resize_block        10009226 f   LIBCMT:sbheap.obj
 0001:00008505       ___sbh_alloc_block         10009505 f   LIBCMT:sbheap.obj
 0001:00008804       __SEH_prolog               10009804 f   LIBCMT:sehprolg.obj
 0001:0000883f       __SEH_epilog               1000983f f   LIBCMT:sehprolg.obj
 0001:00008858       __except_handler3          10009858 f   LIBCMT:exsup3.obj
 0001:0000893e       __seh_longjmp_unwind@4     1000993e f   LIBCMT:exsup3.obj
 0001:00008959       __callnewh                 10009959 f   LIBCMT:handler.obj
 0001:00008974       ___isctype_mt              10009974 f   LIBCMT:isctype.obj
 0001:000089eb       ___freetlocinfo            100099eb f   LIBCMT:setlocal.obj
 0001:00008b7c       ___updatetlocinfo          10009b7c f   LIBCMT:setlocal.obj
 0001:00008bb7       ___crtTlsAlloc@4           10009bb7 f   LIBCMT:tidtable.obj
 0001:00008bc0       __mtterm                   10009bc0 f   LIBCMT:tidtable.obj
 0001:00008bdd       __initptd                  10009bdd f   LIBCMT:tidtable.obj
 0001:00008bf0       __getptd                   10009bf0 f   LIBCMT:tidtable.obj
 0001:00008c61       __freefls@4                10009c61 f   LIBCMT:tidtable.obj
 0001:00008da8       __freeptd                  10009da8 f   LIBCMT:tidtable.obj
 0001:00008dd7       __mtinit                   10009dd7 f   LIBCMT:tidtable.obj
 0001:00008ed0       __allmul                   10009ed0 f   LIBCMT:llmul.obj
 0001:00008f04       __stbuf                    10009f04 f   LIBCMT:_sftbuf.obj
 0001:00008f8c       __ftbuf                    10009f8c f   LIBCMT:_sftbuf.obj
 0001:00009044       __output                   1000a044 f   LIBCMT:output.obj
 0001:0000983e       __ioinit                   1000a83e f   LIBCMT:ioinit.obj
 0001:00009a3c       __ioterm                   1000aa3c f   LIBCMT:ioinit.obj
 0001:00009a88       __fcloseall                1000aa88 f   LIBCMT:closeall.obj
 0001:00009b23       ___crtExitProcess          1000ab23 f   LIBCMT:crt0dat.obj
 0001:00009b53       __lockexit                 1000ab53 f   LIBCMT:crt0dat.obj
 0001:00009b5c       __unlockexit               1000ab5c f   LIBCMT:crt0dat.obj
 0001:00009b7d       __cinit                    1000ab7d f   LIBCMT:crt0dat.obj
 0001:00009caa       __exit                     1000acaa f   LIBCMT:crt0dat.obj
 0001:00009cbb       __cexit                    1000acbb f   LIBCMT:crt0dat.obj
 0001:00009cca       __flush                    1000acca f   LIBCMT:fflush.obj
 0001:00009d27       __fflush_lk                1000ad27 f   LIBCMT:fflush.obj
 0001:00009e2a       _fflush                    1000ae2a f   LIBCMT:fflush.obj
 0001:00009e7a       __flushall                 1000ae7a f   LIBCMT:fflush.obj
 0001:00009e83       _abort                     1000ae83 f   LIBCMT:abort.obj
 0001:00009e9b       _setvbuf                   1000ae9b f   LIBCMT:setvbuf.obj
 0001:00009fa5       _raise                     1000afa5 f   LIBCMT:winsig.obj
 0001:0000a11e       ___crtMessageBoxA          1000b11e f   LIBCMT:crtmbox.obj
 0001:0000a255       __itoa                     1000b255 f   LIBCMT:xtoa.obj
 0001:0000a280       _strncat                   1000b280 f   LIBCMT:strncat.obj
 0001:0000a3c0       _strncpy                   1000b3c0 f   LIBCMT:strncpy.obj
 0001:0000a515       @__security_check_cookie@4 1000b515 f   LIBCMT:secchk.obj
 0001:0000a523       ___crtLCMapStringA         1000b523 f   LIBCMT:a_map.obj
 0001:0000a8df       __validdrive               1000b8df f   LIBCMT:getcwd.obj
 0001:0000a916       __getdcwd_lk               1000b916 f   LIBCMT:getcwd.obj
 0001:0000aa01       __getcwd                   1000ba01 f   LIBCMT:getcwd.obj
 0001:0000aa47       __setenvp                  1000ba47 f   LIBCMT:stdenvp.obj
 0001:0000ac7a       __setargv                  1000bc7a f   LIBCMT:stdargv.obj
 0001:0000ad1c       ___crtGetEnvironmentStringsA 1000bd1c f   LIBCMT:a_env.obj
 0001:0000ae3e       __RTC_Initialize           1000be3e f   LIBCMT:initsect.obj
 0001:0000ae82       __RTC_Terminate            1000be82 f   LIBCMT:initsect.obj
 0001:0000aec6       __XcptFilter               1000bec6 f   LIBCMT:winxfltr.obj
 0001:0000b02a       ___CppXcptFilter           1000c02a f   LIBCMT:winxfltr.obj
 0001:0000b045       _DllMain@12                1000c045 f   LIBCMT:dllmain.obj
 0001:0000b04b       __NMSG_WRITE               1000c04b f   LIBCMT:crt0msg.obj
 0001:0000b1c2       __FF_MSGBANNER             1000c1c2 f   LIBCMT:crt0msg.obj
 0001:0000b20b       ___crtInitCritSecAndSpinCount 1000c20b f   LIBCMT:initcrit.obj
 0001:0000b298       __global_unwind2           1000c298 f   LIBCMT:exsup.obj
 0001:0000b2da       __local_unwind2            1000c2da f   LIBCMT:exsup.obj
 0001:0000b332       __NLG_Return2              1000c332     LIBCMT:exsup.obj
 0001:0000b342       __abnormal_termination     1000c342 f   LIBCMT:exsup.obj
 0001:0000b365       __NLG_Notify1              1000c365 f   LIBCMT:exsup.obj
 0001:0000b36e       __NLG_Notify               1000c36e f   LIBCMT:exsup.obj
 0001:0000b381       __NLG_Dispatch             1000c381     LIBCMT:exsup.obj
 0001:0000b386       __ValidateEH3RN            1000c386 f   LIBCMT:eh3valid.obj
 0001:0000b5af       ___crtGetStringTypeA       1000c5af f   LIBCMT:a_str.obj
 0001:0000b769       ___free_lc_time            1000c769 f   LIBCMT:inittime.obj
 0001:0000b8f9       ___free_lconv_num          1000c8f9 f   LIBCMT:initnum.obj
 0001:0000b958       ___free_lconv_mon          1000c958 f   LIBCMT:initmon.obj
 0001:0000ba40       _strcspn                   1000ca40 f   LIBCMT:strcspn.obj
 0001:0000ba90       _strcmp                    1000ca90 f   LIBCMT:strcmp.obj
 0001:0000bb20       _strncmp                   1000cb20 f   LIBCMT:strncmp.obj
 0001:0000becd       __setmbcp                  1000cecd f   LIBCMT:mbctype.obj
 0001:0000c01d       ___initmbctable            1000d01d f   LIBCMT:mbctype.obj
 0001:0000c03b       __isatty                   1000d03b f   LIBCMT:isatty.obj
 0001:0000c065       __flsbuf                   1000d065 f   LIBCMT:_flsbuf.obj
 0001:0000c17e       ___wctomb_mt               1000d17e f   LIBCMT:wctomb.obj
 0001:0000c1de       _wctomb                    1000d1de f   LIBCMT:wctomb.obj
 0001:0000c210       __aulldvrm                 1000d210 f   LIBCMT:ulldvrm.obj
 0001:0000c2a5       __fclose_lk                1000d2a5 f   LIBCMT:fclose.obj
 0001:0000c2f1       _fclose                    1000d2f1 f   LIBCMT:fclose.obj
 0001:0000c3c2       ___onexitinit              1000d3c2 f   LIBCMT:onexit.obj
 0001:0000c3ea       __onexit                   1000d3ea f   LIBCMT:onexit.obj
 0001:0000c422       _atexit                    1000d422 f   LIBCMT:onexit.obj
 0001:0000c434       __write_lk                 1000d434 f   LIBCMT:write.obj
 0001:0000c602       __write                    1000d602 f   LIBCMT:write.obj
 0001:0000c6ad       __commit                   1000d6ad f   LIBCMT:commit.obj
 0001:0000c769       __freebuf                  1000d769 f   LIBCMT:_freebuf.obj
 0001:0000c794       ___security_init_cookie    1000d794 f   LIBCMT:seccinit.obj
 0001:0000c7fa       ___security_error_handler  1000d7fa f   LIBCMT:secfail.obj
 0001:0000c942       ___ansicp                  1000d942 f   LIBCMT:convrtcp.obj
 0001:0000c985       ___convertcp               1000d985 f   LIBCMT:convrtcp.obj
 0001:0000cb4e       __resetstkoflw             1000db4e f   LIBCMT:resetstk.obj
 0001:0000cc40       ___ascii_stricmp           1000dc40 f   LIBCMT:_stricmp.obj
 0001:0000cc8e       _stricmp                   1000dc8e f   LIBCMT:stricmp.obj
 0001:0000cc8e       __stricmp                  1000dc8e f   LIBCMT:stricmp.obj
 0001:0000ccf7       __lseek_lk                 1000dcf7 f   LIBCMT:lseek.obj
 0001:0000cd6b       __lseek                    1000dd6b f   LIBCMT:lseek.obj
 0001:0000cd6b       _lseek                     1000dd6b f   LIBCMT:lseek.obj
 0001:0000ce16       __getbuf                   1000de16 f   LIBCMT:_getbuf.obj
 0001:0000ce5a       __fptrap                   1000de5a f   LIBCMT:crt0fp.obj
 0001:0000ce63       __close_lk                 1000de63 f   LIBCMT:close.obj
 0001:0000cee6       _close                     1000dee6 f   LIBCMT:close.obj
 0001:0000cee6       __close                    1000dee6 f   LIBCMT:close.obj
 0001:0000cf81       __msize                    1000df81 f   LIBCMT:msize.obj
 0001:0000cff7       __lseeki64_lk              1000dff7 f   LIBCMT:lseeki64.obj
 0001:0000d07a       __set_osfhnd               1000e07a f   LIBCMT:osfinfo.obj
 0001:0000d0f6       __free_osfhnd              1000e0f6 f   LIBCMT:osfinfo.obj
 0001:0000d175       __get_osfhandle            1000e175 f   LIBCMT:osfinfo.obj
 0001:0000d1b6       __lock_fhandle             1000e1b6 f   LIBCMT:osfinfo.obj
 0001:0000d256       __unlock_fhandle           1000e256 f   LIBCMT:osfinfo.obj
 0001:0000d278       __alloc_osfhnd             1000e278 f   LIBCMT:osfinfo.obj
 0001:0000d3f4       ___tolower_mt              1000e3f4 f   LIBCMT:tolower.obj
 0001:0000d4c0       ___ascii_strnicmp          1000e4c0 f   LIBCMT:_strnicm.obj
 0001:0000d521       _strdup                    1000e521 f   LIBCMT:strdup.obj
 0001:0000d521       __strdup                   1000e521 f   LIBCMT:strdup.obj
 0001:0000d54c       _RtlUnwind@16              1000e54c f   kernel32:KERNEL32.dll
 0001:0000d552       __read_lk                  1000e552 f   LIBCMT:read.obj
 0001:0000d72d       _read                      1000e72d f   LIBCMT:read.obj
 0001:0000d72d       __read                     1000e72d f   LIBCMT:read.obj
 0001:0000dabf       __open                     1000eabf f   LIBCMT:open.obj
 0001:0000dabf       _open                      1000eabf f   LIBCMT:open.obj
 0001:0000db14       __chsize_lk                1000eb14 f   LIBCMT:chsize.obj
 0001:0000dc55       __setmode_lk               1000ec55 f   LIBCMT:setmode.obj
 0002:00000000       __imp__WideCharToMultiByte@32 1000f000     kernel32:KERNEL32.dll
 0002:00000004       __imp__MultiByteToWideChar@24 1000f004     kernel32:KERNEL32.dll
 0002:00000008       __imp__GetACP@0            1000f008     kernel32:KERNEL32.dll
 0002:0000000c       __imp__GetLocaleInfoA@16   1000f00c     kernel32:KERNEL32.dll
 0002:00000010       __imp__GetUserDefaultLCID@0 1000f010     kernel32:KERNEL32.dll
 0002:00000014       __imp__IsDBCSLeadByte@4    1000f014     kernel32:KERNEL32.dll
 0002:00000018       __imp__GetLastError@0      1000f018     kernel32:KERNEL32.dll
 0002:0000001c       __imp__FindClose@4         1000f01c     kernel32:KERNEL32.dll
 0002:00000020       __imp__FindFirstFileA@8    1000f020     kernel32:KERNEL32.dll
 0002:00000024       __imp__HeapFree@12         1000f024     kernel32:KERNEL32.dll
 0002:00000028       __imp__HeapAlloc@12        1000f028     kernel32:KERNEL32.dll
 0002:0000002c       __imp__HeapReAlloc@16      1000f02c     kernel32:KERNEL32.dll
 0002:00000030       __imp__EnterCriticalSection@4 1000f030     kernel32:KERNEL32.dll
 0002:00000034       __imp__LeaveCriticalSection@4 1000f034     kernel32:KERNEL32.dll
 0002:00000038       __imp__GetModuleFileNameA@12 1000f038     kernel32:KERNEL32.dll
 0002:0000003c       __imp__GetFullPathNameA@16 1000f03c     kernel32:KERNEL32.dll
 0002:00000040       __imp__GetCurrentThreadId@0 1000f040     kernel32:KERNEL32.dll
 0002:00000044       __imp__GetCommandLineA@0   1000f044     kernel32:KERNEL32.dll
 0002:00000048       __imp__GetVersionExA@4     1000f048     kernel32:KERNEL32.dll
 0002:0000004c       __imp__HeapDestroy@4       1000f04c     kernel32:KERNEL32.dll
 0002:00000050       __imp__HeapCreate@12       1000f050     kernel32:KERNEL32.dll
 0002:00000054       __imp__VirtualFree@12      1000f054     kernel32:KERNEL32.dll
 0002:00000058       __imp__DeleteCriticalSection@4 1000f058     kernel32:KERNEL32.dll
 0002:0000005c       __imp__VirtualAlloc@16     1000f05c     kernel32:KERNEL32.dll
 0002:00000060       __imp__TlsAlloc@0          1000f060     kernel32:KERNEL32.dll
 0002:00000064       __imp__SetLastError@4      1000f064     kernel32:KERNEL32.dll
 0002:00000068       __imp__TlsFree@4           1000f068     kernel32:KERNEL32.dll
 0002:0000006c       __imp__TlsSetValue@8       1000f06c     kernel32:KERNEL32.dll
 0002:00000070       __imp__TlsGetValue@4       1000f070     kernel32:KERNEL32.dll
 0002:00000074       __imp__GetProcAddress@8    1000f074     kernel32:KERNEL32.dll
 0002:00000078       __imp__GetModuleHandleA@4  1000f078     kernel32:KERNEL32.dll
 0002:0000007c       __imp__SetHandleCount@4    1000f07c     kernel32:KERNEL32.dll
 0002:00000080       __imp__GetStdHandle@4      1000f080     kernel32:KERNEL32.dll
 0002:00000084       __imp__GetFileType@4       1000f084     kernel32:KERNEL32.dll
 0002:00000088       __imp__GetStartupInfoA@4   1000f088     kernel32:KERNEL32.dll
 0002:0000008c       __imp__ExitProcess@4       1000f08c     kernel32:KERNEL32.dll
 0002:00000090       __imp__TerminateProcess@8  1000f090     kernel32:KERNEL32.dll
 0002:00000094       __imp__GetCurrentProcess@0 1000f094     kernel32:KERNEL32.dll
 0002:00000098       __imp__LoadLibraryA@4      1000f098     kernel32:KERNEL32.dll
 0002:0000009c       __imp__LCMapStringA@24     1000f09c     kernel32:KERNEL32.dll
 0002:000000a0       __imp__LCMapStringW@24     1000f0a0     kernel32:KERNEL32.dll
 0002:000000a4       __imp__GetDriveTypeA@4     1000f0a4     kernel32:KERNEL32.dll
 0002:000000a8       __imp__GetCurrentDirectoryA@8 1000f0a8     kernel32:KERNEL32.dll
 0002:000000ac       __imp__FreeEnvironmentStringsA@4 1000f0ac     kernel32:KERNEL32.dll
 0002:000000b0       __imp__GetEnvironmentStrings@0 1000f0b0     kernel32:KERNEL32.dll
 0002:000000b4       __imp__FreeEnvironmentStringsW@4 1000f0b4     kernel32:KERNEL32.dll
 0002:000000b8       __imp__GetEnvironmentStringsW@0 1000f0b8     kernel32:KERNEL32.dll
 0002:000000bc       __imp__UnhandledExceptionFilter@4 1000f0bc     kernel32:KERNEL32.dll
 0002:000000c0       __imp__WriteFile@20        1000f0c0     kernel32:KERNEL32.dll
 0002:000000c4       __imp__InitializeCriticalSection@4 1000f0c4     kernel32:KERNEL32.dll
 0002:000000c8       __imp__RtlUnwind@16        1000f0c8     kernel32:KERNEL32.dll
 0002:000000cc       __imp__InterlockedExchange@8 1000f0cc     kernel32:KERNEL32.dll
 0002:000000d0       __imp__VirtualQuery@12     1000f0d0     kernel32:KERNEL32.dll
 0002:000000d4       __imp__GetStringTypeA@20   1000f0d4     kernel32:KERNEL32.dll
 0002:000000d8       __imp__GetStringTypeW@16   1000f0d8     kernel32:KERNEL32.dll
 0002:000000dc       __imp__GetCPInfo@8         1000f0dc     kernel32:KERNEL32.dll
 0002:000000e0       __imp__GetOEMCP@0          1000f0e0     kernel32:KERNEL32.dll
 0002:000000e4       __imp__FlushFileBuffers@4  1000f0e4     kernel32:KERNEL32.dll
 0002:000000e8       __imp__QueryPerformanceCounter@4 1000f0e8     kernel32:KERNEL32.dll
 0002:000000ec       __imp__GetTickCount@0      1000f0ec     kernel32:KERNEL32.dll
 0002:000000f0       __imp__GetCurrentProcessId@0 1000f0f0     kernel32:KERNEL32.dll
 0002:000000f4       __imp__GetSystemTimeAsFileTime@4 1000f0f4     kernel32:KERNEL32.dll
 0002:000000f8       __imp__VirtualProtect@16   1000f0f8     kernel32:KERNEL32.dll
 0002:000000fc       __imp__GetSystemInfo@4     1000f0fc     kernel32:KERNEL32.dll
 0002:00000100       __imp__SetFilePointer@16   1000f100     kernel32:KERNEL32.dll
 0002:00000104       __imp__CloseHandle@4       1000f104     kernel32:KERNEL32.dll
 0002:00000108       __imp__HeapSize@12         1000f108     kernel32:KERNEL32.dll
 0002:0000010c       __imp__SetStdHandle@8      1000f10c     kernel32:KERNEL32.dll
 0002:00000110       __imp__ReadFile@20         1000f110     kernel32:KERNEL32.dll
 0002:00000114       __imp__CreateFileA@28      1000f114     kernel32:KERNEL32.dll
 0002:00000118       __imp__SetEndOfFile@4      1000f118     kernel32:KERNEL32.dll
 0002:0000011c       \177KERNEL32_NULL_THUNK_DATA 1000f11c     kernel32:KERNEL32.dll
 0002:0000013c       ??_C@_04LOAJBDKD@true?$AA@ 1000f13c     InvocationAdapter.obj
 0002:00000144       ??_C@_0CD@ONCIGEJ@Can?9Maintain?9Original?9Method?9Ord@ 1000f144     InvocationAdapter.obj
 0002:00000168       ??_C@_0BN@GGMNHHCI@Can?9Set?9Native?9Method?9Prefix?$AA@ 1000f168     InvocationAdapter.obj
 0002:00000188       ??_C@_0BI@DOGNCBOD@Can?9Retransform?9Classes?$AA@ 1000f188     InvocationAdapter.obj
 0002:000001a0       ??_C@_0BF@MPBBPFEA@Can?9Redefine?9Classes?$AA@ 1000f1a0     InvocationAdapter.obj
 0002:000001b8       ??_C@_0CA@BILEKGHH@processing?5of?5?9javaagent?5failed?$AA@ 1000f1b8     InvocationAdapter.obj
 0002:000001d8       ??_C@_0BJ@CALIJBCB@segments?5?$CB?$DN?5?$CIchar?$CK?$CK?$CJNULL?$AA@ 1000f1d8     InvocationAdapter.obj
 0002:000001f4       ??_C@_0DC@DMMJLNNN@?4?4?1?4?4?1?4?4?1src?1share?1instrument?1In@ 1000f1f4     InvocationAdapter.obj
 0002:00000228       ??_C@_01GBGANLPD@0?$AA@    1000f228     InvocationAdapter.obj
 0002:00000230       ??_C@_0GC@LFNBLJED@System?5class?5loader?5does?5not?5sup@ 1000f230     InvocationAdapter.obj
 0002:00000298       ??_C@_0EA@GNNEHPOG@Unexpected?5error?5?$CI?$CFd?$CJ?5returned?5b@ 1000f298     InvocationAdapter.obj
 0002:000002d8       ??_C@_0BI@GCGOKABC@err?5?$DN?$DN?5JVMTI_ERROR_NONE?$AA@ 1000f2d8     InvocationAdapter.obj
 0002:000002f0       ??_C@_0CC@HMBHOALF@Illegal?5argument?5or?5not?5JAR?5file@ 1000f2f0     InvocationAdapter.obj
 0002:00000314       ??_C@_0BG@IPMFCDFJ@Unexpected?5error?3?5?$CFd?6?$AA@ 1000f314     InvocationAdapter.obj
 0002:0000032c       ??_C@_0DJ@BINIAAK@WARNING?3?5?$CFs?5not?5added?5to?5bootstr@ 1000f32c     InvocationAdapter.obj
 0002:00000368       ??_C@_0BG@LFGEPDCD@parent?5?$CB?$DN?5?$CIchar?$CK?$CJNULL?$AA@ 1000f368     InvocationAdapter.obj
 0002:00000380       ??_C@_0CE@BMNGMKPL@WARNING?3?5unable?5to?5canonicalize?5@ 1000f380     InvocationAdapter.obj
 0002:000003a4       ??_C@_0BL@EGNHKKEM@?$CIvoid?$CK?$CJpath?5?$CB?$DN?5?$CIvoid?$CK?$CJNULL?$AA@ 1000f3a4     InvocationAdapter.obj
 0002:000003c0       ??_C@_0DJ@KAMKBHCJ@WARNING?3?5illegal?5character?5in?5Bo@ 1000f3c0     InvocationAdapter.obj
 0002:000003fc       ??_C@_0BE@JIIENKGJ@path?5?$CB?$DN?5?$CIchar?$CK?$CJNULL?$AA@ 1000f3fc     InvocationAdapter.obj
 0002:00000410       ??_C@_0DO@FCLCEKPM@java?4lang?4instrument?1?9javaagent?3@ 1000f410     InvocationAdapter.obj
 0002:00000450       ??_C@_0EJ@MNINEPDM@java?4lang?4instrument?1?9javaagent?3@ 1000f450     InvocationAdapter.obj
 0002:0000049c       ??_C@_0DG@GEFLELM@java?4lang?4instrument?1?9javaagent?3@ 1000f49c     InvocationAdapter.obj
 0002:000004d4       ??_C@_0CI@DPANPEKD@?9javaagent?3?5agent?5class?5not?5spec@ 1000f4d4     InvocationAdapter.obj
 0002:000004fc       ??_C@_0DA@KPCNALNC@java?4lang?4instrument?1?9javaagent?3@ 1000f4fc     InvocationAdapter.obj
 0002:0000052c       ??_C@_0BA@EEOHCMMC@Boot?9Class?9Path?$AA@ 1000f52c     InvocationAdapter.obj
 0002:0000053c       ??_C@_0CG@MGGAPOHH@?9javaagent?3?5memory?5allocation?5fa@ 1000f53c     InvocationAdapter.obj
 0002:00000564       ??_C@_0DH@NNDEJOON@Failed?5to?5find?5Premain?9Class?5man@ 1000f564     InvocationAdapter.obj
 0002:0000059c       ??_C@_0O@FJIJHIPN@Premain?9Class?$AA@ 1000f59c     InvocationAdapter.obj
 0002:000005ac       ??_C@_0DF@GEAEBGFM@Error?5opening?5zip?5file?5or?5JAR?5ma@ 1000f5ac     InvocationAdapter.obj
 0002:000005e4       ??_C@_0CI@HNHEPCMG@?9javaagent?3?5memory?5allocation?5fa@ 1000f5e4     InvocationAdapter.obj
 0002:0000060c       ??_C@_0BI@FNNMMHD@Agent?5failed?5to?5start?$CB?6?$AA@ 1000f60c     InvocationAdapter.obj
 0002:00000624       ??_C@_07IPNMCAN@success?$AA@ 1000f624     InvocationAdapter.obj
 0002:00000630       ??_C@_0GG@HGIJBLPF@Unable?5to?5add?5?$CFs?5to?5system?5class@ 1000f630     InvocationAdapter.obj
 0002:00000698       ??_C@_0DH@DADPHJGN@Failed?5to?5find?5Agent?9Class?5manif@ 1000f698     InvocationAdapter.obj
 0002:000006d0       ??_C@_0M@HHCNJNFE@Agent?9Class?$AA@ 1000f6d0     InvocationAdapter.obj
 0002:000006dc       ??_C@_0DE@KGGELLFG@Error?5opening?5zip?5file?5or?5JAR?5ma@ 1000f6dc     InvocationAdapter.obj
 0002:00000710       ??_C@_0P@CKGKOICP@result?$DN?$DNJNI_OK?$AA@ 1000f710     InvocationAdapter.obj
 0002:00000720       ??_C@_0CD@EAGMGAOH@environment?9?$DOmJVMTIEnv?5?$DN?$DN?5jvmtie@ 1000f720     JPLISAgent.obj
 0002:00000744       ??_C@_0BE@JEGDIMFH@environment?5?$CB?$DN?5NULL?$AA@ 1000f744     JPLISAgent.obj
 0002:00000758       ??_C@_0BP@JFPONFCF@jvmtierror?5?$DN?$DN?5JVMTI_ERROR_NONE?$AA@ 1000f758     JPLISAgent.obj
 0002:00000778       ??_C@_0CL@DAELLLBE@?4?4?1?4?4?1?4?4?1src?1share?1instrument?1JP@ 1000f778     JPLISAgent.obj
 0002:000007a4       ??_C@_0BO@LKBEMJID@can?8t?5find?5transform?5methodID?$AA@ 1000f7a4     JPLISAgent.obj
 0002:000007c4       ??_C@_09IFONHNKG@transform?$AA@ 1000f7c4     JPLISAgent.obj
 0002:000007d0       ??_C@_0GC@CPEKEAKP@?$CILjava?1lang?1ClassLoader?$DLLjava?1la@ 1000f7d0     JPLISAgent.obj
 0002:00000834       ??_C@_0CG@DOGNAPEF@can?8t?5find?5agentmain?5invoker?5met@ 1000f834     JPLISAgent.obj
 0002:0000085c       ??_C@_0BK@JAOFMOJK@loadClassAndCallAgentmain?$AA@ 1000f85c     JPLISAgent.obj
 0002:00000878       ??_C@_0CE@KECKFJKE@can?8t?5find?5premain?5invoker?5metho@ 1000f878     JPLISAgent.obj
 0002:0000089c       ??_C@_0BI@MHLLCGNO@loadClassAndCallPremain?$AA@ 1000f89c     JPLISAgent.obj
 0002:000008b4       ??_C@_0CI@HEGLGDKJ@?$CILjava?1lang?1String?$DLLjava?1lang?1St@ 1000f8b4     JPLISAgent.obj
 0002:000008dc       ??_C@_0BN@KICHEFJM@copy?5local?5ref?5to?5global?5ref?$AA@ 1000f8dc     JPLISAgent.obj
 0002:000008fc       ??_C@_0CP@HELLCCDH@call?5constructor?5on?5Instrumentat@ 1000f8fc     JPLISAgent.obj
 0002:0000092c       ??_C@_0CP@DNJEEBBF@find?5constructor?5on?5Instrumentat@ 1000f92c     JPLISAgent.obj
 0002:0000095c       ??_C@_06FALKBLGB@?$DMinit?$DO?$AA@ 1000f95c     JPLISAgent.obj
 0002:00000964       ??_C@_06DNGMMBGB@?$CIJZZ?$CJV?$AA@ 1000f964     JPLISAgent.obj
 0002:0000096c       ??_C@_0BC@NFAEECCL@?$CBerrorOutstanding?$AA@ 1000f96c     JPLISAgent.obj
 0002:00000980       ??_C@_0CJ@HOIGMIGF@find?5class?5on?5InstrumentationImp@ 1000f980     JPLISAgent.obj
 0002:000009ac       ??_C@_0CD@FJABNFOF@sun?1instrument?1InstrumentationIm@ 1000f9ac     JPLISAgent.obj
 0002:000009d0       ??_C@_0CB@GCBHBCEC@can?8t?5create?5options?5java?5string@ 1000f9d0     JPLISAgent.obj
 0002:000009f4       ??_C@_0CE@NNNMFAHP@can?8t?5create?5class?5name?5java?5str@ 1000f9f4     JPLISAgent.obj
 0002:00000a18       ??_C@_0BK@OLJIPBJG@mainCallingMethod?5?$CB?$DN?5NULL?$AA@ 1000fa18     JPLISAgent.obj
 0002:00000a38       ??_C@_0EK@NBNNLAGF@jvmtierror?5?$DN?$DN?5JVMTI_ERROR_NONE?5?$HM@ 1000fa38     JPLISAgent.obj
 0002:00000a84       ??_C@_0BM@CLGDMLIA@can?8t?5get?5byte?5array?5region?$AA@ 1000fa84     JPLISAgent.obj
 0002:00000aa0       ??_C@_0BN@KNPJDEBO@can?8t?5allocate?5result?5buffer?$AA@ 1000faa0     JPLISAgent.obj
 0002:00000ac0       ??_C@_0BH@DDPAAIBF@can?8t?5get?5array?5length?$AA@ 1000fac0     JPLISAgent.obj
 0002:00000ad8       ??_C@_0BN@JDJGIEH@transform?5method?5call?5failed?$AA@ 1000fad8     JPLISAgent.obj
 0002:00000af8       ??_C@_0BK@GEFGBHIE@agent?9?$DOmTransform?5?$CB?$DN?5NULL?$AA@ 1000faf8     JPLISAgent.obj
 0002:00000b14       ??_C@_0CE@NCFBINFF@agent?9?$DOmInstrumentationImpl?5?$CB?$DN?5N@ 1000fb14     JPLISAgent.obj
 0002:00000b38       ??_C@_0BM@NODFBCMB@can?8t?5set?5byte?5array?5region?$AA@ 1000fb38     JPLISAgent.obj
 0002:00000b54       ??_C@_0BI@PGLGLBA@can?8t?5create?5byte?5arrau?$AA@ 1000fb54     JPLISAgent.obj
 0002:00000b6c       ??_C@_0BJ@OFPEOMG@can?8t?5create?5name?5string?$AA@ 1000fb6c     JPLISAgent.obj
 0002:00000b88       ??_C@_0DA@MJOAEAPC@java?1lang?1instrument?1Unmodifiabl@ 1000fb88     JPLISAgent.obj
 0002:00000bb8       ??_C@_0CB@KCPANAMN@java?1lang?1ClassNotFoundException@ 1000fbb8     JPLISAgent.obj
 0002:00000bdc       ??_C@_0CF@PBJJFPHF@?$CBisUnchecked?$CIjnienv?0?5throwableTo@ 1000fbdc     JPLISAgent.obj
 0002:00000c04       ??_C@_0BK@JCFBFKNG@isSafeForJNICalls?$CIjnienv?$CJ?$AA@ 1000fc04     JPLISAgent.obj
 0002:00000c20       ??_C@_0BD@BNJLEHDL@localArray?5?$CB?$DN?5NULL?$AA@ 1000fc20     JPLISAgent.obj
 0002:00000c34       ??_C@_0CD@NMCFBNHK@NewObjectArray?5returned?5null?5arr@ 1000fc34     JPLISAgent.obj
 0002:00000c58       ??_C@_0BI@JLMJJPLE@classArrayClass?5?$CB?$DN?5NULL?$AA@ 1000fc58     JPLISAgent.obj
 0002:00000c70       ??_C@_0BO@GBLMHFAI@FindClass?5returned?5null?5class?$AA@ 1000fc70     JPLISAgent.obj
 0002:00000c90       ??_C@_0BA@JJLOPNCP@java?1lang?1Class?$AA@ 1000fc90     JPLISAgent.obj
 0002:00000ca0       ??_C@_0CI@MJAJKCDF@jvmtierror?5?$DN?$DN?5JVMTI_ERROR_NOT_AV@ 1000fca0     JPLISAgent.obj
 0002:00000cc8       ??_C@_0BJ@EJCHPAPK@retransformerEnv?5?$CB?$DN?5NULL?$AA@ 1000fcc8     JPLISAgent.obj
 0002:00000ce4       ??_C@_0P@IBHCMEIB@?$CBerrorOccurred?$AA@ 1000fce4     JPLISAgent.obj
 0002:00000cf4       ??_C@_0BA@DKKKAEPC@classes?5?$CB?$DN?5NULL?$AA@ 1000fcf4     JPLISAgent.obj
 0002:00000d04       ??_C@_0BH@FOGLHNOO@getDefinitionClassFile?$AA@ 1000fd04     JPLISAgent.obj
 0002:00000d1c       ??_C@_04LHPAGAEF@?$CI?$CJ?$FLB?$AA@ 1000fd1c     JPLISAgent.obj
 0002:00000d24       ??_C@_0BD@FFKMDMBN@getDefinitionClass?$AA@ 1000fd24     JPLISAgent.obj
 0002:00000d38       ??_C@_0BE@IIFEGCLG@?$CI?$CJLjava?1lang?1Class?$DL?$AA@ 1000fd38     JPLISAgent.obj
 0002:00000d4c       ??_C@_0CF@BGAIILOJ@java?1lang?1instrument?1ClassDefini@ 1000fd4c     JPLISAgent.obj
 0002:00000d74       ??_C@_0M@KGLONNBG@numDefs?5?$DO?50?$AA@ 1000fd74     JPLISAgent.obj
 0002:00000d80       ??_C@_0BJ@NGKAGHPG@classDefinitions?5?$CB?$DN?5NULL?$AA@ 1000fd80     JPLISAgent.obj
 0002:00000d9c       ??_C@_0BE@NLJNCPBN@prefixArray?5?$CB?$DN?5NULL?$AA@ 1000fd9c     JPLISAgent.obj
 0002:00000db0       ??_C@_06KJFADLGN@result?$AA@ 1000fdb0     JPLISAgent.obj
 0002:00000db8       ??_C@_0EE@FPMMKFJK@?$CK?$CK?$CK?5java?4lang?4instrument?5ASSERTI@ 1000fdb8     JPLISAssert.obj
 0002:00000e00       ??_C@_0FE@HCMNEDKA@?$CK?$CK?$CK?5java?4lang?4instrument?5ASSERTI@ 1000fe00     JPLISAssert.obj
 0002:00000e54       ??_C@_0BL@IONOAEOO@java?1lang?1RuntimeException?$AA@ 1000fe54     JavaExceptions.obj
 0002:00000e70       ??_C@_0BA@NOLMKEPF@java?1lang?1Error?$AA@ 1000fe70     JavaExceptions.obj
 0002:00000e80       ??_C@_0CP@LFJNJIKP@?4?4?1?4?4?1?4?4?1src?1share?1instrument?1Ja@ 1000fe80     JavaExceptions.obj
 0002:00000eb0       ??_C@_0BB@EJBOEPOM@result?5?$DN?$DN?5JNI_OK?$AA@ 1000feb0     JavaExceptions.obj
 0002:00000ec4       ??_C@_0CC@GKBBLNKJ@throwThrowable?5failed?5to?5re?9thro@ 1000fec4     JavaExceptions.obj
 0002:00000ee8       ??_C@_0BG@IKDDPPGD@?$CILjava?1lang?1String?$DL?$CJV?$AA@ 1000fee8     JavaExceptions.obj
 0002:00000f00       ??_C@_0BC@HKCJMFCP@className?5?$CB?$DN?5NULL?$AA@ 1000ff00     JavaExceptions.obj
 0002:00000f14       ??_C@_0BI@NBLNIHIB@java?1lang?1InternalError?$AA@ 1000ff14     JavaExceptions.obj
 0002:00000f2c       ??_C@_0CD@MOHADDFA@java?1lang?1IllegalArgumentExcepti@ 1000ff2c     JavaExceptions.obj
 0002:00000f50       ??_C@_0BG@JKFIFBMN@unsupported?5operation?$AA@ 1000ff50     JavaExceptions.obj
 0002:00000f68       ??_C@_0BL@ENCPOIKC@java?1lang?1OutOfMemoryError?$AA@ 1000ff68     JavaExceptions.obj
 0002:00000f84       ??_C@_0BP@GJLHLAKJ@java?1lang?1NullPointerException?$AA@ 1000ff84     JavaExceptions.obj
 0002:00000fa4       ??_C@_0BI@MAPDCENK@class?5names?5don?8t?5match?$AA@ 1000ffa4     JavaExceptions.obj
 0002:00000fbc       ??_C@_0BP@NAHGIHIH@java?1lang?1NoClassDefFoundError?$AA@ 1000ffbc     JavaExceptions.obj
 0002:00000fe0       ??_C@_0ED@PPHPPFFE@class?5redefinition?5failed?3?5attem@ 1000ffe0     JavaExceptions.obj
 0002:00001028       ??_C@_0EA@INKOHMMN@class?5redefinition?5failed?3?5attem@ 10010028     JavaExceptions.obj
 0002:00001068       ??_C@_0CH@DNCLOIOF@java?1lang?1UnsupportedClassVersio@ 10010068     JavaExceptions.obj
 0002:00001090       ??_C@_0EO@LOHFEPOO@class?5redefinition?5failed?3?5attem@ 10010090     JavaExceptions.obj
 0002:000010e0       ??_C@_0EI@PJGIIEAK@class?5redefinition?5failed?3?5attem@ 100100e0     JavaExceptions.obj
 0002:00001128       ??_C@_0DI@KJLEIONK@class?5redefinition?5failed?3?5attem@ 10010128     JavaExceptions.obj
 0002:00001160       ??_C@_0DF@IFGMNJBO@class?5redefinition?5failed?3?5attem@ 10010160     JavaExceptions.obj
 0002:00001198       ??_C@_0CI@LDDEGNGM@java?1lang?1UnsupportedOperationEx@ 10010198     JavaExceptions.obj
 0002:000011c0       ??_C@_0CD@LAOKENHO@can?8t?5create?5exception?5java?5stri@ 100101c0     JavaExceptions.obj
 0002:000011e4       ??_C@_0CJ@DNCKJBBE@class?5redefinition?5failed?3?5inval@ 100101e4     JavaExceptions.obj
 0002:00001210       ??_C@_0BL@EEAIAIEG@java?1lang?1ClassFormatError?$AA@ 10010210     JavaExceptions.obj
 0002:0000122c       ??_C@_0CA@OCDKFHGJ@java?1lang?1ClassCircularityError?$AA@ 1001022c     JavaExceptions.obj
 0002:0000124c       ??_C@_0BG@FNCILCAN@java?1lang?1VerifyError?$AA@ 1001024c     JavaExceptions.obj
 0002:00001264       ??_C@_08JCDFGHAO@toString?$AA@ 10010264     JavaExceptions.obj
 0002:00001270       ??_C@_0BF@FOHFOJOB@?$CI?$CJLjava?1lang?1String?$DL?$AA@ 10010270     JavaExceptions.obj
 0002:00001288       ??_C@_0BH@EKGMOCH@throwableToMap?5?$CB?$DN?5NULL?$AA@ 10010288     JavaExceptions.obj
 0002:000012a0       ??_C@_02DKJMBEPB@?$DL?1?$AA@ 100102a0     PathCharsValidator.obj
 0002:000012a4       ??_C@_07DDNJCNOL@?3?$EA?$CG?$DN?$CL$?0?$AA@ 100102a4     PathCharsValidator.obj
 0002:000012ac       ??_C@_09HLKPJHCC@?9_?4?$CB?$HO?$CK?8?$CI?$CJ?$AA@ 100102ac     PathCharsValidator.obj
 0002:000012b8       ??_C@_0BB@LLFPNPAC@test?5?$DN?$DN?5expected?$AA@ 100102b8     Reentrancy.obj
 0002:000012cc       ??_C@_0BK@PPCACBKK@error?5?$DN?$DN?5JVMTI_ERROR_NONE?$AA@ 100102cc     Reentrancy.obj
 0002:000012e8       ??_C@_0CL@OMKKEECN@?4?4?1?4?4?1?4?4?1src?1share?1instrument?1Re@ 100102e8     Reentrancy.obj
 0002:00001314       ??_C@_0CK@FBPHPNPB@?4?4?1?4?4?1?4?4?1src?1share?1instrument?1Ut@ 10010314     Utilities.obj
 0002:00001340       ??_C@_0BI@NNKHJJFO@Can?8t?5deallocate?5memory?$AA@ 10010340     Utilities.obj
 0002:00001358       ??_C@_0N@KJJILAPP@?$CKsrc?5?$DN?$DN?5?8?2?2?8?$AA@ 10010358     canonicalize_md.obj
 0002:00001368       ??_C@_0DG@LJKIFFOM@?4?4?1?4?4?1?4?4?1src?1windows?1native?1java@ 10010368     canonicalize_md.obj
 0002:000013a0       ??_C@_0BF@LACNODFI@META?9INF?1MANIFEST?4MF?$AA@ 100103a0     jli:parse_manifest.obj
 0002:000013b8       ??_C@_0M@PMDOIAEH@1?41?43?4f?9jdk?$AA@ 100103b8     jli:parse_manifest.obj
 0002:000013c4       ??_C@_02LIIHNNHG@?6?$AN?$AA@ 100103c4     jli:parse_manifest.obj
 0002:000013cc       ??_C@_0BA@MOKMMFOD@need?5dictionary?$AA@ 100103cc     jli:inflate.obj
 0002:000013dc       ??_C@_0BF@MEIGEHBE@incorrect?5data?5check?$AA@ 100103dc     jli:inflate.obj
 0002:000013f4       ??_C@_0BH@LIBMMIGA@incorrect?5header?5check?$AA@ 100103f4     jli:inflate.obj
 0002:0000140c       ??_C@_0BE@EMOGCLGO@invalid?5window?5size?$AA@ 1001040c     jli:inflate.obj
 0002:00001420       ??_C@_0BL@IHKGDAEE@unknown?5compression?5method?$AA@ 10010420     jli:inflate.obj
 0002:0000148c       ??_C@_0BK@BMMPFBBH@invalid?5bit?5length?5repeat?$AA@ 1001048c     jli:infblock.obj
 0002:000014a8       ??_C@_0CE@GMIGFPBB@too?5many?5length?5or?5distance?5symb@ 100104a8     jli:infblock.obj
 0002:000014cc       ??_C@_0BN@LGAADGOK@invalid?5stored?5block?5lengths?$AA@ 100104cc     jli:infblock.obj
 0002:000014ec       ??_C@_0BD@PJCBIDD@invalid?5block?5type?$AA@ 100104ec     jli:infblock.obj
 0002:00001500       ??_C@_0BF@CJFPCCEG@incompatible?5version?$AA@ 10010500     jli:zutil.obj
 0002:00001518       ??_C@_0N@DFPGLBGC@buffer?5error?$AA@ 10010518     jli:zutil.obj
 0002:00001528       ??_C@_0BE@OGGJBMCE@insufficient?5memory?$AA@ 10010528     jli:zutil.obj
 0002:0000153c       ??_C@_0L@HAHMBNLP@data?5error?$AA@ 1001053c     jli:zutil.obj
 0002:00001548       ??_C@_0N@MKKNPMJD@stream?5error?$AA@ 10010548     jli:zutil.obj
 0002:00001558       ??_C@_0L@KIJFAKBJ@file?5error?$AA@ 10010558     jli:zutil.obj
 0002:00001563       ??_C@_00CNPNBAHC@?$AA@     10010563     jli:zutil.obj
 0002:00001564       ??_C@_0L@FNAOCBOG@stream?5end?$AA@ 10010564     jli:zutil.obj
 0002:00001570       ??_C@_0BG@LBKINIKP@invalid?5distance?5code?$AA@ 10010570     jli:infcodes.obj
 0002:00001588       ??_C@_0BM@FFFLPBBC@invalid?5literal?1length?5code?$AA@ 10010588     jli:infcodes.obj
 0002:000015a8       _inflate_copyright         100105a8     jli:inftrees.obj
 0002:000017d0       ??_C@_0CE@LOHAHEGK@incomplete?5dynamic?5bit?5lengths?5t@ 100107d0     jli:inftrees.obj
 0002:000017f4       ??_C@_0CI@CGMOPDPD@oversubscribed?5dynamic?5bit?5lengt@ 100107f4     jli:inftrees.obj
 0002:0000181c       ??_C@_0BP@NEEEJJNA@incomplete?5literal?1length?5tree?$AA@ 1001081c     jli:inftrees.obj
 0002:0000183c       ??_C@_0CD@GJIDGCKE@oversubscribed?5literal?1length?5tr@ 1001083c     jli:inftrees.obj
 0002:00001860       ??_C@_0CB@KPKKKLFO@empty?5distance?5tree?5with?5lengths@ 10010860     jli:inftrees.obj
 0002:00001884       ??_C@_0BJ@CBCPDPJF@incomplete?5distance?5tree?$AA@ 10010884     jli:inftrees.obj
 0002:000018a0       ??_C@_0BN@KBLCDIAI@oversubscribed?5distance?5tree?$AA@ 100108a0     jli:inftrees.obj
 0002:0000190c       ??_C@_02PHMGELLB@?6?6?$AA@ 1001090c     LIBCMT:assert.obj
 0002:00001910       ??_C@_01EEMJAFIK@?6?$AA@   10010910     LIBCMT:assert.obj
 0002:00001914       ??_C@_03KHICJKCI@?4?4?4?$AA@ 10010914     LIBCMT:assert.obj
 0002:00001918       ??_C@_0CF@GOGNBNAK@Microsoft?5Visual?5C?$CL?$CL?5Runtime?5Lib@ 10010918     LIBCMT:assert.obj
 0002:00001940       ??_C@_0DN@EBBNMLME@?$CIPress?5Retry?5to?5debug?5the?5applic@ 10010940     LIBCMT:assert.obj
 0002:00001980       ??_C@_0HA@OJHAGA@For?5information?5on?5how?5your?5prog@ 10010980     LIBCMT:assert.obj
 0002:000019f0       ??_C@_0N@MEECIJGN@Expression?3?5?$AA@ 100109f0     LIBCMT:assert.obj
 0002:00001a00       ??_C@_06FIEBOLOH@Line?3?5?$AA@ 10010a00     LIBCMT:assert.obj
 0002:00001a08       ??_C@_06IGPBOHMJ@File?3?5?$AA@ 10010a08     LIBCMT:assert.obj
 0002:00001a10       ??_C@_0BH@DNAGHKFM@?$DMprogram?5name?5unknown?$DO?$AA@ 10010a10     LIBCMT:assert.obj
 0002:00001a28       ??_C@_09KLGCKDOD@Program?3?5?$AA@ 10010a28     LIBCMT:assert.obj
 0002:00001a34       ??_C@_0BC@LAIDCHCH@Assertion?5failed?$CB?$AA@ 10010a34     LIBCMT:assert.obj
 0002:00001c10       ??_C@_07PEJMOBNF@FlsFree?$AA@ 10010c10     LIBCMT:tidtable.obj
 0002:00001c18       ??_C@_0M@JCPCPOEF@FlsSetValue?$AA@ 10010c18     LIBCMT:tidtable.obj
 0002:00001c24       ??_C@_0M@GDNOONDI@FlsGetValue?$AA@ 10010c24     LIBCMT:tidtable.obj
 0002:00001c30       ??_C@_08KNHFBNJ@FlsAlloc?$AA@ 10010c30     LIBCMT:tidtable.obj
 0002:00001c3c       ??_C@_0N@MDJJJHMB@kernel32?4dll?$AA@ 10010c3c     LIBCMT:tidtable.obj
 0002:00001c50       ___lookuptable             10010c50     LIBCMT:output.obj
 0002:00001cac       ??_C@_1O@CEDCILHN@?$AA?$CI?$AAn?$AAu?$AAl?$AAl?$AA?$CJ?$AA?$AA@ 10010cac     LIBCMT:output.obj
 0002:00001cbc       ??_C@_06OJHGLDPL@?$CInull?$CJ?$AA@ 10010cbc     LIBCMT:output.obj
 0002:00001cd4       ??_C@_0P@MIGLKIOC@CorExitProcess?$AA@ 10010cd4     LIBCMT:crt0dat.obj
 0002:00001ce4       ??_C@_0M@MBOPBNBK@mscoree?4dll?$AA@ 10010ce4     LIBCMT:crt0dat.obj
 0002:00001d44       ??_C@_0BI@DFKBFLJE@GetProcessWindowStation?$AA@ 10010d44     LIBCMT:crtmbox.obj
 0002:00001d5c       ??_C@_0BK@CIDNPOGP@GetUserObjectInformationA?$AA@ 10010d5c     LIBCMT:crtmbox.obj
 0002:00001d78       ??_C@_0BD@HHGDFDBJ@GetLastActivePopup?$AA@ 10010d78     LIBCMT:crtmbox.obj
 0002:00001d8c       ??_C@_0BA@HNOPNCHB@GetActiveWindow?$AA@ 10010d8c     LIBCMT:crtmbox.obj
 0002:00001d9c       ??_C@_0M@CHKKJDAI@MessageBoxA?$AA@ 10010d9c     LIBCMT:crtmbox.obj
 0002:00001da8       ??_C@_0L@GMPLCCII@user32?4dll?$AA@ 10010da8     LIBCMT:crtmbox.obj
 0002:00001dc4       ??_C@_13NOLLCAOD@?$AA?$AA?$AA?$AA@ 10010dc4     LIBCMT:a_map.obj
 0002:00001e1c       ??_C@_0P@GGKDKEEG@runtime?5error?5?$AA@ 10010e1c     LIBCMT:crt0msg.obj
 0002:00001e2c       ??_C@_02PCIJFNDE@?$AN?6?$AA@ 10010e2c     LIBCMT:crt0msg.obj
 0002:00001e30       ??_C@_0O@MJNIPGOH@TLOSS?5error?$AN?6?$AA@ 10010e30     LIBCMT:crt0msg.obj
 0002:00001e40       ??_C@_0N@BONNPDHF@SING?5error?$AN?6?$AA@ 10010e40     LIBCMT:crt0msg.obj
 0002:00001e50       ??_C@_0P@MBDAJNE@DOMAIN?5error?$AN?6?$AA@ 10010e50     LIBCMT:crt0msg.obj
 0002:00001e60       ??_C@_0KC@BDDGGBEJ@R6029?$AN?6?9?5This?5application?5cannot@ 10010e60     LIBCMT:crt0msg.obj
 0002:00001f04       ??_C@_0CF@KJDAIALP@R6028?$AN?6?9?5unable?5to?5initialize?5he@ 10010f04     LIBCMT:crt0msg.obj
 0002:00001f2c       ??_C@_0DF@GAKBPDFP@R6027?$AN?6?9?5not?5enough?5space?5for?5lo@ 10010f2c     LIBCMT:crt0msg.obj
 0002:00001f64       ??_C@_0DF@IBLNNAIG@R6026?$AN?6?9?5not?5enough?5space?5for?5st@ 10010f64     LIBCMT:crt0msg.obj
 0002:00001f9c       ??_C@_0CG@IOHKGFNJ@R6025?$AN?6?9?5pure?5virtual?5function?5c@ 10010f9c     LIBCMT:crt0msg.obj
 0002:00001fc4       ??_C@_0DF@JIJJFJDC@R6024?$AN?6?9?5not?5enough?5space?5for?5_o@ 10010fc4     LIBCMT:crt0msg.obj
 0002:00001ffc       ??_C@_0CJ@EGEJHFME@R6019?$AN?6?9?5unable?5to?5open?5console?5@ 10010ffc     LIBCMT:crt0msg.obj
 0002:00002028       ??_C@_0CB@GNHNIELH@R6018?$AN?6?9?5unexpected?5heap?5error?$AN?6@ 10011028     LIBCMT:crt0msg.obj
 0002:0000204c       ??_C@_0CN@FOLDKNG@R6017?$AN?6?9?5unexpected?5multithread?5@ 1001104c     LIBCMT:crt0msg.obj
 0002:0000207c       ??_C@_0CM@FAHFJNHO@R6016?$AN?6?9?5not?5enough?5space?5for?5th@ 1001107c     LIBCMT:crt0msg.obj
 0002:000020a8       ??_C@_0JG@LBKMGKLD@?$AN?6This?5application?5has?5requested@ 100110a8     LIBCMT:crt0msg.obj
 0002:00002140       ??_C@_0CM@FLCNIPKK@R6009?$AN?6?9?5not?5enough?5space?5for?5en@ 10011140     LIBCMT:crt0msg.obj
 0002:0000216c       ??_C@_0CK@KMMJOAPP@R6008?$AN?6?9?5not?5enough?5space?5for?5ar@ 1001116c     LIBCMT:crt0msg.obj
 0002:00002198       ??_C@_0CF@HOHMHDEK@R6002?$AN?6?9?5floating?5point?5not?5load@ 10011198     LIBCMT:crt0msg.obj
 0002:000021c0       ??_C@_0BK@OFGJDLJJ@Runtime?5Error?$CB?6?6Program?3?5?$AA@ 100111c0     LIBCMT:crt0msg.obj
 0002:000021dc       ??_C@_0CG@PKBDLMEO@InitializeCriticalSectionAndSpin@ 100111dc     LIBCMT:initcrit.obj
 0002:00002224       ??_C@_08JCCMCCIL@HH?3mm?3ss?$AA@ 10011224     LIBCMT:strftime.obj
 0002:00002230       ??_C@_0BE@CKGJFCPC@dddd?0?5MMMM?5dd?0?5yyyy?$AA@ 10011230     LIBCMT:strftime.obj
 0002:00002244       ??_C@_08BPBNCDIB@MM?1dd?1yy?$AA@ 10011244     LIBCMT:strftime.obj
 0002:00002250       ??_C@_02CJNFDJBF@PM?$AA@   10011250     LIBCMT:strftime.obj
 0002:00002254       ??_C@_02DEDBPAFC@AM?$AA@   10011254     LIBCMT:strftime.obj
 0002:00002258       ??_C@_08EDHMEBNP@December?$AA@ 10011258     LIBCMT:strftime.obj
 0002:00002264       ??_C@_08HCHEGEOA@November?$AA@ 10011264     LIBCMT:strftime.obj
 0002:00002270       ??_C@_07JJNFCEND@October?$AA@ 10011270     LIBCMT:strftime.obj
 0002:00002278       ??_C@_09BHHEALKD@September?$AA@ 10011278     LIBCMT:strftime.obj
 0002:00002284       ??_C@_06LBBHFDDG@August?$AA@ 10011284     LIBCMT:strftime.obj
 0002:0000228c       ??_C@_04MIEPOIFP@July?$AA@ 1001128c     LIBCMT:strftime.obj
 0002:00002294       ??_C@_04CNLMGBGM@June?$AA@ 10011294     LIBCMT:strftime.obj
 0002:0000229c       ??_C@_05DMJDNLEJ@April?$AA@ 1001129c     LIBCMT:strftime.obj
 0002:000022a4       ??_C@_05HPCKOFNC@March?$AA@ 100112a4     LIBCMT:strftime.obj
 0002:000022ac       ??_C@_08GNJGEPFN@February?$AA@ 100112ac     LIBCMT:strftime.obj
 0002:000022b8       ??_C@_07CGJPFGJA@January?$AA@ 100112b8     LIBCMT:strftime.obj
 0002:000022c0       ??_C@_03MKABNOCG@Dec?$AA@  100112c0     LIBCMT:strftime.obj
 0002:000022c4       ??_C@_03JPJOFNIA@Nov?$AA@  100112c4     LIBCMT:strftime.obj
 0002:000022c8       ??_C@_03BMAOKBAD@Oct?$AA@  100112c8     LIBCMT:strftime.obj
 0002:000022cc       ??_C@_03GGCAPAJC@Sep?$AA@  100112cc     LIBCMT:strftime.obj
 0002:000022d0       ??_C@_03IFJFEIGA@Aug?$AA@  100112d0     LIBCMT:strftime.obj
 0002:000022d4       ??_C@_03LBGABGKK@Jul?$AA@  100112d4     LIBCMT:strftime.obj
 0002:000022d8       ??_C@_03IDFGHECI@Jun?$AA@  100112d8     LIBCMT:strftime.obj
 0002:000022dc       ??_C@_03CNMDKL@May?$AA@    100112dc     LIBCMT:strftime.obj
 0002:000022e0       ??_C@_03LEOLGMJP@Apr?$AA@  100112e0     LIBCMT:strftime.obj
 0002:000022e4       ??_C@_03ODNJBKGA@Mar?$AA@  100112e4     LIBCMT:strftime.obj
 0002:000022e8       ??_C@_03HJBDCHOM@Feb?$AA@  100112e8     LIBCMT:strftime.obj
 0002:000022ec       ??_C@_03JIHJHPIE@Jan?$AA@  100112ec     LIBCMT:strftime.obj
 0002:000022f0       ??_C@_08INBOOONO@Saturday?$AA@ 100112f0     LIBCMT:strftime.obj
 0002:000022fc       ??_C@_06JECMNKMI@Friday?$AA@ 100112fc     LIBCMT:strftime.obj
 0002:00002304       ??_C@_08HACCIKIA@Thursday?$AA@ 10011304     LIBCMT:strftime.obj
 0002:00002310       ??_C@_09DLIGFAKA@Wednesday?$AA@ 10011310     LIBCMT:strftime.obj
 0002:0000231c       ??_C@_07BAAGCFCM@Tuesday?$AA@ 1001131c     LIBCMT:strftime.obj
 0002:00002324       ??_C@_06JLEDEDGH@Monday?$AA@ 10011324     LIBCMT:strftime.obj
 0002:0000232c       ??_C@_06OOPIFAJ@Sunday?$AA@ 1001132c     LIBCMT:strftime.obj
 0002:00002334       ??_C@_03FEFJNEK@Sat?$AA@   10011334     LIBCMT:strftime.obj
 0002:00002338       ??_C@_03IDIOELNC@Fri?$AA@  10011338     LIBCMT:strftime.obj
 0002:0000233c       ??_C@_03IOFIKPDN@Thu?$AA@  1001133c     LIBCMT:strftime.obj
 0002:00002340       ??_C@_03MHOMLAJA@Wed?$AA@  10011340     LIBCMT:strftime.obj
 0002:00002344       ??_C@_03NAGEINEP@Tue?$AA@  10011344     LIBCMT:strftime.obj
 0002:00002348       ??_C@_03PDAGKDH@Mon?$AA@   10011348     LIBCMT:strftime.obj
 0002:0000234c       ??_C@_03KOEHGMDN@Sun?$AA@  1001134c     LIBCMT:strftime.obj
 0002:00002350       ___newctype                10011350     LIBCMT:ctype.obj
 0002:00002650       __wctype                   10011650     LIBCMT:ctype.obj
 0002:000028a8       ??_C@_0KA@JEHFIFGP@A?5buffer?5overrun?5has?5been?5detect@ 100118a8     LIBCMT:secfail.obj
 0002:00002948       ??_C@_0BJ@MDEKIEOJ@Buffer?5overrun?5detected?$CB?$AA@ 10011948     LIBCMT:secfail.obj
 0002:00002968       ??_C@_0LB@BPLHHLFD@A?5security?5error?5of?5unknown?5caus@ 10011968     LIBCMT:secfail.obj
 0002:00002a1c       ??_C@_0CD@GMKACBEK@Unknown?5security?5failure?5detecte@ 10011a1c     LIBCMT:secfail.obj
 0002:00002a5c       ___dnames                  10011a5c     LIBCMT:timeset.obj
 0002:00002a74       ___mnames                  10011a74     LIBCMT:timeset.obj
 0002:00002b18       __load_config_used         10011b18     LIBCMT:loadcfg.obj
 0002:00002bd0       ___safe_se_handler_table   10011bd0     <linker-defined>
 0002:00002bd8       ___rtc_iaa                 10011bd8     LIBCMT:initsect.obj
 0002:00002bdc       ___rtc_izz                 10011bdc     LIBCMT:initsect.obj
 0002:00002be0       ___rtc_taa                 10011be0     LIBCMT:initsect.obj
 0002:00002be4       ___rtc_tzz                 10011be4     LIBCMT:initsect.obj
 0002:00002be8       __IMPORT_DESCRIPTOR_KERNEL32 10011be8     kernel32:KERNEL32.dll
 0002:00002bfc       __NULL_IMPORT_DESCRIPTOR   10011bfc     kernel32:KERNEL32.dll
 0003:00000000       ___xc_a                    10013000     LIBCMT:crt0init.obj
 0003:00000008       ___xc_z                    10013008     LIBCMT:crt0init.obj
 0003:0000000c       ___xi_a                    1001300c     LIBCMT:crt0init.obj
 0003:0000001c       ___xi_z                    1001301c     LIBCMT:crt0init.obj
 0003:00000020       ___xp_a                    10013020     LIBCMT:crt0init.obj
 0003:00000028       ___xp_z                    10013028     LIBCMT:crt0init.obj
 0003:0000002c       ___xt_a                    1001302c     LIBCMT:crt0init.obj
 0003:00000030       ___xt_z                    10013030     LIBCMT:crt0init.obj
 0003:00000044       _z_errmsg                  10013044     jli:zutil.obj
 0003:00001178       _inflate_mask              10014178     jli:infutil.obj
 0003:000011c0       __iob                      100141c0     LIBCMT:_file.obj
 0003:000015dc       __aexit_rtn                100145dc     LIBCMT:dllcrt0.obj
 0003:000015e0       __amblksiz                 100145e0     LIBCMT:heapinit.obj
 0003:00001710       ___initiallocinfo          10014710     LIBCMT:setlocal.obj
 0003:00001764       ___ptlocinfo               10014764     LIBCMT:setlocal.obj
 0003:0000189c       ___tlsindex                1001489c     LIBCMT:tidtable.obj
 0003:000018a0       ___nullstring              100148a0     LIBCMT:output.obj
 0003:000018a4       ___wnullstring             100148a4     LIBCMT:output.obj
 0003:000018a8       ___badioinfo               100148a8     LIBCMT:ioinit.obj
 0003:000018d0       ___security_cookie         100148d0     LIBCMT:seccook.obj
 0003:000018d8       __XcptActTab               100148d8     LIBCMT:winxfltr.obj
 0003:00001950       __First_FPE_Indx           10014950     LIBCMT:winxfltr.obj
 0003:00001954       __Num_FPE                  10014954     LIBCMT:winxfltr.obj
 0003:00001958       __XcptActTabSize           10014958     LIBCMT:winxfltr.obj
 0003:0000195c       __XcptActTabCount          1001495c     LIBCMT:winxfltr.obj
 0003:000019f8       __NLG_Destination          100149f8     LIBCMT:exsup.obj
 0003:00001a08       ___lc_time_curr            10014a08     LIBCMT:strftime.obj
 0003:00001a10       ___lc_time_c               10014a10     LIBCMT:strftime.obj
 0003:00001ac8       __pctype                   10014ac8     LIBCMT:ctype.obj
 0003:00001acc       __pwctype                  10014acc     LIBCMT:ctype.obj
 0003:00001ad0       ___lconv_static_decimal    10014ad0     LIBCMT:lconv.obj
 0003:00001ad4       ___lconv_c                 10014ad4     LIBCMT:lconv.obj
 0003:00001b04       ___lconv                   10014b04     LIBCMT:lconv.obj
 0003:00001b10       ___lc_clike                10014b10     LIBCMT:nlsdata2.obj
 0003:00001b20       ___mb_cur_max              10014b20     LIBCMT:nlsdata1.obj
 0003:00001b24       ___decimal_point           10014b24     LIBCMT:nlsdata1.obj
 0003:00001b28       ___decimal_point_length    10014b28     LIBCMT:nlsdata1.obj
 0003:00001c28       __cfltcvt_tab              10014c28     LIBCMT:cmiscdat.obj
 0003:00001c40       __timezone                 10014c40     LIBCMT:timeset.obj
 0003:00001c44       __daylight                 10014c44     LIBCMT:timeset.obj
 0003:00001c48       __dstbias                  10014c48     LIBCMT:timeset.obj
 0003:00001cd0       __tzname                   10014cd0     LIBCMT:timeset.obj
 0003:00001cf0       __lpdays                   10014cf0     LIBCMT:days.obj
 0003:00001d24       __days                     10014d24     LIBCMT:days.obj
 0003:00001d8c       __cflush                   10014d8c     LIBCMT:_file.obj
 0003:00001d94       __aenvptr                  10014d94     LIBCMT:dllcrt0.obj
 0003:00001d98       __wenvptr                  10014d98     LIBCMT:dllcrt0.obj
 0003:00001d9c       ___error_mode              10014d9c     LIBCMT:dllcrt0.obj
 0003:00001da0       ___app_type                10014da0     LIBCMT:dllcrt0.obj
 0003:00001ef8       ?_pnhHeap@@3P6AHI@ZA       10014ef8     LIBCMT:handler.obj
 0003:00001efc       __newmode                  10014efc     LIBCMT:_newmode.obj
 0003:00001f0c       _gpFlsAlloc                10014f0c     LIBCMT:tidtable.obj
 0003:00001f10       _gpFlsGetValue             10014f10     LIBCMT:tidtable.obj
 0003:00001f14       _gpFlsSetValue             10014f14     LIBCMT:tidtable.obj
 0003:00001f18       _gpFlsFree                 10014f18     LIBCMT:tidtable.obj
 0003:00001f1c       __stdbuf                   10014f1c     LIBCMT:_sftbuf.obj
 0003:00001f24       __umaskval                 10014f24     LIBCMT:crt0dat.obj
 0003:00001f28       __osplatform               10014f28     LIBCMT:crt0dat.obj
 0003:00001f2c       __osver                    10014f2c     LIBCMT:crt0dat.obj
 0003:00001f30       __winver                   10014f30     LIBCMT:crt0dat.obj
 0003:00001f34       __winmajor                 10014f34     LIBCMT:crt0dat.obj
 0003:00001f38       __winminor                 10014f38     LIBCMT:crt0dat.obj
 0003:00001f3c       ___argc                    10014f3c     LIBCMT:crt0dat.obj
 0003:00001f40       ___argv                    10014f40     LIBCMT:crt0dat.obj
 0003:00001f44       ___wargv                   10014f44     LIBCMT:crt0dat.obj
 0003:00001f48       __environ                  10014f48     LIBCMT:crt0dat.obj
 0003:00001f4c       ___initenv                 10014f4c     LIBCMT:crt0dat.obj
 0003:00001f50       __wenviron                 10014f50     LIBCMT:crt0dat.obj
 0003:00001f54       ___winitenv                10014f54     LIBCMT:crt0dat.obj
 0003:00001f58       __pgmptr                   10014f58     LIBCMT:crt0dat.obj
 0003:00001f5c       __wpgmptr                  10014f5c     LIBCMT:crt0dat.obj
 0003:00001f60       __exitflag                 10014f60     LIBCMT:crt0dat.obj
 0003:00001f64       __C_Termination_Done       10014f64     LIBCMT:crt0dat.obj
 0003:00001f68       __C_Exit_Done              10014f68     LIBCMT:crt0dat.obj
 0003:000020ac       __adbgmsg                  100150ac     LIBCMT:crt0msg.obj
 0003:00002108       ___lconv_static_null       10015108     LIBCMT:lconv.obj
 0003:0000210c       ___lc_time_intl            1001510c     LIBCMT:inittime.obj
 0003:00002110       ___lconv_intl              10015110     LIBCMT:initmon.obj
 0003:00002138       ___lc_handle               10015138     LIBCMT:nlsdata2.obj
 0003:00002150       ___lc_codepage             10015150     LIBCMT:nlsdata2.obj
 0003:00002154       ___lc_collate_cp           10015154     LIBCMT:nlsdata2.obj
 0003:00002158       ___lc_id                   10015158     LIBCMT:nlsdata3.obj
 0003:00002254       __fmode                    10015254     LIBCMT:txtmode.obj
 0003:00002258       ___mblcid                  10015258     <common>
 0003:0000225c       ___ptmbcinfo               1001525c     <common>
 0003:00002260       ___ismbcodepage            10015260     <common>
 0003:00002280       __mbctype                  10015280     <common>
 0003:00002384       ___mbcodepage              10015384     <common>
 0003:00002390       ___mbulinfo                10015390     <common>
 0003:000023a0       __mbcasemap                100153a0     <common>
 0003:000024a0       ___ctype1_refcount         100154a0     <common>
 0003:000024a4       ___lconv_mon_refcount      100154a4     <common>
 0003:000024a8       ___lconv_num_refcount      100154a8     <common>
 0003:000024ac       ___env_initialized         100154ac     <common>
 0003:000024b0       ___onexitend               100154b0     <common>
 0003:000024b4       ___onexitbegin             100154b4     <common>
 0003:000024b8       ___mbctype_initialized     100154b8     <common>
 0003:000024bc       __FPinit                   100154bc     <common>
 0003:000024c0       __nhandle                  100154c0     <common>
 0003:000024e0       ___pioinfo                 100154e0     <common>
 0003:000025e0       ___sbh_pHeaderDefer        100155e0     <common>
 0003:000025e4       ___sbh_cntHeaderList       100155e4     <common>
 0003:000025e8       ___sbh_pHeaderList         100155e8     <common>
 0003:000025ec       ___sbh_threshold           100155ec     <common>
 0003:000025f0       ___sbh_pHeaderScan         100155f0     <common>
 0003:000025f4       ___sbh_sizeHeaderList      100155f4     <common>
 0003:000025f8       ___sbh_indGroupDefer       100155f8     <common>
 0003:000025fc       __crtheap                  100155fc     <common>
 0003:00002600       ___active_heap             10015600     <common>
 0003:00002604       __acmdln                   10015604     <common>
 0003:00002608       __pRawDllMain              10015608     <common>
 0003:0000260c       ___piob                    1001560c     <common>
 0003:00002620       __bufin                    10015620     <common>
 0003:00003620       __nstream                  10016620     <common>

 entry point at        0001:000074ce

 Static symbols

 0001:000002c1       _isSlash                   100012c1 f   FileSystemSupport_md.obj
 0001:0000032b       _normalizePrefix           1000132b f   FileSystemSupport_md.obj
 0001:000003c0       _normalizePath             100013c0 f   FileSystemSupport_md.obj
 0001:000007bd       _parseArgumentTail         100017bd f   InvocationAdapter.obj
 0001:0000098d       _splitPathList             1000198d f   InvocationAdapter.obj
 0001:00000a0a       _decodeNibble              10001a0a f   InvocationAdapter.obj
 0001:00000a3b       _decodePath                10001a3b f   InvocationAdapter.obj
 0001:00000b12       _appendClassPath           10001b12 f   InvocationAdapter.obj
 0001:00000baa       _appendBootClassPath       10001baa f   InvocationAdapter.obj
 0001:000012b8       _doAttribute               100022b8 f   JarFacade.obj
 0001:000033cf       _lowMask                   100043cf f   PathCharsValidator.obj
 0001:00003413       _highMask                  10004413 f   PathCharsValidator.obj
 0001:00003461       _highMaskRange             10004461 f   PathCharsValidator.obj
 0001:000034d3       _match                     100044d3 f   PathCharsValidator.obj
 0001:00003521       _initialize                10004521 f   PathCharsValidator.obj
 0001:000039c0       _cp                        100049c0 f   canonicalize_md.obj
 0001:000039fb       _nextsep                   100049fb f   canonicalize_md.obj
 0001:00003d46       _inflate_file              10004d46 f   jli:parse_manifest.obj
 0001:00003e66       _find_end                  10004e66 f   jli:parse_manifest.obj
 0001:00003f8c       _find_file                 10004f8c f   jli:parse_manifest.obj
 0001:0000427a       _parse_nv_pair             1000527a f   jli:parse_manifest.obj
 0001:0000584e       _huft_build                1000684e f   jli:inftrees.obj
 0001:00006620       _$$$00001                  10007620 f   LIBCMT:strchr.obj
 0001:00008959       $$$00003                   10009959 f   LIBCMT:exsup3.obj
 0001:00008abb       ___updatetlocinfo_lk       10009abb f   LIBCMT:setlocal.obj
 0001:00008fb6       _write_char                10009fb6 f   LIBCMT:output.obj
 0001:00008fe9       _write_multi_char          10009fe9 f   LIBCMT:output.obj
 0001:0000900d       _write_string              1000a00d f   LIBCMT:output.obj
 0001:00009b65       __initterm                 1000ab65 f   LIBCMT:crt0dat.obj
 0001:00009be7       _doexit                    1000abe7 f   LIBCMT:crt0dat.obj
 0001:00009d55       _flsall                    1000ad55 f   LIBCMT:fflush.obj
 0001:00009f77       _siglookup                 1000af77 f   LIBCMT:winsig.obj
 0001:0000a217       _xtoa                      1000b217 f   LIBCMT:xtoa.obj
 0001:0000a4e4       _report_failure            1000b4e4 f   LIBCMT:secchk.obj
 0001:0000ab0e       _parse_cmdline             1000bb0e f   LIBCMT:stdargv.obj
 0001:0000b1fb       ___crtInitCritSecNoSpinCount@8 1000c1fb f   LIBCMT:initcrit.obj
 0001:0000b298       $$$00001                   1000c298 f   LIBCMT:exsup.obj
 0001:0000b2b8       $$$00003                   1000c2b8 f   LIBCMT:exsup.obj
 0001:0000b2b8       __unwind_handler           1000c2b8 f   LIBCMT:exsup.obj
 0001:0000b2da       $$$00005                   1000c2da f   LIBCMT:exsup.obj
 0001:0000b342       $$$00007                   1000c342 f   LIBCMT:exsup.obj
 0001:0000b386       $$$00011                   1000c386 f   LIBCMT:exsup.obj
 0001:0000bb59       _CPtoLCID                  1000cb59 f   LIBCMT:mbctype.obj
 0001:0000bb88       _setSBCS                   1000cb88 f   LIBCMT:mbctype.obj
 0001:0000bbb1       _setSBUpLow                1000cbb1 f   LIBCMT:mbctype.obj
 0001:0000bd3d       __setmbcp_lk               1000cd3d f   LIBCMT:mbctype.obj
 0001:0000c342       __onexit_lk                1000d342 f   LIBCMT:onexit.obj
 0001:0000d7d8       __tsopen_lk                1000e7d8 f   LIBCMT:open.obj
