 splashscreen

 Timestamp is 4ecc62ab (Tue Nov 22 22:04:11 2011)

 Preferred load address is 10000000

 Start         Length     Name                   Class
 0001:00000000 0001b60cH .text                   CODE
 0002:00000000 00000168H .idata$5                DATA
 0002:00000170 00005128H .rdata                  DATA
 0002:00005298 00000065H .rdata$debug            DATA
 0002:00005300 00000004H .rdata$sxdata           DATA
 0002:00005304 00000004H .rtc$IAA                DATA
 0002:00005308 00000004H .rtc$IZZ                DATA
 0002:0000530c 00000004H .rtc$TAA                DATA
 0002:00005310 00000004H .rtc$TZZ                DATA
 0002:00005314 00000050H .idata$2                DATA
 0002:00005364 00000014H .idata$3                DATA
 0002:00005378 00000168H .idata$4                DATA
 0002:000054e0 0000050eH .idata$6                DATA
 0002:000059f0 00000281H .edata                  DATA
 0003:00000000 00000004H .CRT$XCA                DATA
 0003:00000004 00000004H .CRT$XCZ                DATA
 0003:00000008 00000004H .CRT$XIA                DATA
 0003:0000000c 00000004H .CRT$XIZ                DATA
 0003:00000010 000011f4H .data                   DATA
 0003:00001208 00002d98H .bss                    DATA
 0004:00000000 00000058H .rsrc$01                DATA
 0004:00000060 00000330H .rsrc$02                DATA

  Address         Publics by Value              Rva+Base     Lib:Object

 0000:00000000       __except_list              00000000     <absolute>
 0000:00000001       ___safe_se_handler_count   00000001     <absolute>
 0000:00009876       __fltused                  00009876     <absolute>
 0000:00009876       __ldused                   00009876     <absolute>
 0001:00000000       _JNI_OnLoad@8              10001000 f   java_awt_SplashScreen.obj
 0001:00000008       _Java_java_awt_SplashScreen__1update@40 10001008 f   java_awt_SplashScreen.obj
 0001:000000c9       _Java_java_awt_SplashScreen__1isVisible@16 100010c9 f   java_awt_SplashScreen.obj
 0001:000000e5       _Java_java_awt_SplashScreen__1getBounds@16 100010e5 f   java_awt_SplashScreen.obj
 0001:000001b4       _Java_java_awt_SplashScreen__1getInstance@8 100011b4 f   java_awt_SplashScreen.obj
 0001:000001bd       _Java_java_awt_SplashScreen__1close@16 100011bd f   java_awt_SplashScreen.obj
 0001:000001df       _Java_java_awt_SplashScreen__1getImageFileName@16 100011df f   java_awt_SplashScreen.obj
 0001:0000020e       _Java_java_awt_SplashScreen__1getImageJarName@16 1000120e f   java_awt_SplashScreen.obj
 0001:0000023d       _Java_java_awt_SplashScreen__1setImageData@20 1000123d f   java_awt_SplashScreen.obj
 0001:00000296       _ditherColor               10001296 f i splashscreen_gfx_impl.obj
 0001:000002f6       _blendRGB                  100012f6 f i splashscreen_gfx_impl.obj
 0001:0000033e       _premultiplyRGBA           1000133e f i splashscreen_gfx_impl.obj
 0001:0000037f       _putRGBADither             1000137f f i splashscreen_gfx_impl.obj
 0001:0000050e       _getRGBA                   1000150e f i splashscreen_gfx_impl.obj
 0001:000006bd       _fillLine                  100016bd f i splashscreen_gfx_impl.obj
 0001:000006ee       _getMaskShift              100016ee f i splashscreen_gfx_impl.obj
 0001:00000729       _initDither                10001729 f   splashscreen_gfx_impl.obj
 0001:000007a1       _quantizeColors            100017a1 f   splashscreen_gfx_impl.obj
 0001:0000087d       _initColorCube             1000187d f   splashscreen_gfx_impl.obj
 0001:0000097d       _convertLine               1000197d f   splashscreen_gfx_impl.obj
 0001:00000a83       _initRect                  10001a83 f   splashscreen_gfx_impl.obj
 0001:00000ad7       _convertRect2              10001ad7 f   splashscreen_gfx_impl.obj
 0001:00000bb4       _fillRect                  10001bb4 f   splashscreen_gfx_impl.obj
 0001:00000c09       _initFormat                10001c09 f   splashscreen_gfx_impl.obj
 0001:00000c73       _convertRect               10001c73 f   splashscreen_gfx_impl.obj
 0001:00000c8a       _SplashStreamGifInputFunc  10001c8a f   splashscreen_gif.obj
 0001:00000ca0       _SplashDecodeGif           10001ca0 f   splashscreen_gif.obj
 0001:0000125e       _SplashDecodeGifStream     1000225e f   splashscreen_gif.obj
 0001:00001280       _SplashGetInstance         10002280 f   splashscreen_impl.obj
 0001:000012b4       _SplashSetFileJarName      100022b4 f   splashscreen_impl.obj
 0001:00001303       _SplashInit                10002303 f   splashscreen_impl.obj
 0001:0000134a       _SplashClose               1000234a f   splashscreen_impl.obj
 0001:00001379       _SplashCleanup             10002379 f   splashscreen_impl.obj
 0001:00001409       _SplashDone                10002409 f   splashscreen_impl.obj
 0001:00001418       _SplashIsStillLooping      10002418 f   splashscreen_impl.obj
 0001:0000143f       _SplashUpdateScreenData    1000243f f   splashscreen_impl.obj
 0001:00001537       _SplashNextFrame           10002537 f   splashscreen_impl.obj
 0001:000015b1       _BitmapToYXBandedRectangles 100025b1 f   splashscreen_impl.obj
 0001:000016d2       _SplashStart               100026d2 f   splashscreen_impl.obj
 0001:0000178e       _SplashStreamInitFile      1000278e f   splashscreen_impl.obj
 0001:000017c4       _SplashStreamInitMemory    100027c4 f   splashscreen_impl.obj
 0001:000018a1       _SplashLoadFile            100028a1 f   splashscreen_impl.obj
 0001:000018d0       _SplashLoadMemory          100028d0 f   splashscreen_impl.obj
 0001:00001a07       _SplashDecodeJpeg          10002a07 f   splashscreen_jpeg.obj
 0001:00001c26       _SplashDecodeJpegStream    10002c26 f   splashscreen_jpeg.obj
 0001:00001ca6       _my_png_read_stream        10002ca6 f   splashscreen_png.obj
 0001:00001cd1       _SplashDecodePng           10002cd1 f   splashscreen_png.obj
 0001:00001ffb       _SplashDecodePngStream     10002ffb f   splashscreen_png.obj
 0001:0000203b       _SplashConvertStringAlloc  1000303b f   splashscreen_sys.obj
 0001:000020a9       _SplashTime                100030a9 f   splashscreen_sys.obj
 0001:000020af       _SplashInitFrameShape      100030af f   splashscreen_sys.obj
 0001:0000218c       _SplashPaint               1000318c f   splashscreen_sys.obj
 0001:00002328       _SplashRedrawWindow        10003328 f   splashscreen_sys.obj
 0001:0000257d       _SplashReconfigureNow      1000357d f   splashscreen_sys.obj
 0001:000025f6       _SplashLock                100035f6 f   splashscreen_sys.obj
 0001:00002607       _SplashUnlock              10003607 f   splashscreen_sys.obj
 0001:00002618       _SplashInitPlatform        10003618 f   splashscreen_sys.obj
 0001:0000278f       _SplashCleanupPlatform     1000378f f   splashscreen_sys.obj
 0001:000027fc       _SplashDonePlatform        100037fc f   splashscreen_sys.obj
 0001:00002812       _SplashMessagePump         10003812 f   splashscreen_sys.obj
 0001:00002849       _SplashClosePlatform       10003849 f   splashscreen_sys.obj
 0001:00002860       _SplashUpdate              10003860 f   splashscreen_sys.obj
 0001:0000287a       _SplashReconfigure         1000387a f   splashscreen_sys.obj
 0001:000029fe       _SplashCreateWindow        100039fe f   splashscreen_sys.obj
 0001:00002af1       _SplashScreenThread@4      10003af1 f   splashscreen_sys.obj
 0001:00002b56       _SplashCreateThread        10003b56 f   splashscreen_sys.obj
 0001:00002b73       _png_set_sig_bytes         10003b73 f   png.obj
 0001:00002ba7       _png_sig_cmp               10003ba7 f   png.obj
 0001:00002c0f       _png_check_sig             10003c0f f   png.obj
 0001:00002c27       _png_zalloc                10003c27 f   png.obj
 0001:00002c6e       _png_zfree                 10003c6e f   png.obj
 0001:00002c73       _png_reset_crc             10003c73 f   png.obj
 0001:00002c8b       _png_calculate_crc         10003c8b f   png.obj
 0001:00002cca       _png_info_init_3           10003cca f   png.obj
 0001:00002d01       _png_free_data             10003d01 f   png.obj
 0001:0000307f       _png_info_destroy          1000407f f   png.obj
 0001:000030d0       _png_handle_as_unknown     100040d0 f   png.obj
 0001:00003127       _png_create_info_struct    10004127 f   png.obj
 0001:000032ef       _png_set_error_fn          100042ef f   pngerror.obj
 0001:0000330d       _png_error                 1000430d f   pngerror.obj
 0001:0000339d       _png_warning               1000439d f   pngerror.obj
 0001:000033e2       _png_chunk_error           100043e2 f   pngerror.obj
 0001:00003418       _png_chunk_warning         10004418 f   pngerror.obj
 0001:0000344e       _png_get_rowbytes          1000444e f   pngget.obj
 0001:00003464       _png_get_gAMA              10004464 f   pngget.obj
 0001:0000348d       _png_get_IHDR              1000448d f   pngget.obj
 0001:0000359d       _png_create_struct_2       1000459d f   pngmem.obj
 0001:000035fd       _png_destroy_struct_2      100045fd f   pngmem.obj
 0001:00003631       _png_malloc_default        10004631 f   pngmem.obj
 0001:0000364e       _png_free_default          1000464e f   pngmem.obj
 0001:00003668       _png_memcpy_check          10004668 f   pngmem.obj
 0001:0000367d       _png_memset_check          1000467d f   pngmem.obj
 0001:00003692       _png_set_mem_fn            10004692 f   pngmem.obj
 0001:000036b9       _png_create_struct         100046b9 f   pngmem.obj
 0001:000036ca       _png_destroy_struct        100046ca f   pngmem.obj
 0001:000036d8       _png_malloc                100046d8 f   pngmem.obj
 0001:00003725       _png_free                  10004725 f   pngmem.obj
 0001:0000374f       _png_malloc_warn           1000474f f   pngmem.obj
 0001:0000377c       _png_create_read_struct_2  1000477c f   pngread.obj
 0001:0000395a       _png_read_info             1000495a f   pngread.obj
 0001:00003e20       _png_read_update_info      10004e20 f   pngread.obj
 0001:00003e52       _png_read_row              10004e52 f   pngread.obj
 0001:00004276       _png_read_image            10005276 f   pngread.obj
 0001:000042c7       _png_read_end              100052c7 f   pngread.obj
 0001:000046a6       _png_read_destroy          100056a6 f   pngread.obj
 0001:000048d8       _png_create_read_struct    100058d8 f   pngread.obj
 0001:000048f6       _png_destroy_read_struct   100058f6 f   pngread.obj
 0001:000049b1       _png_read_data             100059b1 f   pngrio.obj
 0001:000049d9       _png_default_read_data     100059d9 f   pngrio.obj
 0001:00004a0d       _png_set_read_fn           10005a0d f   pngrio.obj
 0001:00004a5d       _png_set_strip_16          10005a5d f   pngrtran.obj
 0001:00004a6a       _png_set_gamma             10005a6a f   pngrtran.obj
 0001:00004ac1       _png_set_expand            10005ac1 f   pngrtran.obj
 0001:00004ad1       _png_set_tRNS_to_alpha     10005ad1 f   pngrtran.obj
 0001:00004add       _png_set_gray_to_rgb       10005add f   pngrtran.obj
 0001:00004ae6       _png_read_transform_info   10005ae6 f   pngrtran.obj
 0001:00004c61       _png_do_unpack             10005c61 f   pngrtran.obj
 0001:00004d71       _png_do_unshift            10005d71 f   pngrtran.obj
 0001:00004eeb       _png_do_chop               10005eeb f   pngrtran.obj
 0001:00004f2f       _png_do_read_swap_alpha    10005f2f f   pngrtran.obj
 0001:00005021       _png_do_read_invert_alpha  10006021 f   pngrtran.obj
 0001:000050cb       _png_do_read_filler        100060cb f   pngrtran.obj
 0001:000052f9       _png_do_gray_to_rgb        100062f9 f   pngrtran.obj
 0001:00005437       _png_do_rgb_to_gray        10006437 f   pngrtran.obj
 0001:000059f2       _png_do_background         100069f2 f   pngrtran.obj
 0001:000067fa       _png_do_gamma              100077fa f   pngrtran.obj
 0001:00006b48       _png_do_expand_palette     10007b48 f   pngrtran.obj
 0001:00006d50       _png_do_expand             10007d50 f   pngrtran.obj
 0001:000070bb       _png_do_dither             100080bb f   pngrtran.obj
 0001:000071d9       _png_build_gamma_table     100081d9 f   pngrtran.obj
 0001:000077d0       _png_do_read_intrapixel    100087d0 f   pngrtran.obj
 0001:00007892       _png_init_read_transformations 10008892 f   pngrtran.obj
 0001:000083be       _png_do_read_transformations 100093be f   pngrtran.obj
 0001:000087cf       _png_get_int_32            100097cf f   pngrutil.obj
 0001:000087cf       _png_get_uint_32           100097cf f   pngrutil.obj
 0001:000087f2       _png_crc_read              100097f2 f   pngrutil.obj
 0001:00008814       _png_crc_error             10009814 f   pngrutil.obj
 0001:00008872       _png_decompress_chunk      10009872 f   pngrutil.obj
 0001:00008b90       _png_check_chunk_name      10009b90 f   pngrutil.obj
 0001:00008bf2       _png_combine_row           10009bf2 f   pngrutil.obj
 0001:00008e77       _png_do_read_interlace     10009e77 f   pngrutil.obj
 0001:0000921a       _png_read_filter_row       1000a21a f   pngrutil.obj
 0001:00009393       _png_read_start_row        1000a393 f   pngrutil.obj
 0001:000095fa       _png_get_uint_31           1000a5fa f   pngrutil.obj
 0001:00009623       _png_crc_finish            1000a623 f   pngrutil.obj
 0001:000096af       _png_handle_IHDR           1000a6af f   pngrutil.obj
 0001:000097e8       _png_handle_PLTE           1000a7e8 f   pngrutil.obj
 0001:00009933       _png_handle_IEND           1000a933 f   pngrutil.obj
 0001:00009976       _png_handle_gAMA           1000a976 f   pngrutil.obj
 0001:00009aac       _png_handle_sBIT           1000aaac f   pngrutil.obj
 0001:00009bc5       _png_handle_cHRM           1000abc5 f   pngrutil.obj
 0001:00009f71       _png_handle_sRGB           1000af71 f   pngrutil.obj
 0001:0000a14c       _png_handle_iCCP           1000b14c f   pngrutil.obj
 0001:0000a2b7       _png_handle_sPLT           1000b2b7 f   pngrutil.obj
 0001:0000a4a9       _png_handle_tRNS           1000b4a9 f   pngrutil.obj
 0001:0000a672       _png_handle_bKGD           1000b672 f   pngrutil.obj
 0001:0000a7fa       _png_handle_hIST           1000b7fa f   pngrutil.obj
 0001:0000a8f5       _png_handle_pHYs           1000b8f5 f   pngrutil.obj
 0001:0000a996       _png_handle_oFFs           1000b996 f   pngrutil.obj
 0001:0000aa37       _png_handle_pCAL           1000ba37 f   pngrutil.obj
 0001:0000ac26       _png_handle_sCAL           1000bc26 f   pngrutil.obj
 0001:0000ad80       _png_handle_tIME           1000bd80 f   pngrutil.obj
 0001:0000ae3c       _png_handle_tEXt           1000be3c f   pngrutil.obj
 0001:0000af3c       _png_handle_zTXt           1000bf3c f   pngrutil.obj
 0001:0000b084       _png_handle_unknown        1000c084 f   pngrutil.obj
 0001:0000b1b7       _png_read_finish_row       1000c1b7 f   pngrutil.obj
 0001:0000b408       _png_set_bKGD              1000c408 f   pngset.obj
 0001:0000b430       _png_set_cHRM              1000c430 f   pngset.obj
 0001:0000b660       _png_set_cHRM_fixed        1000c660 f   pngset.obj
 0001:0000b82f       _png_set_gAMA              1000c82f f   pngset.obj
 0001:0000b8af       _png_set_gAMA_fixed        1000c8af f   pngset.obj
 0001:0000b925       _png_set_hIST              1000c925 f   pngset.obj
 0001:0000b9bd       _png_set_IHDR              1000c9bd f   pngset.obj
 0001:0000bbc6       _png_set_oFFs              1000cbc6 f   pngset.obj
 0001:0000bbee       _png_set_pCAL              1000cbee f   pngset.obj
 0001:0000bd47       _png_set_sCAL              1000cd47 f   pngset.obj
 0001:0000bd78       _png_set_pHYs              1000cd78 f   pngset.obj
 0001:0000bda0       _png_set_PLTE              1000cda0 f   pngset.obj
 0001:0000be4c       _png_set_sBIT              1000ce4c f   pngset.obj
 0001:0000be74       _png_set_sRGB              1000ce74 f   pngset.obj
 0001:0000be8f       _png_set_sRGB_gAMA_and_cHRM 1000ce8f f   pngset.obj
 0001:0000bf64       _png_set_iCCP              1000cf64 f   pngset.obj
 0001:0000c03c       _png_set_text_2            1000d03c f   pngset.obj
 0001:0000c1db       _png_set_tIME              1000d1db f   pngset.obj
 0001:0000c20f       _png_set_tRNS              1000d20f f   pngset.obj
 0001:0000c2ae       _png_set_sPLT              1000d2ae f   pngset.obj
 0001:0000c3c3       _png_set_unknown_chunks    1000d3c3 f   pngset.obj
 0001:0000c4e7       _png_set_interlace_handling 1000d4e7 f   pngtrans.obj
 0001:0000c504       _png_set_filler            1000d504 f   pngtrans.obj
 0001:0000c555       _png_do_invert             1000d555 f   pngtrans.obj
 0001:0000c5bc       _png_do_swap               1000d5bc f   pngtrans.obj
 0001:0000c5e9       _png_do_packswap           1000d5e9 f   pngtrans.obj
 0001:0000c636       _png_do_strip_filler       1000d636 f   pngtrans.obj
 0001:0000c800       _png_do_bgr                1000d800 f   pngtrans.obj
 0001:0000c8bf       _DGifGetRecordType         1000d8bf f   dgif_lib.obj
 0001:0000c954       _DGifGetExtensionNext      1000d954 f   dgif_lib.obj
 0001:0000c9f5       _DGifCloseFile             1000d9f5 f   dgif_lib.obj
 0001:0000cadf       _DGifGetCodeNext           1000dadf f   dgif_lib.obj
 0001:0000ccce       _DGifGetScreenDesc         1000dcce f   dgif_lib.obj
 0001:0000ce25       _DGifGetImageDesc          1000de25 f   dgif_lib.obj
 0001:0000d040       _DGifGetExtension          1000e040 f   dgif_lib.obj
 0001:0000d131       _DGifOpen                  1000e131 f   dgif_lib.obj
 0001:0000d430       _DGifGetLine               1000e430 f   dgif_lib.obj
 0001:0000d4a5       _DGifSlurp                 1000e4a5 f   dgif_lib.obj
 0001:0000d5ac       _BitSize                   1000e5ac f   gifalloc.obj
 0001:0000d5c3       _MakeMapObject             1000e5c3 f   gifalloc.obj
 0001:0000d62a       _FreeMapObject             1000e62a f   gifalloc.obj
 0001:0000d647       _AddExtensionBlock         1000e647 f   gifalloc.obj
 0001:0000d6c2       _FreeExtension             1000e6c2 f   gifalloc.obj
 0001:0000d70c       _FreeSavedImages           1000e70c f   gifalloc.obj
 0001:0000e1b2       _inflate_blocks_reset      1000f1b2 f   infblock.obj
 0001:0000e21d       _inflate_blocks_new        1000f21d f   infblock.obj
 0001:0000e2aa       _inflate_blocks            1000f2aa f   infblock.obj
 0001:0000ea22       _inflate_blocks_free       1000fa22 f   infblock.obj
 0001:0000ea56       _inflate_codes_new         1000fa56 f   infcodes.obj
 0001:0000ea8a       _inflate_codes             1000fa8a f   infcodes.obj
 0001:0000efee       _inflate_codes_free        1000ffee f   infcodes.obj
 0001:0000efff       _inflate_fast              1000ffff f   inffast.obj
 0001:0000f2b4       _inflateReset              100102b4 f   inflate.obj
 0001:0000f2f3       _inflateEnd                100102f3 f   inflate.obj
 0001:0000f331       _inflateInit2_             10010331 f   inflate.obj
 0001:0000f416       _inflateInit_              10010416 f   inflate.obj
 0001:0000f42d       _inflate                   1001042d f   inflate.obj
 0001:0000fb2d       _inflate_trees_bits        10010b2d f   inftrees.obj
 0001:0000fbac       _inflate_trees_dynamic     10010bac f   inftrees.obj
 0001:0000fcaf       _inflate_trees_fixed       10010caf f   inftrees.obj
 0001:0000fcde       _inflate_flush             10010cde f   infutil.obj
 0001:00010fa8       __tr_stored_block          10011fa8 f   trees.obj
 0001:00011033       __tr_flush_block           10012033 f   trees.obj
 0001:000111ff       _adler32                   100121ff f   zadler32.obj
 0001:00011318       _crc32                     10012318 f   zcrc32.obj
 0001:00011407       _zcalloc                   10012407 f   zutil.obj
 0001:00011418       _jAbort                    10012418 f   jcomapi.obj
 0001:0001144b       _jDestroy                  1001244b f   jcomapi.obj
 0001:00011466       _jAlcQTable                10012466 f   jcomapi.obj
 0001:00011482       _jAlcHTable                10012482 f   jcomapi.obj
 0001:0001149e       _jCreaDecompress           1001249e f   jdapimin.obj
 0001:00011561       _jDestDecompress           10012561 f   jdapimin.obj
 0001:000116c6       _jConsumeInput             100126c6 f   jdapimin.obj
 0001:00011760       _jFinDecompress            10012760 f   jdapimin.obj
 0001:0001180b       _jReadHeader               1001280b f   jdapimin.obj
 0001:0001191e       _jReadScanlines            1001291e f   jdapistd.obj
 0001:000119a8       _jStrtDecompress           100129a8 f   jdapistd.obj
 0001:000125de       _jIDCoefC                  100135de f   jdcoefct.obj
 0001:00012aa8       _jIDColor                  10013aa8 f   jdcolor.obj
 0001:00012d91       _jIIDCT                    10013d91 f   jddctmgr.obj
 0001:00012e06       _jMkDDerived               10013e06 f   jdhuff.obj
 0001:0001308f       _jFilBitBuf                1001408f f   jdhuff.obj
 0001:00013191       _jHufDecode                10014191 f   jdhuff.obj
 0001:0001378a       _jIHDecoder                1001478a f   jdhuff.obj
 0001:00013cb0       _jIInCtlr                  10014cb0 f   jdinput.obj
 0001:00014238       _jIDMainC                  10015238 f   jdmainct.obj
 0001:000159cc       _jResyncRestart            100169cc f   jdmarker.obj
 0001:00015aea       _jIMReader                 10016aea f   jdmarker.obj
 0001:00015bc5       _jCalcDimensions           10016bc5 f   jdmaster.obj
 0001:00016133       _jIDMaster                 10017133 f   jdmaster.obj
 0001:0001663c       _jIMUpsampler              1001763c f   jdmerge.obj
 0001:00017187       _jIPHDecoder               10018187 f   jdphuff.obj
 0001:0001740f       _jIDPostC                  1001840f f   jdpostct.obj
 0001:000178ce       _jIUpsampler               100188ce f   jdsample.obj
 0001:00017b25       _jStdError                 10018b25 f   jerror.obj
 0001:00017b71       _jRDfloat                  10018b71 f   jidctflt.obj
 0001:00017f3a       _jRDifast                  10018f3a f   jidctfst.obj
 0001:000182f4       _jRDislow                  100192f4 f   jidctint.obj
 0001:000187cd       _jRD4x4                    100197cd f   jidctred.obj
 0001:00018aa8       _jRD2x2                    10019aa8 f   jidctred.obj
 0001:00018c57       _jRD1x1                    10019c57 f   jidctred.obj
 0001:0001960a       _jIMemMgr                  1001a60a f   jmemmgr.obj
 0001:0001971f       _jGetLarge                 1001a71f f   jmemnobs.obj
 0001:0001971f       _jGetSmall                 1001a71f f   jmemnobs.obj
 0001:0001972b       _zcfree                    1001a72b f   zutil.obj
 0001:0001972b       _jFreeSmall                1001a72b f   jmemnobs.obj
 0001:0001972b       _jFreeLarge                1001a72b f   jmemnobs.obj
 0001:00019737       _jMemAvail                 1001a737 f   jmemnobs.obj
 0001:0001973c       _jOpenBackStore            1001a73c f   jmemnobs.obj
 0001:00019750       _jMemInit                  1001a750 f   jmemnobs.obj
 0001:0001a0d8       _jI1Quant                  1001b0d8 f   jquant1.obj
 0001:0001af6a       _jMemTerm                  1001bf6a f   jmemnobs.obj
 0001:0001b084       _jI2Quant                  1001c084 f   jquant2.obj
 0001:0001b198       _jDivRound                 1001c198 f   jutils.obj
 0001:0001b1a8       _jRound                    1001c1a8 f   jutils.obj
 0001:0001b1c0       _jCopySamples              1001c1c0 f   jutils.obj
 0001:0001b1fe       _jCopyBlocks               1001c1fe f   jutils.obj
 0001:0001b217       _jZeroFar                  1001c217 f   jutils.obj
 0001:0001b22a       _memcpy                    1001c22a f   MSVCRT:MSVCR71.dll
 0001:0001b230       _memcmp                    1001c230 f   MSVCRT:MSVCR71.dll
 0001:0001b236       _memset                    1001c236 f   MSVCRT:MSVCR71.dll
 0001:0001b23c       __setjmp3                  1001c23c f   MSVCRT:MSVCR71.dll
 0001:0001b250       _strlen                    1001c250 f   MSVCRT:MSVCR71.dll
 0001:0001b260       __chkstk                   1001c260 f   MSVCRT:chkstk.obj
 0001:0001b260       __alloca_probe             1001c260     MSVCRT:chkstk.obj
 0001:0001b29e       _strcpy                    1001c29e f   MSVCRT:MSVCR71.dll
 0001:0001b2a4       _fabs                      1001c2a4 f   MSVCRT:MSVCR71.dll
 0001:0001b2aa       _pow                       1001c2aa f   MSVCRT:MSVCR71.dll
 0001:0001b2b0       __ftol2                    1001c2b0 f   MSVCRT:ftol2.obj
 0001:0001b325       __CRT_INIT@12              1001c325 f   MSVCRT:crtdll.obj
 0001:0001b3e3       __DllMainCRTStartup@12     1001c3e3 f   MSVCRT:crtdll.obj
 0001:0001b4c8       __initterm                 1001c4c8 f   MSVCRT:MSVCR71.dll
 0001:0001b4ce       __onexit                   1001c4ce f   MSVCRT:atonexit.obj
 0001:0001b4f4       _atexit                    1001c4f4 f   MSVCRT:atonexit.obj
 0001:0001b506       __RTC_Initialize           1001c506 f   MSVCRT:initsect.obj
 0001:0001b54a       __RTC_Terminate            1001c54a f   MSVCRT:initsect.obj
 0001:0001b58e       ___CppXcptFilter           1001c58e f   MSVCRT:MSVCR71.dll
 0001:0001b594       _DllMain@12                1001c594 f   MSVCRT:dllmain.obj
 0001:0001b5b4       __SEH_prolog               1001c5b4 f   MSVCRT:sehprolg.obj
 0001:0001b5ef       __SEH_epilog               1001c5ef f   MSVCRT:sehprolg.obj
 0001:0001b600       __except_handler3          1001c600 f   MSVCRT:MSVCR71.dll
 0001:0001b606       ___dllonexit               1001c606 f   MSVCRT:MSVCR71.dll
 0002:00000000       __imp__CreateCompatibleDC@4 1001d000     gdi32:GDI32.dll
 0002:00000004       __imp__StretchDIBits@52    1001d004     gdi32:GDI32.dll
 0002:00000008       __imp__RealizePalette@4    1001d008     gdi32:GDI32.dll
 0002:0000000c       __imp__SelectPalette@12    1001d00c     gdi32:GDI32.dll
 0002:00000010       __imp__CreatePalette@4     1001d010     gdi32:GDI32.dll
 0002:00000014       __imp__CombineRgn@16       1001d014     gdi32:GDI32.dll
 0002:00000018       __imp__CreateRectRgn@16    1001d018     gdi32:GDI32.dll
 0002:0000001c       __imp__DeleteDC@4          1001d01c     gdi32:GDI32.dll
 0002:00000020       __imp__DeleteObject@4      1001d020     gdi32:GDI32.dll
 0002:00000024       __imp__SelectObject@8      1001d024     gdi32:GDI32.dll
 0002:00000028       __imp__CreateDIBSection@24 1001d028     gdi32:GDI32.dll
 0002:0000002c       __imp__GetDeviceCaps@8     1001d02c     gdi32:GDI32.dll
 0002:00000030       __imp__ExtCreateRegion@12  1001d030     gdi32:GDI32.dll
 0002:00000034       \177GDI32_NULL_THUNK_DATA  1001d034     gdi32:GDI32.dll
 0002:00000038       __imp__DisableThreadLibraryCalls@4 1001d038     kernel32:KERNEL32.dll
 0002:0000003c       __imp__CreateThread@24     1001d03c     kernel32:KERNEL32.dll
 0002:00000040       __imp__GetModuleHandleA@4  1001d040     kernel32:KERNEL32.dll
 0002:00000044       __imp__LoadLibraryA@4      1001d044     kernel32:KERNEL32.dll
 0002:00000048       __imp__InitializeCriticalSection@4 1001d048     kernel32:KERNEL32.dll
 0002:0000004c       __imp__GetProcAddress@8    1001d04c     kernel32:KERNEL32.dll
 0002:00000050       __imp__LeaveCriticalSection@4 1001d050     kernel32:KERNEL32.dll
 0002:00000054       __imp__EnterCriticalSection@4 1001d054     kernel32:KERNEL32.dll
 0002:00000058       __imp__GetTickCount@0      1001d058     kernel32:KERNEL32.dll
 0002:0000005c       __imp__MultiByteToWideChar@24 1001d05c     kernel32:KERNEL32.dll
 0002:00000060       \177KERNEL32_NULL_THUNK_DATA 1001d060     kernel32:KERNEL32.dll
 0002:00000064       __imp__fopen               1001d064     MSVCRT:MSVCR71.dll
 0002:00000068       __imp___onexit             1001d068     MSVCRT:MSVCR71.dll
 0002:0000006c       __imp____dllonexit         1001d06c     MSVCRT:MSVCR71.dll
 0002:00000070       __imp___except_handler3    1001d070     MSVCRT:MSVCR71.dll
 0002:00000074       __imp____CppXcptFilter     1001d074     MSVCRT:MSVCR71.dll
 0002:00000078       __imp___adjust_fdiv        1001d078     MSVCRT:MSVCR71.dll
 0002:0000007c       __imp___initterm           1001d07c     MSVCRT:MSVCR71.dll
 0002:00000080       __imp__getenv              1001d080     MSVCRT:MSVCR71.dll
 0002:00000084       __imp__sscanf              1001d084     MSVCRT:MSVCR71.dll
 0002:00000088       __imp__calloc              1001d088     MSVCRT:MSVCR71.dll
 0002:0000008c       __imp__strncmp             1001d08c     MSVCRT:MSVCR71.dll
 0002:00000090       __imp__realloc             1001d090     MSVCRT:MSVCR71.dll
 0002:00000094       __imp__strtod              1001d094     MSVCRT:MSVCR71.dll
 0002:00000098       __imp__pow                 1001d098     MSVCRT:MSVCR71.dll
 0002:0000009c       __imp__fabs                1001d09c     MSVCRT:MSVCR71.dll
 0002:000000a0       __imp__abort               1001d0a0     MSVCRT:MSVCR71.dll
 0002:000000a4       __imp__malloc              1001d0a4     MSVCRT:MSVCR71.dll
 0002:000000a8       __imp__free                1001d0a8     MSVCRT:MSVCR71.dll
 0002:000000ac       __imp__memcpy              1001d0ac     MSVCRT:MSVCR71.dll
 0002:000000b0       __imp__memcmp              1001d0b0     MSVCRT:MSVCR71.dll
 0002:000000b4       __imp__memset              1001d0b4     MSVCRT:MSVCR71.dll
 0002:000000b8       __imp__fread               1001d0b8     MSVCRT:MSVCR71.dll
 0002:000000bc       __imp__ungetc              1001d0bc     MSVCRT:MSVCR71.dll
 0002:000000c0       __imp__fgetc               1001d0c0     MSVCRT:MSVCR71.dll
 0002:000000c4       __imp__fclose              1001d0c4     MSVCRT:MSVCR71.dll
 0002:000000c8       __imp__longjmp             1001d0c8     MSVCRT:MSVCR71.dll
 0002:000000cc       __imp___setjmp3            1001d0cc     MSVCRT:MSVCR71.dll
 0002:000000d0       __imp__strlen              1001d0d0     MSVCRT:MSVCR71.dll
 0002:000000d4       __imp__sprintf             1001d0d4     MSVCRT:MSVCR71.dll
 0002:000000d8       __imp__strncpy             1001d0d8     MSVCRT:MSVCR71.dll
 0002:000000dc       __imp__fprintf             1001d0dc     MSVCRT:MSVCR71.dll
 0002:000000e0       __imp___iob                1001d0e0     MSVCRT:MSVCR71.dll
 0002:000000e4       __imp__strcpy              1001d0e4     MSVCRT:MSVCR71.dll
 0002:000000e8       \177MSVCR71_NULL_THUNK_DATA 1001d0e8     MSVCRT:MSVCR71.dll
 0002:000000ec       __imp__SetTimer@16         1001d0ec     user32:USER32.dll
 0002:000000f0       __imp__SetCursor@4         1001d0f0     user32:USER32.dll
 0002:000000f4       __imp__LoadCursorA@8       1001d0f4     user32:USER32.dll
 0002:000000f8       __imp__SetCursorPos@8      1001d0f8     user32:USER32.dll
 0002:000000fc       __imp__WindowFromPoint@8   1001d0fc     user32:USER32.dll
 0002:00000100       __imp__GetCursorPos@4      1001d100     user32:USER32.dll
 0002:00000104       __imp__ShowWindow@8        1001d104     user32:USER32.dll
 0002:00000108       __imp__IsWindowVisible@4   1001d108     user32:USER32.dll
 0002:0000010c       __imp__UpdateWindow@4      1001d10c     user32:USER32.dll
 0002:00000110       __imp__SetWindowRgn@12     1001d110     user32:USER32.dll
 0002:00000114       __imp__InvalidateRect@12   1001d114     user32:USER32.dll
 0002:00000118       __imp__ReleaseDC@8         1001d118     user32:USER32.dll
 0002:0000011c       __imp__GetWindowRect@8     1001d11c     user32:USER32.dll
 0002:00000120       __imp__GetDC@4             1001d120     user32:USER32.dll
 0002:00000124       __imp__RegisterClassExA@4  1001d124     user32:USER32.dll
 0002:00000128       __imp__CreateWindowExA@48  1001d128     user32:USER32.dll
 0002:0000012c       __imp__SetWindowLongA@12   1001d12c     user32:USER32.dll
 0002:00000130       __imp__DefWindowProcA@16   1001d130     user32:USER32.dll
 0002:00000134       __imp__GetWindowLongA@8    1001d134     user32:USER32.dll
 0002:00000138       __imp__BeginPaint@8        1001d138     user32:USER32.dll
 0002:0000013c       __imp__EndPaint@8          1001d13c     user32:USER32.dll
 0002:00000140       __imp__PostQuitMessage@4   1001d140     user32:USER32.dll
 0002:00000144       __imp__PostMessageA@16     1001d144     user32:USER32.dll
 0002:00000148       __imp__GetMessageA@16      1001d148     user32:USER32.dll
 0002:0000014c       __imp__TranslateMessage@4  1001d14c     user32:USER32.dll
 0002:00000150       __imp__DispatchMessageA@4  1001d150     user32:USER32.dll
 0002:00000154       __imp__DestroyWindow@4     1001d154     user32:USER32.dll
 0002:00000158       __imp__KillTimer@8         1001d158     user32:USER32.dll
 0002:0000015c       __imp__GetSystemMetrics@4  1001d15c     user32:USER32.dll
 0002:00000160       __imp__MoveWindow@24       1001d160     user32:USER32.dll
 0002:00000164       \177USER32_NULL_THUNK_DATA 1001d164     user32:USER32.dll
 0002:0000018c       ??_C@_06FALKBLGB@?$DMinit?$DO?$AA@ 1001d18c     java_awt_SplashScreen.obj
 0002:00000194       ??_C@_07CBAIJIEJ@?$CIIIII?$CJV?$AA@ 1001d194     java_awt_SplashScreen.obj
 0002:0000019c       ??_C@_0BD@KACEDCCP@java?1awt?1Rectangle?$AA@ 1001d19c     java_awt_SplashScreen.obj
 0002:000001b0       _baseDitherMatrix          1001d1b0     splashscreen_gfx_impl.obj
 0002:000002e0       ??_C@_02JDPG@rb?$AA@       1001d2e0     splashscreen_impl.obj
 0002:000002e4       ??_C@_0L@BAFDDAPG@Read?5Error?$AA@ 1001d2e4     splashscreen_png.obj
 0002:000002f0       __real@400199999999999a    1001d2f0     splashscreen_png.obj
 0002:000002f8       ??_C@_06PIBLOKJG@1?42?418?$AA@ 1001d2f8     splashscreen_png.obj
 0002:00000300       ??_C@_0BE@PMAEABGN@UpdateLayeredWindow?$AA@ 1001d300     splashscreen_sys.obj
 0002:00000314       ??_C@_0L@GMPLCCII@user32?4dll?$AA@ 1001d314     splashscreen_sys.obj
 0002:0000031f       ??_C@_00CNPNBAHC@?$AA@     1001d31f     splashscreen_sys.obj
 0002:00000320       ??_C@_0L@DMJGLJCL@JavaSplash?$AA@ 1001d320     splashscreen_sys.obj
 0002:0000032c       _png_libpng_ver            1001d32c     png.obj
 0002:00000340       _png_sig                   1001d340     png.obj
 0002:00000348       _png_IHDR                  1001d348     png.obj
 0002:00000350       _png_IDAT                  1001d350     png.obj
 0002:00000358       _png_IEND                  1001d358     png.obj
 0002:00000360       _png_PLTE                  1001d360     png.obj
 0002:00000368       _png_bKGD                  1001d368     png.obj
 0002:00000370       _png_cHRM                  1001d370     png.obj
 0002:00000378       _png_gAMA                  1001d378     png.obj
 0002:00000380       _png_hIST                  1001d380     png.obj
 0002:00000388       _png_iCCP                  1001d388     png.obj
 0002:00000390       _png_iTXt                  1001d390     png.obj
 0002:00000398       _png_oFFs                  1001d398     png.obj
 0002:000003a0       _png_pCAL                  1001d3a0     png.obj
 0002:000003a8       _png_sCAL                  1001d3a8     png.obj
 0002:000003b0       _png_pHYs                  1001d3b0     png.obj
 0002:000003b8       _png_sBIT                  1001d3b8     png.obj
 0002:000003c0       _png_sPLT                  1001d3c0     png.obj
 0002:000003c8       _png_sRGB                  1001d3c8     png.obj
 0002:000003d0       _png_tEXt                  1001d3d0     png.obj
 0002:000003d8       _png_tIME                  1001d3d8     png.obj
 0002:000003e0       _png_tRNS                  1001d3e0     png.obj
 0002:000003e8       _png_zTXt                  1001d3e8     png.obj
 0002:000003f0       _png_pass_start            1001d3f0     png.obj
 0002:0000040c       _png_pass_inc              1001d40c     png.obj
 0002:00000428       _png_pass_ystart           1001d428     png.obj
 0002:00000444       _png_pass_yinc             1001d444     png.obj
 0002:00000460       _png_pass_mask             1001d460     png.obj
 0002:0000047c       _png_pass_dsp_mask         1001d47c     png.obj
 0002:000004c8       ??_C@_0CC@CMIPDMOP@Too?5many?5bytes?5for?5PNG?5signature@ 1001d4c8     png.obj
 0002:000004ec       ??_C@_0CD@PGGPKBFM@Potential?5overflow?5in?5png_zalloc@ 1001d4ec     png.obj
 0002:00000520       ??_C@_0BC@MFANGAPN@libpng?5error?3?5?$CFs?6?$AA@ 1001d520     pngerror.obj
 0002:00000534       ??_C@_0BN@HLDBDDID@libpng?5error?3?5?$CFs?0?5offset?$DN?$CFd?6?$AA@ 1001d534     pngerror.obj
 0002:00000554       ??_C@_0BJ@LPAEKCLO@libpng?5error?5no?4?5?$CFs?3?5?$CFs?6?$AA@ 1001d554     pngerror.obj
 0002:00000570       ??_C@_0BE@LNAJCNP@libpng?5warning?3?5?$CFs?6?$AA@ 1001d570     pngerror.obj
 0002:00000584       ??_C@_0BL@FIILBAME@libpng?5warning?5no?4?5?$CFs?3?5?$CFs?6?$AA@ 1001d584     pngerror.obj
 0002:000005a0       ??_C@_0DC@MHGEAIEM@Width?5too?5large?5for?5libpng?5to?5pr@ 1001d5a0     pngget.obj
 0002:000005d4       ??_C@_0BF@IBPIFLEG@Invalid?5image?5height?$AA@ 1001d5d4     pngget.obj
 0002:000005ec       ??_C@_0BE@MKFPKGEK@Invalid?5image?5width?$AA@ 1001d5ec     pngget.obj
 0002:00000600       ??_C@_0BD@JPMLPKHD@Invalid?5color?5type?$AA@ 1001d600     pngget.obj
 0002:00000614       ??_C@_0BC@IIDONEMJ@Invalid?5bit?5depth?$AA@ 1001d614     pngget.obj
 0002:00000628       ??_C@_0P@PFFMKGBN@Out?5of?5Memory?$CB?$AA@ 1001d628     pngmem.obj
 0002:00000638       ??_C@_0BE@IFBNEDBM@error?5in?5user?5chunk?$AA@ 1001d638     pngpread.obj
 0002:0000064c       ??_C@_0BH@OMJPKJPP@unknown?5critical?5chunk?$AA@ 1001d64c     pngpread.obj
 0002:00000664       ??_C@_0CH@NMANOLCN@PNG?5file?5corrupted?5by?5ASCII?5conv@ 1001d664     pngpread.obj
 0002:0000068c       ??_C@_0P@KIMIGLKH@Not?5a?5PNG?5file?$AA@ 1001d68c     pngpread.obj
 0002:0000069c       ??_C@_0BG@JAHFDNP@Too?5many?5IDAT?8s?5found?$AA@ 1001d69c     pngpread.obj
 0002:000006b4       ??_C@_0BJ@LAKDHAPN@Missing?5PLTE?5before?5IDAT?$AA@ 1001d6b4     pngpread.obj
 0002:000006d0       ??_C@_0BJ@FFGICIDJ@Missing?5IHDR?5before?5IDAT?$AA@ 1001d6d0     pngpread.obj
 0002:000006ec       ??_C@_0BG@OKGHHCLP@Extra?5compressed?5data?$AA@ 1001d6ec     pngpread.obj
 0002:00000704       ??_C@_0BE@JLEKBIKH@Decompression?5Error?$AA@ 1001d704     pngpread.obj
 0002:00000718       ??_C@_0BH@KJLLHDND@Extra?5compression?5data?$AA@ 1001d718     pngpread.obj
 0002:00000730       ??_C@_0BD@LBMCPKOE@zlib?5version?5error?$AA@ 1001d730     pngread.obj
 0002:00000744       ??_C@_0BC@MCPIPOGP@zlib?5memory?5error?$AA@ 1001d744     pngread.obj
 0002:00000758       ??_C@_0BD@CPDHIJBA@Unknown?5zlib?5error?$AA@ 1001d758     pngread.obj
 0002:0000076c       ??_C@_0M@PMDOIAEH@1?41?43?4f?9jdk?$AA@ 1001d76c     pngread.obj
 0002:00000778       ??_C@_0DH@LDFDLODO@Incompatible?5libpng?5version?5in?5a@ 1001d778     pngread.obj
 0002:000007b0       ??_C@_0DG@CCNLMKFB@Application?5?5is?5?5running?5with?5pn@ 1001d7b0     pngread.obj
 0002:000007e8       ??_C@_0DG@OGOEMJOC@Application?5was?5compiled?5with?5pn@ 1001d7e8     pngread.obj
 0002:00000820       ??_C@_0EH@CHENFKEM@Ignoring?5extra?5png_read_update_i@ 1001d820     pngread.obj
 0002:00000868       ??_C@_0BE@JMOGBNJB@Decompression?5error?$AA@ 1001d868     pngread.obj
 0002:0000087c       ??_C@_0BG@EIEOOJHA@Not?5enough?5image?5data?$AA@ 1001d87c     pngread.obj
 0002:00000894       ??_C@_0CB@KCPNIGFM@Invalid?5attempt?5to?5read?5row?5data@ 1001d894     pngread.obj
 0002:000008b8       ??_C@_0BL@GPADEDKN@Call?5to?5NULL?5read?5function?$AA@ 1001d8b8     pngrio.obj
 0002:000008d4       ??_C@_0DC@EOBOCMJO@same?5structure?4?5?5Resetting?5write@ 1001d8d4     pngrio.obj
 0002:00000908       ??_C@_0EB@NJKELLKM@It?8s?5an?5error?5to?5set?5both?5read_d@ 1001d908     pngrio.obj
 0002:00000970       __real@3fa999999999999a    1001d970     pngrtran.obj
 0002:00000978       __real@3ff0000000000000    1001d978     pngrtran.obj
 0002:00000980       __real@40efffe000000000    1001d980     pngrtran.obj
 0002:00000988       __real@3ef0001000100010    1001d988     pngrtran.obj
 0002:00000990       __real@3f70000000000000    1001d990     pngrtran.obj
 0002:00000998       __real@41f0000000000000    1001d998     pngrtran.obj
 0002:000009a0       __real@3fe0000000000000    1001d9a0     pngrtran.obj
 0002:000009a8       __real@406fe00000000000    1001d9a8     pngrtran.obj
 0002:000009b0       __real@3f70101010101010    1001d9b0     pngrtran.obj
 0002:000009b8       __real@3eb0c6f7a0b5ed8d    1001d9b8     pngrtran.obj
 0002:000009c0       __real@40f86a0000000000    1001d9c0     pngrtran.obj
 0002:000009c8       __real@0000000000000000    1001d9c8     pngrtran.obj
 0002:000009d0       ??_C@_0CC@JEAKIKEF@png_do_dither?5returned?5rowbytes?$DN@ 1001d9d0     pngrtran.obj
 0002:000009f4       ??_C@_0CH@DAMIMNHG@png_do_rgb_to_gray?5found?5nongray@ 1001d9f4     pngrtran.obj
 0002:00000a1c       ??_C@_0CF@HEFPFJHN@NULL?5row?5buffer?5for?5row?5?$CFld?0?5pas@ 1001da1c     pngrtran.obj
 0002:00000a64       ??_C@_0CB@MCDBJLEK@Unknown?5zTXt?5compression?5type?5?$CFd@ 1001da64     pngrutil.obj
 0002:00000a88       ??_C@_0BM@JFPBMAIB@Not?5enough?5memory?5for?5text?4?$AA@ 1001da88     pngrutil.obj
 0002:00000aa4       ??_C@_0CN@DJANJIKN@Incomplete?5compressed?5datastream@ 1001daa4     pngrutil.obj
 0002:00000ad4       ??_C@_0DA@FNMACPCD@Data?5error?5in?5compressed?5datastr@ 1001dad4     pngrutil.obj
 0002:00000b04       ??_C@_0DC@PEAPBHCI@Buffer?5error?5in?5compressed?5datas@ 1001db04     pngrutil.obj
 0002:00000b38       ??_C@_0CG@CPNAANEJ@Not?5enough?5memory?5to?5decompress?5@ 1001db38     pngrutil.obj
 0002:00000b60       ??_C@_0CI@GGNOMFOH@Not?5enough?5memory?5to?5decompress?5@ 1001db60     pngrutil.obj
 0002:00000b88       ??_C@_0CH@ECICABF@Not?5enough?5memory?5to?5decompress?5@ 1001db88     pngrutil.obj
 0002:00000bb0       ??_C@_0BD@GFBMLKLH@invalid?5chunk?5type?$AA@ 1001dbb0     pngrutil.obj
 0002:00000bc4       ??_C@_0CC@FECADCN@Ignoring?5bad?5adaptive?5filter?5typ@ 1001dbc4     pngrutil.obj
 0002:00000be8       ??_C@_0CO@BIJGDGNC@Row?5has?5too?5many?5bytes?5to?5alloca@ 1001dbe8     pngrutil.obj
 0002:00000c18       ??_C@_0CD@EOPDCPFH@PNG?5unsigned?5integer?5out?5of?5rang@ 1001dc18     pngrutil.obj
 0002:00000c3c       ??_C@_09BJGMGMHA@CRC?5error?$AA@ 1001dc3c     pngrutil.obj
 0002:00000c48       ??_C@_0BD@CLODLFAN@Invalid?5IHDR?5chunk?$AA@ 1001dc48     pngrutil.obj
 0002:00000c5c       ??_C@_0BC@KBAKFAAH@Out?5of?5place?5IHDR?$AA@ 1001dc5c     pngrutil.obj
 0002:00000c70       ??_C@_0CM@LODLIOMP@Truncating?5incorrect?5info?5tRNS?5c@ 1001dc70     pngrutil.obj
 0002:00000c9c       ??_C@_0CH@GNNEJFAH@Truncating?5incorrect?5tRNS?5chunk?5@ 1001dc9c     pngrutil.obj
 0002:00000cc4       ??_C@_0BG@HHEHMEJK@Invalid?5palette?5chunk?$AA@ 1001dcc4     pngrutil.obj
 0002:00000cdc       ??_C@_0CF@FFJHLJE@Ignoring?5PLTE?5chunk?5in?5grayscale@ 1001dcdc     pngrutil.obj
 0002:00000d04       ??_C@_0BF@PMKDIIMG@Duplicate?5PLTE?5chunk?$AA@ 1001dd04     pngrutil.obj
 0002:00000d1c       ??_C@_0BI@GEKPHPN@Invalid?5PLTE?5after?5IDAT?$AA@ 1001dd1c     pngrutil.obj
 0002:00000d34       ??_C@_0BJ@LEBILHKO@Missing?5IHDR?5before?5PLTE?$AA@ 1001dd34     pngrutil.obj
 0002:00000d50       ??_C@_0BM@PFCLLCBO@Incorrect?5IEND?5chunk?5length?$AA@ 1001dd50     pngrutil.obj
 0002:00000d6c       ??_C@_0BB@BLPFHNNN@No?5image?5in?5file?$AA@ 1001dd6c     pngrutil.obj
 0002:00000d80       __real@3727c5ac            1001dd80     pngrutil.obj
 0002:00000d84       ??_C@_0BF@BDHDCHJF@gamma?5?$DN?5?$CI?$CFd?1100000?$CJ?6?$AA@ 1001dd84     pngrutil.obj
 0002:00000d9c       ??_C@_0DI@KINMKNNO@Ignoring?5incorrect?5gAMA?5value?5wh@ 1001dd9c     pngrutil.obj
 0002:00000dd4       ??_C@_0CB@NAEALNDI@Ignoring?5gAMA?5chunk?5with?5gamma?$DN0@ 1001ddd4     pngrutil.obj
 0002:00000df8       ??_C@_0BM@NIAHDFBB@Incorrect?5gAMA?5chunk?5length?$AA@ 1001ddf8     pngrutil.obj
 0002:00000e14       ??_C@_0BF@IMCFKHDJ@Duplicate?5gAMA?5chunk?$AA@ 1001de14     pngrutil.obj
 0002:00000e2c       ??_C@_0BI@JEEHFLME@Out?5of?5place?5gAMA?5chunk?$AA@ 1001de2c     pngrutil.obj
 0002:00000e44       ??_C@_0BI@POPIJBNN@Invalid?5gAMA?5after?5IDAT?$AA@ 1001de44     pngrutil.obj
 0002:00000e5c       ??_C@_0BJ@CCOIFGBO@Missing?5IHDR?5before?5gAMA?$AA@ 1001de5c     pngrutil.obj
 0002:00000e78       ??_C@_0BM@NECIIMI@Incorrect?5sBIT?5chunk?5length?$AA@ 1001de78     pngrutil.obj
 0002:00000e94       ??_C@_0BF@BAIKMFDA@Duplicate?5sBIT?5chunk?$AA@ 1001de94     pngrutil.obj
 0002:00000eac       ??_C@_0BI@IOIDJMN@Out?5of?5place?5sBIT?5chunk?$AA@ 1001deac     pngrutil.obj
 0002:00000ec4       ??_C@_0BI@GNBHBDGP@Invalid?5sBIT?5after?5IDAT?$AA@ 1001dec4     pngrutil.obj
 0002:00000edc       ??_C@_0BJ@JFIBIGHK@Missing?5IHDR?5before?5sBIT?$AA@ 1001dedc     pngrutil.obj
 0002:00000ef8       ??_C@_0BJ@FAHLKGEB@Invalid?5cHRM?5white?5point?$AA@ 1001def8     pngrutil.obj
 0002:00000f14       ??_C@_0BM@IACKJHOF@gx?$DN?$CFf?0?5gy?$DN?$CFf?0?5bx?$DN?$CFf?0?5by?$DN?$CFf?6?$AA@ 1001df14     pngrutil.obj
 0002:00000f30       ??_C@_0BM@NBPNPEHL@wx?$DN?$CFf?0?5wy?$DN?$CFf?0?5rx?$DN?$CFf?0?5ry?$DN?$CFf?6?$AA@ 1001df30     pngrutil.obj
 0002:00000f4c       ??_C@_0DI@MIMDNNAG@Ignoring?5incorrect?5cHRM?5value?5wh@ 1001df4c     pngrutil.obj
 0002:00000f84       ??_C@_0BI@GNBEGBIO@Invalid?5cHRM?5blue?5point?$AA@ 1001df84     pngrutil.obj
 0002:00000f9c       ??_C@_0BJ@OMNHHNBI@Invalid?5cHRM?5green?5point?$AA@ 1001df9c     pngrutil.obj
 0002:00000fb8       ??_C@_0BH@MNPFDHMO@Invalid?5cHRM?5red?5point?$AA@ 1001dfb8     pngrutil.obj
 0002:00000fd0       ??_C@_0BM@JPCBJGIK@Incorrect?5cHRM?5chunk?5length?$AA@ 1001dfd0     pngrutil.obj
 0002:00000fec       ??_C@_0BF@OEDPGHJO@Duplicate?5cHRM?5chunk?$AA@ 1001dfec     pngrutil.obj
 0002:00001004       ??_C@_0BJ@PEGEEMNB@Missing?5PLTE?5before?5cHRM?$AA@ 1001e004     pngrutil.obj
 0002:00001020       ??_C@_0BI@PGCHPLFE@Invalid?5cHRM?5after?5IDAT?$AA@ 1001e020     pngrutil.obj
 0002:00001038       ??_C@_0BJ@BBKPBEBF@Missing?5IHDR?5before?5cHRM?$AA@ 1001e038     pngrutil.obj
 0002:00001054       ??_C@_0BN@PPEBNPGC@incorrect?5gamma?$DN?$CI?$CFd?1100000?$CJ?6?$AA@ 1001e054     pngrutil.obj
 0002:00001074       ??_C@_0BE@CEGOJHBA@Unknown?5sRGB?5intent?$AA@ 1001e074     pngrutil.obj
 0002:00001088       ??_C@_0BM@FMAJKMKD@Incorrect?5sRGB?5chunk?5length?$AA@ 1001e088     pngrutil.obj
 0002:000010a4       ??_C@_0BF@EFDCKHOG@Duplicate?5sRGB?5chunk?$AA@ 1001e0a4     pngrutil.obj
 0002:000010bc       ??_C@_0BI@FNFAFLBL@Out?5of?5place?5sRGB?5chunk?$AA@ 1001e0bc     pngrutil.obj
 0002:000010d4       ??_C@_0BI@PGAMKAKH@Invalid?5sRGB?5after?5IDAT?$AA@ 1001e0d4     pngrutil.obj
 0002:000010ec       ??_C@_0BJ@NDJOEJDI@Missing?5IHDR?5before?5sRGB?$AA@ 1001e0ec     pngrutil.obj
 0002:00001108       ??_C@_0CL@DPOBKPIG@Profile?5size?5field?5missing?5from?5@ 1001e108     pngrutil.obj
 0002:00001134       ??_C@_0CB@EGBHHAKA@Ignoring?5truncated?5iCCP?5profile?4@ 1001e134     pngrutil.obj
 0002:00001158       ??_C@_0DA@PBEFIAOD@Ignoring?5nonzero?5compression?5typ@ 1001e158     pngrutil.obj
 0002:00001188       ??_C@_0BF@NLNNCHCP@Malformed?5iCCP?5chunk?$AA@ 1001e188     pngrutil.obj
 0002:000011a0       ??_C@_0BF@KCHFLGCF@Duplicate?5iCCP?5chunk?$AA@ 1001e1a0     pngrutil.obj
 0002:000011b8       ??_C@_0BI@LKBHEKNI@Out?5of?5place?5iCCP?5chunk?$AA@ 1001e1b8     pngrutil.obj
 0002:000011d0       ??_C@_0BI@NEPGPMDI@Invalid?5iCCP?5after?5IDAT?$AA@ 1001e1d0     pngrutil.obj
 0002:000011e8       ??_C@_0BJ@GOJGCOOO@Missing?5IHDR?5before?5iCCP?$AA@ 1001e1e8     pngrutil.obj
 0002:00001204       ??_C@_0CE@MCMAFPMA@sPLT?5chunk?5requires?5too?5much?5mem@ 1001e204     pngrutil.obj
 0002:00001228       ??_C@_0BE@HJCMKPPM@sPLT?5chunk?5too?5long?$AA@ 1001e228     pngrutil.obj
 0002:0000123c       ??_C@_0BK@FFJLCLGE@sPLT?5chunk?5has?5bad?5length?$AA@ 1001e23c     pngrutil.obj
 0002:00001258       ??_C@_0BF@JHCGGFHI@malformed?5sPLT?5chunk?$AA@ 1001e258     pngrutil.obj
 0002:00001270       ??_C@_0BI@FFAFDNM@Invalid?5sPLT?5after?5IDAT?$AA@ 1001e270     pngrutil.obj
 0002:00001288       ??_C@_0BJ@GJFKNLIF@Missing?5IHDR?5before?5sPLT?$AA@ 1001e288     pngrutil.obj
 0002:000012a4       ??_C@_0CK@JMGMOHJA@tRNS?5chunk?5not?5allowed?5with?5alph@ 1001e2a4     pngrutil.obj
 0002:000012d0       ??_C@_0BH@JJNMONHM@Zero?5length?5tRNS?5chunk?$AA@ 1001e2d0     pngrutil.obj
 0002:000012e8       ??_C@_0BJ@NIHNNFHD@Missing?5PLTE?5before?5tRNS?$AA@ 1001e2e8     pngrutil.obj
 0002:00001304       ??_C@_0BM@JNMFOMLO@Incorrect?5tRNS?5chunk?5length?$AA@ 1001e304     pngrutil.obj
 0002:00001320       ??_C@_0BF@HALLDFIL@Duplicate?5tRNS?5chunk?$AA@ 1001e320     pngrutil.obj
 0002:00001338       ??_C@_0BI@MMDCNIMN@Invalid?5tRNS?5after?5IDAT?$AA@ 1001e338     pngrutil.obj
 0002:00001350       ??_C@_0BJ@DNLGINLH@Missing?5IHDR?5before?5tRNS?$AA@ 1001e350     pngrutil.obj
 0002:0000136c       ??_C@_0CB@NACPDIGJ@Incorrect?5bKGD?5chunk?5index?5value@ 1001e36c     pngrutil.obj
 0002:00001390       ??_C@_0BM@MJOFIPAI@Incorrect?5bKGD?5chunk?5length?$AA@ 1001e390     pngrutil.obj
 0002:000013ac       ??_C@_0BF@DHJOBPEI@Duplicate?5bKGD?5chunk?$AA@ 1001e3ac     pngrutil.obj
 0002:000013c4       ??_C@_0BJ@BAJOBAFN@Missing?5PLTE?5before?5bKGD?$AA@ 1001e3c4     pngrutil.obj
 0002:000013e0       ??_C@_0BI@CMLGFIFF@Invalid?5bKGD?5after?5IDAT?$AA@ 1001e3e0     pngrutil.obj
 0002:000013f8       ??_C@_0BJ@PFFFEIJJ@Missing?5IHDR?5before?5bKGD?$AA@ 1001e3f8     pngrutil.obj
 0002:00001414       ??_C@_0BM@HJCIDHBG@Incorrect?5hIST?5chunk?5length?$AA@ 1001e414     pngrutil.obj
 0002:00001430       ??_C@_0BF@FMFDLFKH@Duplicate?5hIST?5chunk?$AA@ 1001e430     pngrutil.obj
 0002:00001448       ??_C@_0BJ@KBMKNJIK@Missing?5PLTE?5before?5hIST?$AA@ 1001e448     pngrutil.obj
 0002:00001464       ??_C@_0BI@LLJKEGEF@Invalid?5hIST?5after?5IDAT?$AA@ 1001e464     pngrutil.obj
 0002:0000147c       ??_C@_0BJ@EEABIBEO@Missing?5IHDR?5before?5hIST?$AA@ 1001e47c     pngrutil.obj
 0002:00001498       ??_C@_0BF@MBDJBKMG@Duplicate?5pHYs?5chunk?$AA@ 1001e498     pngrutil.obj
 0002:000014b0       ??_C@_0BI@ILGPKLEK@Invalid?5pHYs?5after?5IDAT?$AA@ 1001e4b0     pngrutil.obj
 0002:000014c8       ??_C@_0BM@CAALIFOJ@Incorrect?5pHYs?5chunk?5length?$AA@ 1001e4c8     pngrutil.obj
 0002:000014e4       ??_C@_0BJ@HLHPANNL@Missing?5IHDR?5before?5pHYs?$AA@ 1001e4e4     pngrutil.obj
 0002:00001500       ??_C@_0BF@JBIHJHNI@Duplicate?5oFFs?5chunk?$AA@ 1001e500     pngrutil.obj
 0002:00001518       ??_C@_0BI@DOPHGCAB@Invalid?5oFFs?5after?5IDAT?$AA@ 1001e518     pngrutil.obj
 0002:00001530       ??_C@_0BM@NBDONMKL@Incorrect?5oFFs?5chunk?5length?$AA@ 1001e530     pngrutil.obj
 0002:0000154c       ??_C@_0BJ@GOGKJOPG@Missing?5IHDR?5before?5oFFs?$AA@ 1001e54c     pngrutil.obj
 0002:00001568       ??_C@_0BL@ELFLIGPP@No?5memory?5for?5pCAL?5params?4?$AA@ 1001e568     pngrutil.obj
 0002:00001584       ??_C@_0CK@GBCGFDCK@Unrecognized?5equation?5type?5for?5p@ 1001e584     pngrutil.obj
 0002:000015b0       ??_C@_0CK@ONFOCIAG@Invalid?5pCAL?5parameters?5for?5equa@ 1001e5b0     pngrutil.obj
 0002:000015dc       ??_C@_0BC@KNEPBMNA@Invalid?5pCAL?5data?$AA@ 1001e5dc     pngrutil.obj
 0002:000015f0       ??_C@_0BF@HCCMEAIJ@Duplicate?5pCAL?5chunk?$AA@ 1001e5f0     pngrutil.obj
 0002:00001608       ??_C@_0BI@CAHJBHPE@Invalid?5pCAL?5after?5IDAT?$AA@ 1001e608     pngrutil.obj
 0002:00001620       ??_C@_0BM@BADKGCIJ@No?5memory?5for?5pCAL?5purpose?4?$AA@ 1001e620     pngrutil.obj
 0002:0000163c       ??_C@_0BJ@OGJFFCCO@Missing?5IHDR?5before?5pCAL?$AA@ 1001e63c     pngrutil.obj
 0002:00001658       ??_C@_0BC@EGHIKHND@Invalid?5sCAL?5data?$AA@ 1001e658     pngrutil.obj
 0002:0000166c       ??_C@_0CG@ILPCKGAK@malformed?5height?5string?5in?5sCAL?5@ 1001e66c     pngrutil.obj
 0002:00001694       ??_C@_0CF@LLNCAD@malformed?5width?5string?5in?5sCAL?5c@ 1001e694     pngrutil.obj
 0002:000016bc       ??_C@_0BF@OLMOCGII@Duplicate?5sCAL?5chunk?$AA@ 1001e6bc     pngrutil.obj
 0002:000016d4       ??_C@_0BI@JLBKDAG@Invalid?5sCAL?5after?5IDAT?$AA@ 1001e6d4     pngrutil.obj
 0002:000016ec       ??_C@_0CK@IHKBDLGD@Out?5of?5memory?5while?5processing?5s@ 1001e6ec     pngrutil.obj
 0002:00001718       ??_C@_0BJ@KBDFCIPO@Missing?5IHDR?5before?5sCAL?$AA@ 1001e718     pngrutil.obj
 0002:00001734       ??_C@_0BF@CMKMELPN@Duplicate?5tIME?5chunk?$AA@ 1001e734     pngrutil.obj
 0002:0000174c       ??_C@_0BM@HAEOJOJG@Incorrect?5tIME?5chunk?5length?$AA@ 1001e74c     pngrutil.obj
 0002:00001768       ??_C@_0BI@DEMOLHAA@Out?5of?5place?5tIME?5chunk?$AA@ 1001e768     pngrutil.obj
 0002:00001780       ??_C@_0CL@OGIJCCIO@Insufficient?5memory?5to?5process?5t@ 1001e780     pngrutil.obj
 0002:000017ac       ??_C@_0CJ@FOHJNEOL@Not?5enough?5memory?5to?5process?5tex@ 1001e7ac     pngrutil.obj
 0002:000017d8       ??_C@_0CB@EKMLANHJ@No?5memory?5to?5process?5text?5chunk?4@ 1001e7d8     pngrutil.obj
 0002:000017fc       ??_C@_0BJ@DCBGIPDG@Missing?5IHDR?5before?5tEXt?$AA@ 1001e7fc     pngrutil.obj
 0002:00001818       ??_C@_0CJ@KDPACLDH@Insufficient?5memory?5to?5store?5zTX@ 1001e818     pngrutil.obj
 0002:00001844       ??_C@_0CJ@BBPBJAPJ@Not?5enough?5memory?5to?5process?5zTX@ 1001e844     pngrutil.obj
 0002:00001870       ??_C@_0CH@KHHIIBBM@Unknown?5compression?5type?5in?5zTXt@ 1001e870     pngrutil.obj
 0002:00001898       ??_C@_0BH@OKNNOGIJ@Zero?5length?5zTXt?5chunk?$AA@ 1001e898     pngrutil.obj
 0002:000018b0       ??_C@_0CF@INOJJBEP@Out?5of?5memory?5processing?5zTXt?5ch@ 1001e8b0     pngrutil.obj
 0002:000018d8       ??_C@_0BJ@GFIDABKN@Missing?5IHDR?5before?5zTXt?$AA@ 1001e8d8     pngrutil.obj
 0002:000018f4       ??_C@_0BH@FADDMAED@Extra?5compressed?5data?4?$AA@ 1001e8f4     pngrutil.obj
 0002:0000190c       ??_C@_0DE@IIKHIEFN@Ignoring?5attempt?5to?5set?5negative@ 1001e90c     pngset.obj
 0002:00001940       ??_C@_0DO@EEGLKLJK@Ignoring?5attempt?5to?5set?5chromati@ 1001e940     pngset.obj
 0002:00001980       __real@40d4f8b51eb851ec    1001e980     pngset.obj
 0002:00001988       __real@3ee4f8b588e368f1    1001e988     pngset.obj
 0002:00001990       __real@41dfffffffc00000    1001e990     pngset.obj
 0002:00001998       ??_C@_0BA@FODJPOMI@Setting?5gamma?$DN0?$AA@ 1001e998     pngset.obj
 0002:000019a8       ??_C@_0BL@OOPLOBFJ@Limiting?5gamma?5to?521474?483?$AA@ 1001e9a8     pngset.obj
 0002:000019c4       ??_C@_0BP@BJIADBMD@Setting?5negative?5gamma?5to?5zero?$AA@ 1001e9c4     pngset.obj
 0002:000019e4       ??_C@_0CP@KJELKCMD@Invalid?5palette?5size?0?5hIST?5alloc@ 1001e9e4     pngset.obj
 0002:00001a14       ??_C@_0CJ@HIIPIHBM@Insufficient?5memory?5for?5hIST?5chu@ 1001ea14     pngset.obj
 0002:00001a40       ??_C@_0BO@PAJOKPHG@Invalid?5filter?5method?5in?5IHDR?$AA@ 1001ea40     pngset.obj
 0002:00001a60       ??_C@_0BO@KOOEGEDO@Unknown?5filter?5method?5in?5IHDR?$AA@ 1001ea60     pngset.obj
 0002:00001a80       ??_C@_0DB@CJBLKABO@MNG?5features?5are?5not?5allowed?5in?5@ 1001ea80     pngset.obj
 0002:00001ab4       ??_C@_0CD@DDOOCEDP@Unknown?5compression?5method?5in?5IH@ 1001eab4     pngset.obj
 0002:00001ad8       ??_C@_0CB@EMHJMLOA@Unknown?5interlace?5method?5in?5IHDR@ 1001ead8     pngset.obj
 0002:00001afc       ??_C@_0DB@FGMBGHOJ@Invalid?5color?5type?1bit?5depth?5com@ 1001eafc     pngset.obj
 0002:00001b30       ??_C@_0BL@KPIFPGMP@Invalid?5color?5type?5in?5IHDR?$AA@ 1001eb30     pngset.obj
 0002:00001b4c       ??_C@_0BK@OAKOLNFJ@Invalid?5bit?5depth?5in?5IHDR?$AA@ 1001eb4c     pngset.obj
 0002:00001b68       ??_C@_0DA@KJHOLOOI@Width?5is?5too?5large?5for?5libpng?5to@ 1001eb68     pngset.obj
 0002:00001b98       ??_C@_0BL@PKEOJJBA@Invalid?5image?5size?5in?5IHDR?$AA@ 1001eb98     pngset.obj
 0002:00001bb4       ??_C@_0CH@MBJMGPKM@image?5size?5exceeds?5user?5limits?5i@ 1001ebb4     pngset.obj
 0002:00001bdc       ??_C@_0CG@OEFPMCG@Image?5width?5or?5height?5is?5zero?5in@ 1001ebdc     pngset.obj
 0002:00001c04       ??_C@_0CI@BJJAJFBL@Insufficient?5memory?5for?5pCAL?5par@ 1001ec04     pngset.obj
 0002:00001c2c       ??_C@_0CF@FNBJPHKN@Insufficient?5memory?5for?5pCAL?5par@ 1001ec2c     pngset.obj
 0002:00001c54       ??_C@_0CE@GHAOJDBK@Insufficient?5memory?5for?5pCAL?5uni@ 1001ec54     pngset.obj
 0002:00001c78       ??_C@_0CG@JFEJBACA@Insufficient?5memory?5for?5pCAL?5pur@ 1001ec78     pngset.obj
 0002:00001ca0       ??_C@_0BH@IKBNLCFC@Invalid?5palette?5length?$AA@ 1001eca0     pngset.obj
 0002:00001cb8       __real@3fd40346e0000000    1001ecb8     pngset.obj
 0002:00001cc0       __real@3fd50e5600000000    1001ecc0     pngset.obj
 0002:00001cc8       __real@3fe47ae140000000    1001ecc8     pngset.obj
 0002:00001cd0       __real@3fd51eb860000000    1001ecd0     pngset.obj
 0002:00001cd8       __real@3fd3333340000000    1001ecd8     pngset.obj
 0002:00001ce0       __real@3fe3333340000000    1001ece0     pngset.obj
 0002:00001ce8       __real@3fc3333340000000    1001ece8     pngset.obj
 0002:00001cf0       __real@3faeb851e0000000    1001ecf0     pngset.obj
 0002:00001cf8       __real@3fdd1758e0000000    1001ecf8     pngset.obj
 0002:00001d00       ??_C@_0CN@LIEAHFGD@Insufficient?5memory?5to?5process?5i@ 1001ed00     pngset.obj
 0002:00001d30       ??_C@_0CL@FFBJCBGI@Insufficient?5memory?5to?5process?5i@ 1001ed30     pngset.obj
 0002:00001d5c       ??_C@_0BK@DENNMICD@iTXt?5chunk?5not?5supported?4?$AA@ 1001ed5c     pngset.obj
 0002:00001d78       ??_C@_0BN@MLELJANO@No?5memory?5for?5sPLT?5palettes?4?$AA@ 1001ed78     pngset.obj
 0002:00001d98       ??_C@_0CI@ICGKPKMD@Out?5of?5memory?5processing?5unknown@ 1001ed98     pngset.obj
 0002:00001dc0       ??_C@_0CO@KHAGOEON@Out?5of?5memory?5while?5processing?5u@ 1001edc0     pngset.obj
 0002:000020f0       ??_C@_06MGBLNLI@GIFVER?$AA@ 1001f0f0     dgif_lib.obj
 0002:000020f8       _deflate_copyright         1001f0f8     deflate.obj
 0002:000021fc       ??_C@_0BK@BMMPFBBH@invalid?5bit?5length?5repeat?$AA@ 1001f1fc     infblock.obj
 0002:00002218       ??_C@_0CE@GMIGFPBB@too?5many?5length?5or?5distance?5symb@ 1001f218     infblock.obj
 0002:0000223c       ??_C@_0BN@LGAADGOK@invalid?5stored?5block?5lengths?$AA@ 1001f23c     infblock.obj
 0002:0000225c       ??_C@_0BD@PJCBIDD@invalid?5block?5type?$AA@ 1001f25c     infblock.obj
 0002:00002270       ??_C@_0BG@LBKINIKP@invalid?5distance?5code?$AA@ 1001f270     infcodes.obj
 0002:00002288       ??_C@_0BM@FFFLPBBC@invalid?5literal?1length?5code?$AA@ 1001f288     infcodes.obj
 0002:000022a8       ??_C@_0BA@MOKMMFOD@need?5dictionary?$AA@ 1001f2a8     inflate.obj
 0002:000022b8       ??_C@_0BF@MEIGEHBE@incorrect?5data?5check?$AA@ 1001f2b8     inflate.obj
 0002:000022d0       ??_C@_0BH@LIBMMIGA@incorrect?5header?5check?$AA@ 1001f2d0     inflate.obj
 0002:000022e8       ??_C@_0BE@EMOGCLGO@invalid?5window?5size?$AA@ 1001f2e8     inflate.obj
 0002:000022fc       ??_C@_0BL@IHKGDAEE@unknown?5compression?5method?$AA@ 1001f2fc     inflate.obj
 0002:00002318       _inflate_copyright         1001f318     inftrees.obj
 0002:00002540       ??_C@_0CE@LOHAHEGK@incomplete?5dynamic?5bit?5lengths?5t@ 1001f540     inftrees.obj
 0002:00002564       ??_C@_0CI@CGMOPDPD@oversubscribed?5dynamic?5bit?5lengt@ 1001f564     inftrees.obj
 0002:0000258c       ??_C@_0BP@NEEEJJNA@incomplete?5literal?1length?5tree?$AA@ 1001f58c     inftrees.obj
 0002:000025ac       ??_C@_0CD@GJIDGCKE@oversubscribed?5literal?1length?5tr@ 1001f5ac     inftrees.obj
 0002:000025d0       ??_C@_0CB@KPKKKLFO@empty?5distance?5tree?5with?5lengths@ 1001f5d0     inftrees.obj
 0002:000025f4       ??_C@_0BJ@CBCPDPJF@incomplete?5distance?5tree?$AA@ 1001f5f4     inftrees.obj
 0002:00002610       ??_C@_0BN@KBLCDIAI@oversubscribed?5distance?5tree?$AA@ 1001f610     inftrees.obj
 0002:00002c78       __dist_code                1001fc78     trees.obj
 0002:00002e78       __length_code              1001fe78     trees.obj
 0002:00003468       ??_C@_0BF@CJFPCCEG@incompatible?5version?$AA@ 10020468     zutil.obj
 0002:00003480       ??_C@_0N@DFPGLBGC@buffer?5error?$AA@ 10020480     zutil.obj
 0002:00003490       ??_C@_0BE@OGGJBMCE@insufficient?5memory?$AA@ 10020490     zutil.obj
 0002:000034a4       ??_C@_0L@HAHMBNLP@data?5error?$AA@ 100204a4     zutil.obj
 0002:000034b0       ??_C@_0N@MKKNPMJD@stream?5error?$AA@ 100204b0     zutil.obj
 0002:000034c0       ??_C@_0L@KIJFAKBJ@file?5error?$AA@ 100204c0     zutil.obj
 0002:000034cc       ??_C@_0L@FNAOCBOG@stream?5end?$AA@ 100204cc     zutil.obj
 0002:00003698       _jMsgTable                 10020698     jerror.obj
 0002:0000388c       ??_C@_0CL@OCGBAKPF@Application?5transferred?5too?5many@ 1002088c     jerror.obj
 0002:000038b8       ??_C@_0CL@BAKCGOKJ@Invalid?5SOS?5parameters?5for?5seque@ 100208b8     jerror.obj
 0002:000038e4       ??_C@_0DI@NFMBADOH@Corrupt?5JPEG?5data?3?5found?5marker?5@ 100208e4     jerror.obj
 0002:0000391c       ??_C@_0BL@DPFPFMLM@Premature?5end?5of?5JPEG?5file?$AA@ 1002091c     jerror.obj
 0002:00003938       ??_C@_0CO@ODCCEDLN@Warning?3?5unknown?5JFIF?5revision?5n@ 10020938     jerror.obj
 0002:00003968       ??_C@_0CE@PBLDOPKB@Corrupt?5JPEG?5data?3?5bad?5Huffman?5c@ 10020968     jerror.obj
 0002:0000398c       ??_C@_0DB@PGMEPGHN@Corrupt?5JPEG?5data?3?5premature?5end@ 1002098c     jerror.obj
 0002:000039c0       ??_C@_0DM@PCOGCKJB@Corrupt?5JPEG?5data?3?5?$CFu?5extraneous@ 100209c0     jerror.obj
 0002:00003a00       ??_C@_0EC@CBCJOINE@Inconsistent?5progression?5sequenc@ 10020a00     jerror.obj
 0002:00003a44       ??_C@_0CG@KEGHCDOM@Unknown?5Adobe?5color?5transform?5co@ 10020a44     jerror.obj
 0002:00003a6c       ??_C@_0BH@LJLGPEFF@Obtained?5XMS?5handle?5?$CFu?$AA@ 10020a6c     jerror.obj
 0002:00003a84       ??_C@_0BE@FOGGKKAO@Freed?5XMS?5handle?5?$CFu?$AA@ 10020a84     jerror.obj
 0002:00003a98       ??_C@_0DE@EEJCDLOO@Unrecognized?5component?5IDs?5?$CFd?5?$CFd@ 10020a98     jerror.obj
 0002:00003acc       ??_C@_0DG@FCFDGNHE@JFIF?5extension?5marker?3?5RGB?5thumb@ 10020acc     jerror.obj
 0002:00003b04       ??_C@_0DK@JGAPDCJL@JFIF?5extension?5marker?3?5palette?5t@ 10020b04     jerror.obj
 0002:00003b40       ??_C@_0EC@ELDEPOJP@JFIF?5extension?5marker?3?5JPEG?9comp@ 10020b40     jerror.obj
 0002:00003b84       ??_C@_0BJ@GOCABEP@Opened?5temporary?5file?5?$CFs?$AA@ 10020b84     jerror.obj
 0002:00003ba0       ??_C@_0BJ@KDCGAOJB@Closed?5temporary?5file?5?$CFs?$AA@ 10020ba0     jerror.obj
 0002:00003bbc       ??_C@_0BN@GAMIJLDC@?5?5Ss?$DN?$CFd?0?5Se?$DN?$CFd?0?5Ah?$DN?$CFd?0?5Al?$DN?$CFd?$AA@ 10020bbc     jerror.obj
 0002:00003bdc       ??_C@_0BO@CDEKFGLC@?5?5?5?5Component?5?$CFd?3?5dc?$DN?$CFd?5ac?$DN?$CFd?$AA@ 10020bdc     jerror.obj
 0002:00003bfc       ??_C@_0BN@BLOOHNC@Start?5Of?5Scan?3?5?$CFd?5components?$AA@ 10020bfc     jerror.obj
 0002:00003c1c       ??_C@_0P@JLCHJELA@Start?5of?5Image?$AA@ 10020c1c     jerror.obj
 0002:00003c2c       ??_C@_0BP@EDCAMHHE@?5?5?5?5Component?5?$CFd?3?5?$CFdhx?$CFdv?5q?$DN?$CFd?$AA@ 10020c2c     jerror.obj
 0002:00003c4c       ??_C@_0DK@DMINKOGN@Start?5Of?5Frame?50x?$CF02x?3?5width?$DN?$CFu?0@ 10020c4c     jerror.obj
 0002:00003c88       ??_C@_0DJ@PCBCLFML@Smoothing?5not?5supported?5with?5non@ 10020c88     jerror.obj
 0002:00003cc4       ??_C@_05LLAPAOG@RST?$CFd?$AA@ 10020cc4     jerror.obj
 0002:00003ccc       ??_C@_0CF@NIMOLBCP@At?5marker?50x?$CF02x?0?5recovery?5actio@ 10020ccc     jerror.obj
 0002:00003cf4       ??_C@_0CE@FDPBEAOO@Selected?5?$CFd?5colors?5for?5quantizat@ 10020cf4     jerror.obj
 0002:00003d18       ??_C@_0BI@NEIBNACE@Quantizing?5to?5?$CFd?5colors?$AA@ 10020d18     jerror.obj
 0002:00003d30       ??_C@_0CD@CNNAOOFA@Quantizing?5to?5?$CFd?5?$DN?5?$CFd?$CK?$CFd?$CK?$CFd?5colo@ 10020d30     jerror.obj
 0002:00003d54       ??_C@_0CI@GHPOCOCL@?5?5?5?5?5?5?5?5?$CF4u?5?$CF4u?5?$CF4u?5?$CF4u?5?$CF4u?5?$CF4u?5@ 10020d54     jerror.obj
 0002:00003d7c       ??_C@_0BJ@COPODLDN@Unexpected?5marker?50x?$CF02x?$AA@ 10020d7c     jerror.obj
 0002:00003d98       ??_C@_0CH@EHHJCMGA@Miscellaneous?5marker?50x?$CF02x?0?5len@ 10020d98     jerror.obj
 0002:00003dc0       ??_C@_0CB@BADBMAAB@?5?5?5?5with?5?$CFd?5x?5?$CFd?5thumbnail?5image@ 10020dc0     jerror.obj
 0002:00003de4       ??_C@_0CO@KKPHGHBA@JFIF?5extension?5marker?3?5type?50x?$CF0@ 10020de4     jerror.obj
 0002:00003e14       ??_C@_0DM@JLHNPIBE@Warning?3?5thumbnail?5image?5size?5do@ 10020e14     jerror.obj
 0002:00003e50       ??_C@_0DF@LOKNABIG@JFIF?5APP0?5marker?3?5version?5?$CFd?4?$CF02@ 10020e50     jerror.obj
 0002:00003e88       ??_C@_0CI@FKGPAJC@?5?5?5?5?5?5?5?5?$CF3d?5?$CF3d?5?$CF3d?5?$CF3d?5?$CF3d?5?$CF3d?5@ 10020e88     jerror.obj
 0002:00003eb0       ??_C@_0N@HJHFKELG@End?5Of?5Image?$AA@ 10020eb0     jerror.obj
 0002:00003ec0       ??_C@_0BH@GIPOLIGC@Obtained?5EMS?5handle?5?$CFu?$AA@ 10020ec0     jerror.obj
 0002:00003ed8       ??_C@_0BE@IPCOOGDJ@Freed?5EMS?5handle?5?$CFu?$AA@ 10020ed8     jerror.obj
 0002:00003eec       ??_C@_0BL@EMFIKBEK@Define?5Restart?5Interval?5?$CFu?$AA@ 10020eec     jerror.obj
 0002:00003f08       ??_C@_0CL@KLDOJIKN@Define?5Quantization?5Table?5?$CFd?5?5pr@ 10020f08     jerror.obj
 0002:00003f34       ??_C@_0BM@MDIEILCE@Define?5Huffman?5Table?50x?$CF02x?$AA@ 10020f34     jerror.obj
 0002:00003f50       ??_C@_0CH@KIJGKPAA@Define?5Arithmetic?5Table?50x?$CF02x?3?5@ 10020f50     jerror.obj
 0002:00003f78       ??_C@_0CM@CAEPHFAA@Unknown?5APP14?5marker?5?$CInot?5Adobe?$CJ@ 10020f78     jerror.obj
 0002:00003fa4       ??_C@_0CK@HCPFFNKJ@Unknown?5APP0?5marker?5?$CInot?5JFIF?$CJ?0?5@ 10020fa4     jerror.obj
 0002:00003fd0       ??_C@_0EC@EHPKAOHA@Adobe?5APP14?5marker?3?5version?5?$CFd?0?5@ 10020fd0     jerror.obj
 0002:00004014       ??_C@_0DO@EGLODMBB@Caution?3?5quantization?5tables?5are@ 10021014     jerror.obj
 0002:00004054       ??_C@_0BA@LIJBPGPA@6b?5?527?9Mar?91998?$AA@ 10021054     jerror.obj
 0002:00004064       ??_C@_0CD@IMBKIDCD@Copyright?5?$CIC?$CJ?51998?0?5Thomas?5G?4?5La@ 10021064     jerror.obj
 0002:00004088       ??_C@_0BE@FDPDCBIN@Write?5to?5XMS?5failed?$AA@ 10021088     jerror.obj
 0002:0000409c       ??_C@_0BF@EKLGFGNM@Read?5from?5XMS?5failed?$AA@ 1002109c     jerror.obj
 0002:000040b4       ??_C@_0CH@LJLHCCHC@Image?5too?5wide?5for?5this?5implemen@ 100210b4     jerror.obj
 0002:000040dc       ??_C@_0CD@GCLFJCHC@Virtual?5array?5controller?5messed?5@ 100210dc     jerror.obj
 0002:00004100       ??_C@_0BP@BPKOBOIP@Unsupported?5marker?5type?50x?$CF02x?$AA@ 10021100     jerror.obj
 0002:00004120       ??_C@_0CK@EPADOAKC@Application?5transferred?5too?5few?5@ 10021120     jerror.obj
 0002:0000414c       ??_C@_0DG@KALDLIJB@Write?5failed?5on?5temporary?5file?5?9@ 1002114c     jerror.obj
 0002:00004184       ??_C@_0BO@GOBJOAAI@Seek?5failed?5on?5temporary?5file?$AA@ 10021184     jerror.obj
 0002:000041a4       ??_C@_0BO@EEPJGHHI@Read?5failed?5on?5temporary?5file?$AA@ 100211a4     jerror.obj
 0002:000041c4       ??_C@_0CD@POKNOPOF@Failed?5to?5create?5temporary?5file?5@ 100211c4     jerror.obj
 0002:000041e8       ??_C@_0CM@HONLBDPH@Invalid?5JPEG?5file?5structure?3?5SOS@ 100211e8     jerror.obj
 0002:00004214       ??_C@_0CN@HGJCMLNE@Invalid?5JPEG?5file?5structure?3?5two@ 10021214     jerror.obj
 0002:00004244       ??_C@_0CK@HMKECJK@Unsupported?5JPEG?5process?3?5SOF?5ty@ 10021244     jerror.obj
 0002:00004270       ??_C@_0DA@GJIJGINK@Invalid?5JPEG?5file?5structure?3?5mis@ 10021270     jerror.obj
 0002:000042a0       ??_C@_0CN@IHJJJAFJ@Invalid?5JPEG?5file?5structure?3?5two@ 100212a0     jerror.obj
 0002:000042d0       ??_C@_0CH@NHMNHHIB@Cannot?5quantize?5to?5more?5than?5?$CFd?5@ 100212d0     jerror.obj
 0002:000042f8       ??_C@_0CI@PLMPLCNO@Cannot?5quantize?5to?5fewer?5than?5?$CFd@ 100212f8     jerror.obj
 0002:00004320       ??_C@_0CO@HPDBAEEA@Cannot?5quantize?5more?5than?5?$CFd?5col@ 10021320     jerror.obj
 0002:00004350       ??_C@_0BO@DJPLELIB@Insufficient?5memory?5?$CIcase?5?$CFd?$CJ?$AA@ 10021350     jerror.obj
 0002:00004370       ??_C@_0CL@GNLFDFCL@Not?5a?5JPEG?5file?3?5starts?5with?50x?$CF@ 10021370     jerror.obj
 0002:0000439c       ??_C@_0CK@CCHKIENB@Quantization?5table?50x?$CF02x?5was?5no@ 1002139c     jerror.obj
 0002:000043c8       ??_C@_0CC@BKPLBDLJ@JPEG?5datastream?5contains?5no?5imag@ 100213c8     jerror.obj
 0002:000043ec       ??_C@_0CF@BKANFCCL@Huffman?5table?50x?$CF02x?5was?5not?5def@ 100213ec     jerror.obj
 0002:00004414       ??_C@_0BM@HJHFKLAF@Backing?5store?5not?5supported?$AA@ 10021414     jerror.obj
 0002:00004430       ??_C@_0CO@BEHINNOI@Requested?5feature?5was?5omitted?5at@ 10021430     jerror.obj
 0002:00004460       ??_C@_0BE@EOAAHHJ@Not?5implemented?5yet?$AA@ 10021460     jerror.obj
 0002:00004474       ??_C@_0CH@EFBBPPCK@Invalid?5color?5quantization?5mode?5@ 10021474     jerror.obj
 0002:0000449c       ??_C@_0CH@NIBDNILP@Scan?5script?5does?5not?5transmit?5al@ 1002149c     jerror.obj
 0002:000044c4       ??_C@_0DO@OPNPKGO@Cannot?5transcode?5due?5to?5multiple@ 100214c4     jerror.obj
 0002:00004504       ??_C@_0BM@KEKMMNGA@Premature?5end?5of?5input?5file?$AA@ 10021504     jerror.obj
 0002:00004520       ??_C@_0BB@JJAIKFBB@Empty?5input?5file?$AA@ 10021520     jerror.obj
 0002:00004534       ??_C@_0CP@EKFPGPNP@Maximum?5supported?5image?5dimensio@ 10021534     jerror.obj
 0002:00004564       ??_C@_0CB@LFBMFPHI@Missing?5Huffman?5code?5table?5entry@ 10021564     jerror.obj
 0002:00004588       ??_C@_0CB@LLDOGNPJ@Huffman?5code?5size?5table?5overflow@ 10021588     jerror.obj
 0002:000045ac       ??_C@_0CI@EKDDDHFF@Fractional?5sampling?5not?5implemen@ 100215ac     jerror.obj
 0002:000045d4       ??_C@_0CP@IDOBLGGD@Output?5file?5write?5error?5?9?9?9?5out?5@ 100215d4     jerror.obj
 0002:00004604       ??_C@_0BG@BALCKDNL@Input?5file?5read?5error?$AA@ 10021604     jerror.obj
 0002:0000461c       ??_C@_0CB@DMGINPNE@Didn?8t?5expect?5more?5than?5one?5scan@ 1002161c     jerror.obj
 0002:00004640       ??_C@_0BE@DGJBKIEB@Write?5to?5EMS?5failed?$AA@ 10021640     jerror.obj
 0002:00004654       ??_C@_0BF@CPNENPBA@Read?5from?5EMS?5failed?$AA@ 10021654     jerror.obj
 0002:0000466c       ??_C@_0CF@DAGGEAPM@Empty?5JPEG?5image?5?$CIDNL?5not?5suppor@ 1002166c     jerror.obj
 0002:00004694       ??_C@_0BD@DIMECAOP@Bogus?5DQT?5index?5?$CFd?$AA@ 10021694     jerror.obj
 0002:000046a8       ??_C@_0BD@KJHFPHIC@Bogus?5DHT?5index?5?$CFd?$AA@ 100216a8     jerror.obj
 0002:000046bc       ??_C@_0BF@CLIOOJFM@Bogus?5DAC?5value?50x?$CFx?$AA@ 100216bc     jerror.obj
 0002:000046d4       ??_C@_0BD@LDBBBMFL@Bogus?5DAC?5index?5?$CFd?$AA@ 100216d4     jerror.obj
 0002:000046e8       ??_C@_0CF@JDLOPNGO@Unsupported?5color?5conversion?5req@ 100216e8     jerror.obj
 0002:00004710       ??_C@_0CG@BEBDNOCG@Too?5many?5color?5components?3?5?$CFd?0?5m@ 10021710     jerror.obj
 0002:00004738       ??_C@_0CF@LAEFHNAH@CCIR601?5sampling?5not?5implemented@ 10021738     jerror.obj
 0002:00004760       ??_C@_0BM@PKHCPJDH@Suspension?5not?5allowed?5here?$AA@ 10021760     jerror.obj
 0002:0000477c       ??_C@_0CL@JKHIPJLJ@Buffer?5passed?5to?5JPEG?5library?5is@ 1002177c     jerror.obj
 0002:000047a8       ??_C@_0BL@CBOEEPLK@Bogus?5virtual?5array?5access?$AA@ 100217a8     jerror.obj
 0002:000047c8       ??_C@_0EN@DKAEGIBH@JPEG?5parameter?5struct?5mismatch?3?5@ 100217c8     jerror.obj
 0002:00004818       ??_C@_0CK@BAMFIBMM@Improper?5call?5to?5JPEG?5library?5in@ 10021818     jerror.obj
 0002:00004844       ??_C@_0CA@MJDDICLK@Invalid?5scan?5script?5at?5entry?5?$CFd?$AA@ 10021844     jerror.obj
 0002:00004864       ??_C@_0BH@HMMHPOPE@Bogus?5sampling?5factors?$AA@ 10021864     jerror.obj
 0002:0000487c       ??_C@_0DH@HIKEGPKP@Invalid?5progressive?5parameters?5a@ 1002187c     jerror.obj
 0002:000048b4       ??_C@_0DH@LNGGEGOL@Invalid?5progressive?5parameters?5S@ 100218b4     jerror.obj
 0002:000048ec       ??_C@_0CD@LDBDNLHK@Unsupported?5JPEG?5data?5precision?5@ 100218ec     jerror.obj
 0002:00004910       ??_C@_0BM@OEMICEFD@Invalid?5memory?5pool?5code?5?$CFd?$AA@ 10021910     jerror.obj
 0002:0000492c       ??_C@_0DA@HLEOHNPA@Sampling?5factors?5too?5large?5for?5i@ 1002192c     jerror.obj
 0002:0000495c       ??_C@_0DN@ELFKFKL@Wrong?5JPEG?5library?5version?3?5libr@ 1002195c     jerror.obj
 0002:0000499c       ??_C@_0BE@OGLAEMOG@Bogus?5marker?5length?$AA@ 1002199c     jerror.obj
 0002:000049b0       ??_C@_0BG@NEGIHEMC@Bogus?5JPEG?5colorspace?$AA@ 100219b0     jerror.obj
 0002:000049c8       ??_C@_0BH@BGDIGLHC@Bogus?5input?5colorspace?$AA@ 100219c8     jerror.obj
 0002:000049e0       ??_C@_0BP@EOFJNLFD@Bogus?5Huffman?5table?5definition?$AA@ 100219e0     jerror.obj
 0002:00004a00       ??_C@_0CI@MBJANLAP@IDCT?5output?5block?5size?5?$CFd?5not?5su@ 10021a00     jerror.obj
 0002:00004a28       ??_C@_0BN@OJEJKKDL@DCT?5coefficient?5out?5of?5range?$AA@ 10021a28     jerror.obj
 0002:00004a48       ??_C@_0BP@ONFLCDHG@Invalid?5component?5ID?5?$CFd?5in?5SOS?$AA@ 10021a48     jerror.obj
 0002:00004a68       ??_C@_0BK@DKALDNKG@Bogus?5buffer?5control?5mode?$AA@ 10021a68     jerror.obj
 0002:00004a84       ??_C@_0CF@DENLILGA@MAX_ALLOC_CHUNK?5is?5wrong?0?5please@ 10021a84     jerror.obj
 0002:00004aac       ??_C@_0CA@FDMPGPNI@ALIGN_TYPE?5is?5wrong?0?5please?5fix?$AA@ 10021aac     jerror.obj
 0002:00004acc       ??_C@_0DJ@KONAFFHE@Sorry?0?5there?5are?5legal?5restricti@ 10021acc     jerror.obj
 0002:00004b08       ??_C@_0BG@MIBALFBH@Bogus?5message?5code?5?$CFd?$AA@ 10021b08     jerror.obj
 0002:00004b20       ??_C@_03OFAPEBGM@?$CFs?6?$AA@ 10021b20     jerror.obj
 0002:00004b24       __real@3f8a8bd4            10021b24     jidctflt.obj
 0002:00004b28       __real@40273d75            10021b28     jidctflt.obj
 0002:00004b2c       __real@3fec835e            10021b2c     jidctflt.obj
 0002:00004b30       __real@3fb504f3            10021b30     jidctflt.obj
 0002:00004b44       ??_C@_05IBIMIMKO@?$CFld?$CFc?$AA@ 10021b44     jmemmgr.obj
 0002:00004b4c       ??_C@_07OOOLPGAB@JPEGMEM?$AA@ 10021b4c     jmemmgr.obj
 0002:00004c68       _jZAGTable                 10021c68     jutils.obj
 0002:00005250       __load_config_used         10022250     MSVCRT:loadcfg.obj
 0002:00005300       ___safe_se_handler_table   10022300     <linker-defined>
 0002:00005304       ___rtc_iaa                 10022304     MSVCRT:initsect.obj
 0002:00005308       ___rtc_izz                 10022308     MSVCRT:initsect.obj
 0002:0000530c       ___rtc_taa                 1002230c     MSVCRT:initsect.obj
 0002:00005310       ___rtc_tzz                 10022310     MSVCRT:initsect.obj
 0002:00005314       __IMPORT_DESCRIPTOR_KERNEL32 10022314     kernel32:KERNEL32.dll
 0002:00005328       __IMPORT_DESCRIPTOR_USER32 10022328     user32:USER32.dll
 0002:0000533c       __IMPORT_DESCRIPTOR_GDI32  1002233c     gdi32:GDI32.dll
 0002:00005350       __IMPORT_DESCRIPTOR_MSVCR71 10022350     MSVCRT:MSVCR71.dll
 0002:00005364       __NULL_IMPORT_DESCRIPTOR   10022364     kernel32:KERNEL32.dll
 0003:00000000       ___xc_a                    10023000     MSVCRT:cinitexe.obj
 0003:00000004       ___xc_z                    10023004     MSVCRT:cinitexe.obj
 0003:00000008       ___xi_a                    10023008     MSVCRT:cinitexe.obj
 0003:0000000c       ___xi_z                    1002300c     MSVCRT:cinitexe.obj
 0003:00001158       _inflate_mask              10024158     infutil.obj
 0003:000011d8       _z_errmsg                  100241d8     zutil.obj
 0003:00001200       ___security_cookie         10024200     MSVCRT:seccook.obj
 0003:00003f7c       _splashIsVisible           10026f7c     splashscreen_impl.obj
 0003:00003f88       __GifError                 10026f88     gif_err.obj
 0003:00003f90       __adjust_fdiv              10026f90     <common>
 0003:00003f94       ___onexitend               10026f94     <common>
 0003:00003f98       ___onexitbegin             10026f98     <common>
 0003:00003f9c       __pRawDllMain              10026f9c     <common>

 entry point at        0001:0001b3e3

 Static symbols

 0001:000016f1       _readFile                  100026f1 f   splashscreen_impl.obj
 0001:0000170c       _peekFile                  1000270c f   splashscreen_impl.obj
 0001:00001735       _closeFile                 10002735 f   splashscreen_impl.obj
 0001:00001744       _readMem                   10002744 f   splashscreen_impl.obj
 0001:0000177a       _peekMem                   1000277a f   splashscreen_impl.obj
 0001:000017f0       _SplashLoadStream          100027f0 f   splashscreen_impl.obj
 0001:00001903       _stream_init_source        10002903 f   splashscreen_jpeg.obj
 0001:00001912       _stream_fill_input_buffer  10002912 f   splashscreen_jpeg.obj
 0001:0000197a       _stream_skip_input_data    1000297a f   splashscreen_jpeg.obj
 0001:000019a9       _set_stream_src            100029a9 f   splashscreen_jpeg.obj
 0001:00001c0a       _my_error_exit             10002c0a f   splashscreen_jpeg.obj
 0001:00002894       _SplashWndProc@16          10003894 f   splashscreen_sys.obj
 0001:00003165       _png_format_buffer         10004165 f   pngerror.obj
 0001:000031f1       _png_default_error         100041f1 f   pngerror.obj
 0001:0000327e       _png_default_warning       1000427e f   pngerror.obj
 0001:0000ca85       _DGifGetWord               1000da85 f   dgif_lib.obj
 0001:0000cb88       _DGifSetupDecompress       1000db88 f   dgif_lib.obj
 0001:0000cc13       _DGifGetPrefixChar         1000dc13 f   dgif_lib.obj
 0001:0000cc30       _DGifBufferedInput         1000dc30 f   dgif_lib.obj
 0001:0000d0ae       _DGifDecompressInput       1000e0ae f   dgif_lib.obj
 0001:0000d233       _DGifDecompressLine        1000e233 f   dgif_lib.obj
 0001:0000d776       _flush_pending             1000e776 f   deflate.obj
 0001:0000d7c3       _longest_match             1000e7c3 f   deflate.obj
 0001:0000d90b       _fill_window               1000e90b f   deflate.obj
 0001:0000da5f       _deflate_stored            1000ea5f f   deflate.obj
 0001:0000db87       _deflate_fast              1000eb87 f   deflate.obj
 0001:0000de37       _deflate_slow              1000ee37 f   deflate.obj
 0001:0000f7a8       _huft_build                100107a8 f   inftrees.obj
 0001:0000fdca       _init_block                10010dca f   trees.obj
 0001:0000fe28       _pqdownheap                10010e28 f   trees.obj
 0001:0000fed8       _gen_bitlen                10010ed8 f   trees.obj
 0001:00010090       _scan_tree                 10011090 f   trees.obj
 0001:0001014c       _send_tree                 1001114c f   trees.obj
 0001:000105e9       _send_all_trees            100115e9 f   trees.obj
 0001:00010822       _compress_block            10011822 f   trees.obj
 0001:00010bd4       _set_data_type             10011bd4 f   trees.obj
 0001:00010c29       _bi_windup                 10011c29 f   trees.obj
 0001:00010c80       _copy_block                10011c80 f   trees.obj
 0001:00010cf8       _gen_codes                 10011cf8 f   trees.obj
 0001:00010d66       _build_tree                10011d66 f   trees.obj
 0001:00010f4b       _build_bl_tree             10011f4b f   trees.obj
 0001:00011566       _default_decompress_parms  10012566 f   jdapimin.obj
 0001:0001186e       _output_pass_setup         1001286e f   jdapistd.obj
 0001:00011a6b       _start_iMCU_row            10012a6b f   jdcoefct.obj
 0001:00011aaa       _start_input_pass          10012aaa f   jdcoefct.obj
 0001:00011aba       _decompress_onepass        10012aba f   jdcoefct.obj
 0001:00011c94       _consume_data              10012c94 f   jdcoefct.obj
 0001:00011e33       _decompress_data           10012e33 f   jdcoefct.obj
 0001:00011f9c       _smoothing_ok              10012f9c f   jdcoefct.obj
 0001:00012082       _decompress_smooth_data    10013082 f   jdcoefct.obj
 0001:000125a3       _start_output_pass         100135a3 f   jdcoefct.obj
 0001:000126d5       _build_ycc_rgb_table       100136d5 f   jdcolor.obj
 0001:00012785       _ycc_rgb_convert           10013785 f   jdcolor.obj
 0001:00012891       _null_convert              10013891 f   jdcolor.obj
 0001:000128fc       _grayscale_convert         100138fc f   jdcolor.obj
 0001:0001291f       _gray_rgb_convert          1001391f f   jdcolor.obj
 0001:00012976       _ycck_cmyk_convert         10013976 f   jdcolor.obj
 0001:00012bda       _start_pass                10013bda f   jddctmgr.obj
 0001:00013266       _process_restart           10014266 f   jdhuff.obj
 0001:000132c7       _decode_mcu                100142c7 f   jdhuff.obj
 0001:00013662       _start_pass_huff_decoder   10014662 f   jdhuff.obj
 0001:000137c7       _initial_setup             100147c7 f   jdinput.obj
 0001:0001398c       _per_scan_setup            1001498c f   jdinput.obj
 0001:00013b02       _latch_quant_tables        10014b02 f   jdinput.obj
 0001:00013b96       _start_input_pass          10014b96 f   jdinput.obj
 0001:00013bcc       _consume_markers           10014bcc f   jdinput.obj
 0001:00013c65       _reset_input_controller    10014c65 f   jdinput.obj
 0001:00013c9f       _finish_input_pass         10014c9f f   jdinput.obj
 0001:00013cf4       _alloc_funny_pointers      10014cf4 f   jdmainct.obj
 0001:00013d9c       _make_funny_pointers       10014d9c f   jdmainct.obj
 0001:00013ecd       _set_wraparound_pointers   10014ecd f   jdmainct.obj
 0001:00013fa1       _set_bottom_pointers       10014fa1 f   jdmainct.obj
 0001:00014037       _process_data_simple_main  10015037 f   jdmainct.obj
 0001:000140a2       _process_data_context_main 100150a2 f   jdmainct.obj
 0001:000141ad       _process_data_crank_post   100151ad f   jdmainct.obj
 0001:000141d0       _start_pass_main           100151d0 f   jdmainct.obj
 0001:00014309       _get_soi                   10015309 f   jdmarker.obj
 0001:000143a4       _get_sof                   100153a4 f   jdmarker.obj
 0001:000146ae       _get_sos                   100156ae f   jdmarker.obj
 0001:00014964       _get_dht                   10015964 f   jdmarker.obj
 0001:00014c01       _get_dqt                   10015c01 f   jdmarker.obj
 0001:00014e40       _get_dri                   10015e40 f   jdmarker.obj
 0001:00014f18       _examine_app0              10015f18 f   jdmarker.obj
 0001:00015115       _examine_app14             10016115 f   jdmarker.obj
 0001:000151ca       _get_interesting_appn      100161ca f   jdmarker.obj
 0001:000152f9       _save_marker               100162f9 f   jdmarker.obj
 0001:00015547       _skip_variable             10016547 f   jdmarker.obj
 0001:000155eb       _next_marker               100165eb f   jdmarker.obj
 0001:000156c3       _first_marker              100166c3 f   jdmarker.obj
 0001:0001575b       _read_markers              1001675b f   jdmarker.obj
 0001:0001594d       _read_restart_marker       1001694d f   jdmarker.obj
 0001:00015abc       _reset_marker_reader       10016abc f   jdmarker.obj
 0001:00015b54       _use_merged_upsample       10016b54 f   jdmaster.obj
 0001:00015dba       _prepare_range_limit_table 10016dba f   jdmaster.obj
 0001:00015e3a       _master_selection          10016e3a f   jdmaster.obj
 0001:00015fe2       _prepare_for_output_pass   10016fe2 f   jdmaster.obj
 0001:00016112       _finish_output_pass        10017112 f   jdmaster.obj
 0001:00016164       _build_ycc_rgb_table       10017164 f   jdmerge.obj
 0001:00016214       _start_pass_merged_upsample 10017214 f   jdmerge.obj
 0001:00016229       _merged_2v_upsample        10017229 f   jdmerge.obj
 0001:000162cf       _merged_1v_upsample        100172cf f   jdmerge.obj
 0001:00016300       _h2v1_merged_upsample      10017300 f   jdmerge.obj
 0001:00016456       _h2v2_merged_upsample      10017456 f   jdmerge.obj
 0001:000166b1       _process_restart           100176b1 f   jdphuff.obj
 0001:00016715       _decode_mcu_DC_first       10017715 f   jdphuff.obj
 0001:00016905       _decode_mcu_AC_first       10017905 f   jdphuff.obj
 0001:00016b24       _decode_mcu_DC_refine      10017b24 f   jdphuff.obj
 0001:00016bef       _decode_mcu_AC_refine      10017bef f   jdphuff.obj
 0001:00016f50       _start_pass_phuff_decoder  10017f50 f   jdphuff.obj
 0001:000171e8       _post_process_1pass        100181e8 f   jdpostct.obj
 0001:0001724d       _post_process_prepass      1001824d f   jdpostct.obj
 0001:000172dd       _post_process_2pass        100182dd f   jdpostct.obj
 0001:00017369       _start_pass_dpost          10018369 f   jdpostct.obj
 0001:00017492       _start_pass_upsample       10018492 f   jdsample.obj
 0001:000174ac       _sep_upsample              100184ac f   jdsample.obj
 0001:00017572       _fullsize_upsample         10018572 f   jdsample.obj
 0001:0001757d       _noop_upsample             1001857d f   jdsample.obj
 0001:00017585       _int_upsample              10018585 f   jdsample.obj
 0001:00017662       _h2v1_upsample             10018662 f   jdsample.obj
 0001:000176b9       _h2v2_upsample             100186b9 f   jdsample.obj
 0001:00017723       _h2v1_fancy_upsample       10018723 f   jdsample.obj
 0001:000177c7       _h2v2_fancy_upsample       100187c7 f   jdsample.obj
 0001:00017a8d       _error_exit                10018a8d f   jerror.obj
 0001:00017aa2       _output_message            10018aa2 f   jerror.obj
 0001:00017adb       _emit_message              10018adb f   jerror.obj
 0001:00017b0c       _format_message            10018b0c f   jerror.obj
 0001:00017b14       _reset_error_mgr           10018b14 f   jerror.obj
 0001:00018c92       _out_of_memory             10019c92 f   jmemmgr.obj
 0001:00018ca7       _alloc_small               10019ca7 f   jmemmgr.obj
 0001:00018da3       _alloc_large               10019da3 f   jmemmgr.obj
 0001:00018e31       _alloc_sarray              10019e31 f   jmemmgr.obj
 0001:00018ec3       _alloc_barray              10019ec3 f   jmemmgr.obj
 0001:00018f61       _request_virt_sarray       10019f61 f   jmemmgr.obj
 0001:00018fc5       _request_virt_barray       10019fc5 f   jmemmgr.obj
 0001:00019029       _realize_virt_arrays       1001a029 f   jmemmgr.obj
 0001:000191ac       _do_sarray_io              1001a1ac f   jmemmgr.obj
 0001:00019234       _do_barray_io              1001a234 f   jmemmgr.obj
 0001:000192bf       _access_virt_sarray        1001a2bf f   jmemmgr.obj
 0001:000193df       _access_virt_barray        1001a3df f   jmemmgr.obj
 0001:000194fa       _free_pool                 1001a4fa f   jmemmgr.obj
 0001:000195da       _self_destruct             1001a5da f   jmemmgr.obj
 0001:00019750       _dummy_consume_data        1001a750 f   jmemnobs.obj
 0001:00019753       _select_ncolors            1001a753 f   jquant1.obj
 0001:00019821       _create_colormap           1001a821 f   jquant1.obj
 0001:0001994e       _create_colorindex         1001a94e f   jquant1.obj
 0001:00019a79       _create_odither_tables     1001aa79 f   jquant1.obj
 0001:00019b3e       _color_quantize            1001ab3e f   jquant1.obj
 0001:00019bc6       _color_quantize3           1001abc6 f   jquant1.obj
 0001:00019c53       _quantize_ord_dither       1001ac53 f   jquant1.obj
 0001:00019d3e       _quantize3_ord_dither      1001ad3e f   jquant1.obj
 0001:00019e3d       _quantize_fs_dither        1001ae3d f   jquant1.obj
 0001:00019fc0       _alloc_fs_workspace        1001afc0 f   jquant1.obj
 0001:00019ff6       _start_pass_1_quant        1001aff6 f   jquant1.obj
 0001:0001a0c4       _new_color_map_1_quant     1001b0c4 f   jquant1.obj
 0001:0001a15f       _prescan_quantize          1001b15f f   jquant2.obj
 0001:0001a1cb       _update_box                1001b1cb f   jquant2.obj
 0001:0001a503       _median_cut                1001b503 f   jquant2.obj
 0001:0001a656       _compute_color             1001b656 f   jquant2.obj
 0001:0001a797       _select_colors             1001b797 f   jquant2.obj
 0001:0001a827       _find_nearby_colors        1001b827 f   jquant2.obj
 0001:0001a9ad       _find_best_colors          1001b9ad f   jquant2.obj
 0001:0001aaca       _fill_inverse_cmap         1001baca f   jquant2.obj
 0001:0001ab9a       _pass2_no_dither           1001bb9a f   jquant2.obj
 0001:0001ac43       _pass2_fs_dither           1001bc43 f   jquant2.obj
 0001:0001aeb2       _init_error_limit          1001beb2 f   jquant2.obj
 0001:0001af42       _finish_pass1              1001bf42 f   jquant2.obj
 0001:0001af6a       _finish_pass2              1001bf6a f   jquant2.obj
 0001:0001af6a       _start_pass_dcolor         1001bf6a f   jquant2.obj
 0001:0001af6a       _closeMem                  1001bf6a f   jquant2.obj
 0001:0001af6a       _stream_term_source        1001bf6a f   jquant2.obj
 0001:0001af6a       _finish_pass_1_quant       1001bf6a f   jquant2.obj
 0001:0001af6b       _start_pass_2_quant        1001bf6b f   jquant2.obj
 0001:0001b072       _new_color_map_2_quant     1001c072 f   jquant2.obj
